<?xml version="1.0" encoding="ISO-8859-1" ?>
<link_info>
   <banner>TMS320C2000 Linker PC v20.2.2.LTS</banner>
   <copyright>Copyright (c) 1996-2018 Texas Instruments Incorporated</copyright>
   <link_time>0x60ab3615</link_time>
   <link_errors>0x0</link_errors>
   <output_file>DiagnosysUps_CPU02.out</output_file>
   <entry_point>
      <name>code_start</name>
      <address>0x80000</address>
   </entry_point>
   <input_file_list>
      <input_file id="fl-2">
         <path>.\</path>
         <kind>object</kind>
         <file>CpuTimer1_2.obj</file>
         <name>CpuTimer1_2.obj</name>
      </input_file>
      <input_file id="fl-3">
         <path>.\</path>
         <kind>object</kind>
         <file>DiagnosysUps_CPU02.obj</file>
         <name>DiagnosysUps_CPU02.obj</name>
      </input_file>
      <input_file id="fl-4">
         <path>.\syscfg\</path>
         <kind>object</kind>
         <file>board.obj</file>
         <name>board.obj</name>
      </input_file>
      <input_file id="fl-5">
         <path>.\</path>
         <kind>object</kind>
         <file>F2837xD_GlobalVariableDefs.obj</file>
         <name>F2837xD_GlobalVariableDefs.obj</name>
      </input_file>
      <input_file id="fl-6">
         <path>.\</path>
         <kind>object</kind>
         <file>F2837xD_SysCtrl.obj</file>
         <name>F2837xD_SysCtrl.obj</name>
      </input_file>
      <input_file id="fl-7">
         <path>.\</path>
         <kind>object</kind>
         <file>SerialCommandUI.obj</file>
         <name>SerialCommandUI.obj</name>
      </input_file>
      <input_file id="fl-8">
         <path>.\</path>
         <kind>object</kind>
         <file>USE_EPWM3.obj</file>
         <name>USE_EPWM3.obj</name>
      </input_file>
      <input_file id="fl-9">
         <path>.\</path>
         <kind>object</kind>
         <file>cmdline.obj</file>
         <name>cmdline.obj</name>
      </input_file>
      <input_file id="fl-a">
         <path>.\</path>
         <kind>object</kind>
         <file>cpuFlashMemory.obj</file>
         <name>cpuFlashMemory.obj</name>
      </input_file>
      <input_file id="fl-b">
         <path>.\</path>
         <kind>object</kind>
         <file>ftoa.obj</file>
         <name>ftoa.obj</name>
      </input_file>
      <input_file id="fl-c">
         <path>.\</path>
         <kind>object</kind>
         <file>mmc_f2837xd.obj</file>
         <name>mmc_f2837xd.obj</name>
      </input_file>
      <input_file id="fl-d">
         <path>.\</path>
         <kind>object</kind>
         <file>scistdio.obj</file>
         <name>scistdio.obj</name>
      </input_file>
      <input_file id="fl-e">
         <path>.\device\</path>
         <kind>object</kind>
         <file>F2837xD_CodeStartBranch.obj</file>
         <name>F2837xD_CodeStartBranch.obj</name>
      </input_file>
      <input_file id="fl-f">
         <path>.\device\</path>
         <kind>object</kind>
         <file>device.obj</file>
         <name>device.obj</name>
      </input_file>
      <input_file id="fl-10">
         <path>.\fatfs\src\</path>
         <kind>object</kind>
         <file>ff.obj</file>
         <name>ff.obj</name>
      </input_file>
      <input_file id="fl-17">
         <kind>object</kind>
         <file>&lt;internal&gt;</file>
         <name>&lt;internal&gt;</name>
      </input_file>
      <input_file id="fl-1b">
         <path>C:\ti\C2000Ware_3_04_00_00_Software\driverlib\f2837xd\driverlib\ccs\Debug\</path>
         <kind>archive</kind>
         <file>driverlib_eabi.lib</file>
         <name>cputimer.obj</name>
      </input_file>
      <input_file id="fl-1c">
         <path>C:\ti\C2000Ware_3_04_00_00_Software\driverlib\f2837xd\driverlib\ccs\Debug\</path>
         <kind>archive</kind>
         <file>driverlib_eabi.lib</file>
         <name>epwm.obj</name>
      </input_file>
      <input_file id="fl-1d">
         <path>C:\ti\C2000Ware_3_04_00_00_Software\driverlib\f2837xd\driverlib\ccs\Debug\</path>
         <kind>archive</kind>
         <file>driverlib_eabi.lib</file>
         <name>flash.obj</name>
      </input_file>
      <input_file id="fl-1e">
         <path>C:\ti\C2000Ware_3_04_00_00_Software\driverlib\f2837xd\driverlib\ccs\Debug\</path>
         <kind>archive</kind>
         <file>driverlib_eabi.lib</file>
         <name>gpio.obj</name>
      </input_file>
      <input_file id="fl-1f">
         <path>C:\ti\C2000Ware_3_04_00_00_Software\driverlib\f2837xd\driverlib\ccs\Debug\</path>
         <kind>archive</kind>
         <file>driverlib_eabi.lib</file>
         <name>interrupt.obj</name>
      </input_file>
      <input_file id="fl-20">
         <path>C:\ti\C2000Ware_3_04_00_00_Software\driverlib\f2837xd\driverlib\ccs\Debug\</path>
         <kind>archive</kind>
         <file>driverlib_eabi.lib</file>
         <name>memcfg.obj</name>
      </input_file>
      <input_file id="fl-21">
         <path>C:\ti\C2000Ware_3_04_00_00_Software\driverlib\f2837xd\driverlib\ccs\Debug\</path>
         <kind>archive</kind>
         <file>driverlib_eabi.lib</file>
         <name>sci.obj</name>
      </input_file>
      <input_file id="fl-22">
         <path>C:\ti\C2000Ware_3_04_00_00_Software\driverlib\f2837xd\driverlib\ccs\Debug\</path>
         <kind>archive</kind>
         <file>driverlib_eabi.lib</file>
         <name>spi.obj</name>
      </input_file>
      <input_file id="fl-23">
         <path>C:\ti\C2000Ware_3_04_00_00_Software\driverlib\f2837xd\driverlib\ccs\Debug\</path>
         <kind>archive</kind>
         <file>driverlib_eabi.lib</file>
         <name>sysctl.obj</name>
      </input_file>
      <input_file id="fl-24">
         <path>C:\ti\C2000Ware_3_04_00_00_Software\libraries\flash_api\f2837xd\lib\</path>
         <kind>archive</kind>
         <file>F021_API_F2837xD_FPU32_EABI.lib</file>
         <name>Async.obj</name>
      </input_file>
      <input_file id="fl-25">
         <path>C:\ti\C2000Ware_3_04_00_00_Software\libraries\flash_api\f2837xd\lib\</path>
         <kind>archive</kind>
         <file>F021_API_F2837xD_FPU32_EABI.lib</file>
         <name>BlankCheck.obj</name>
      </input_file>
      <input_file id="fl-26">
         <path>C:\ti\C2000Ware_3_04_00_00_Software\libraries\flash_api\f2837xd\lib\</path>
         <kind>archive</kind>
         <file>F021_API_F2837xD_FPU32_EABI.lib</file>
         <name>Read.obj</name>
      </input_file>
      <input_file id="fl-27">
         <path>C:\ti\C2000Ware_3_04_00_00_Software\libraries\flash_api\f2837xd\lib\</path>
         <kind>archive</kind>
         <file>F021_API_F2837xD_FPU32_EABI.lib</file>
         <name>Verify.obj</name>
      </input_file>
      <input_file id="fl-28">
         <path>C:\ti\C2000Ware_3_04_00_00_Software\libraries\flash_api\f2837xd\lib\</path>
         <kind>archive</kind>
         <file>F021_API_F2837xD_FPU32_EABI.lib</file>
         <name>FlashStateMachine.obj</name>
      </input_file>
      <input_file id="fl-29">
         <path>C:\ti\C2000Ware_3_04_00_00_Software\libraries\flash_api\f2837xd\lib\</path>
         <kind>archive</kind>
         <file>F021_API_F2837xD_FPU32_EABI.lib</file>
         <name>Init.obj</name>
      </input_file>
      <input_file id="fl-2a">
         <path>C:\ti\C2000Ware_3_04_00_00_Software\libraries\flash_api\f2837xd\lib\</path>
         <kind>archive</kind>
         <file>F021_API_F2837xD_FPU32_EABI.lib</file>
         <name>Utilities.obj</name>
      </input_file>
      <input_file id="fl-2b">
         <path>C:\ti\C2000Ware_3_04_00_00_Software\libraries\flash_api\f2837xd\lib\</path>
         <kind>archive</kind>
         <file>F021_API_F2837xD_FPU32_EABI.lib</file>
         <name>Program.obj</name>
      </input_file>
      <input_file id="fl-2c">
         <path>C:\ti\C2000Ware_3_04_00_00_Software\libraries\flash_api\f2837xd\lib\</path>
         <kind>archive</kind>
         <file>F021_API_F2837xD_FPU32_EABI.lib</file>
         <name>Fapi_UserDefinedFunctions.obj</name>
      </input_file>
      <input_file id="fl-38">
         <path>C:\ti\ccs1020\ccs\tools\compiler\ti-cgt-c2000_20.2.2.LTS\lib\</path>
         <kind>archive</kind>
         <file>rts2800_fpu32_eabi.lib</file>
         <name>sprintf.c.obj</name>
      </input_file>
      <input_file id="fl-39">
         <path>C:\ti\ccs1020\ccs\tools\compiler\ti-cgt-c2000_20.2.2.LTS\lib\</path>
         <kind>archive</kind>
         <file>rts2800_fpu32_eabi.lib</file>
         <name>boot28.asm.obj</name>
      </input_file>
      <input_file id="fl-3a">
         <path>C:\ti\ccs1020\ccs\tools\compiler\ti-cgt-c2000_20.2.2.LTS\lib\</path>
         <kind>archive</kind>
         <file>rts2800_fpu32_eabi.lib</file>
         <name>fd_add28.asm.obj</name>
      </input_file>
      <input_file id="fl-3b">
         <path>C:\ti\ccs1020\ccs\tools\compiler\ti-cgt-c2000_20.2.2.LTS\lib\</path>
         <kind>archive</kind>
         <file>rts2800_fpu32_eabi.lib</file>
         <name>fd_mpy28.asm.obj</name>
      </input_file>
      <input_file id="fl-3c">
         <path>C:\ti\ccs1020\ccs\tools\compiler\ti-cgt-c2000_20.2.2.LTS\lib\</path>
         <kind>archive</kind>
         <file>rts2800_fpu32_eabi.lib</file>
         <name>fs_div28.asm.obj</name>
      </input_file>
      <input_file id="fl-3d">
         <path>C:\ti\ccs1020\ccs\tools\compiler\ti-cgt-c2000_20.2.2.LTS\lib\</path>
         <kind>archive</kind>
         <file>rts2800_fpu32_eabi.lib</file>
         <name>ll_cmp28.asm.obj</name>
      </input_file>
      <input_file id="fl-3e">
         <path>C:\ti\ccs1020\ccs\tools\compiler\ti-cgt-c2000_20.2.2.LTS\lib\</path>
         <kind>archive</kind>
         <file>rts2800_fpu32_eabi.lib</file>
         <name>l_div28.asm.obj</name>
      </input_file>
      <input_file id="fl-3f">
         <path>C:\ti\ccs1020\ccs\tools\compiler\ti-cgt-c2000_20.2.2.LTS\lib\</path>
         <kind>archive</kind>
         <file>rts2800_fpu32_eabi.lib</file>
         <name>fs_tofdfpu32.asm.obj</name>
      </input_file>
      <input_file id="fl-40">
         <path>C:\ti\ccs1020\ccs\tools\compiler\ti-cgt-c2000_20.2.2.LTS\lib\</path>
         <kind>archive</kind>
         <file>rts2800_fpu32_eabi.lib</file>
         <name>fd_tofsfpu32.asm.obj</name>
      </input_file>
      <input_file id="fl-41">
         <path>C:\ti\ccs1020\ccs\tools\compiler\ti-cgt-c2000_20.2.2.LTS\lib\</path>
         <kind>archive</kind>
         <file>rts2800_fpu32_eabi.lib</file>
         <name>fd_div28.asm.obj</name>
      </input_file>
      <input_file id="fl-42">
         <path>C:\ti\ccs1020\ccs\tools\compiler\ti-cgt-c2000_20.2.2.LTS\lib\</path>
         <kind>archive</kind>
         <file>rts2800_fpu32_eabi.lib</file>
         <name>memcpy.c.obj</name>
      </input_file>
      <input_file id="fl-43">
         <path>C:\ti\ccs1020\ccs\tools\compiler\ti-cgt-c2000_20.2.2.LTS\lib\</path>
         <kind>archive</kind>
         <file>rts2800_fpu32_eabi.lib</file>
         <name>pre_init.c.obj</name>
      </input_file>
      <input_file id="fl-44">
         <path>C:\ti\ccs1020\ccs\tools\compiler\ti-cgt-c2000_20.2.2.LTS\lib\</path>
         <kind>archive</kind>
         <file>rts2800_fpu32_eabi.lib</file>
         <name>autoinit.c.obj</name>
      </input_file>
      <input_file id="fl-45">
         <path>C:\ti\ccs1020\ccs\tools\compiler\ti-cgt-c2000_20.2.2.LTS\lib\</path>
         <kind>archive</kind>
         <file>rts2800_fpu32_eabi.lib</file>
         <name>copy_zero_init.c.obj</name>
      </input_file>
      <input_file id="fl-46">
         <path>C:\ti\ccs1020\ccs\tools\compiler\ti-cgt-c2000_20.2.2.LTS\lib\</path>
         <kind>archive</kind>
         <file>rts2800_fpu32_eabi.lib</file>
         <name>copy_decompress_none.c.obj</name>
      </input_file>
      <input_file id="fl-47">
         <path>C:\ti\ccs1020\ccs\tools\compiler\ti-cgt-c2000_20.2.2.LTS\lib\</path>
         <kind>archive</kind>
         <file>rts2800_fpu32_eabi.lib</file>
         <name>copy_decompress_lzss.c.obj</name>
      </input_file>
      <input_file id="fl-48">
         <path>C:\ti\ccs1020\ccs\tools\compiler\ti-cgt-c2000_20.2.2.LTS\lib\</path>
         <kind>archive</kind>
         <file>rts2800_fpu32_eabi.lib</file>
         <name>exit.c.obj</name>
      </input_file>
      <input_file id="fl-49">
         <path>C:\ti\ccs1020\ccs\tools\compiler\ti-cgt-c2000_20.2.2.LTS\lib\</path>
         <kind>archive</kind>
         <file>rts2800_fpu32_eabi.lib</file>
         <name>_lock.c.obj</name>
      </input_file>
      <input_file id="fl-4a">
         <path>C:\ti\ccs1020\ccs\tools\compiler\ti-cgt-c2000_20.2.2.LTS\lib\</path>
         <kind>archive</kind>
         <file>rts2800_fpu32_eabi.lib</file>
         <name>args_main.c.obj</name>
      </input_file>
      <input_file id="fl-4b">
         <path>C:\ti\ccs1020\ccs\tools\compiler\ti-cgt-c2000_20.2.2.LTS\lib\</path>
         <kind>archive</kind>
         <file>rts2800_fpu32_eabi.lib</file>
         <name>atoi.c.obj</name>
      </input_file>
      <input_file id="fl-4c">
         <path>C:\ti\ccs1020\ccs\tools\compiler\ti-cgt-c2000_20.2.2.LTS\lib\</path>
         <kind>archive</kind>
         <file>rts2800_fpu32_eabi.lib</file>
         <name>ctype.c.obj</name>
      </input_file>
      <input_file id="fl-4d">
         <path>C:\ti\ccs1020\ccs\tools\compiler\ti-cgt-c2000_20.2.2.LTS\lib\</path>
         <kind>archive</kind>
         <file>rts2800_fpu32_eabi.lib</file>
         <name>ltoa.c.obj</name>
      </input_file>
      <input_file id="fl-4e">
         <path>C:\ti\ccs1020\ccs\tools\compiler\ti-cgt-c2000_20.2.2.LTS\lib\</path>
         <kind>archive</kind>
         <file>rts2800_fpu32_eabi.lib</file>
         <name>memcmp.c.obj</name>
      </input_file>
      <input_file id="fl-4f">
         <path>C:\ti\ccs1020\ccs\tools\compiler\ti-cgt-c2000_20.2.2.LTS\lib\</path>
         <kind>archive</kind>
         <file>rts2800_fpu32_eabi.lib</file>
         <name>memory.c.obj</name>
      </input_file>
      <input_file id="fl-50">
         <path>C:\ti\ccs1020\ccs\tools\compiler\ti-cgt-c2000_20.2.2.LTS\lib\</path>
         <kind>archive</kind>
         <file>rts2800_fpu32_eabi.lib</file>
         <name>memset.c.obj</name>
      </input_file>
      <input_file id="fl-51">
         <path>C:\ti\ccs1020\ccs\tools\compiler\ti-cgt-c2000_20.2.2.LTS\lib\</path>
         <kind>archive</kind>
         <file>rts2800_fpu32_eabi.lib</file>
         <name>strcat.c.obj</name>
      </input_file>
      <input_file id="fl-52">
         <path>C:\ti\ccs1020\ccs\tools\compiler\ti-cgt-c2000_20.2.2.LTS\lib\</path>
         <kind>archive</kind>
         <file>rts2800_fpu32_eabi.lib</file>
         <name>strcmp.c.obj</name>
      </input_file>
      <input_file id="fl-53">
         <path>C:\ti\ccs1020\ccs\tools\compiler\ti-cgt-c2000_20.2.2.LTS\lib\</path>
         <kind>archive</kind>
         <file>rts2800_fpu32_eabi.lib</file>
         <name>strcpy.c.obj</name>
      </input_file>
      <input_file id="fl-54">
         <path>C:\ti\ccs1020\ccs\tools\compiler\ti-cgt-c2000_20.2.2.LTS\lib\</path>
         <kind>archive</kind>
         <file>rts2800_fpu32_eabi.lib</file>
         <name>strlen.c.obj</name>
      </input_file>
      <input_file id="fl-55">
         <path>C:\ti\ccs1020\ccs\tools\compiler\ti-cgt-c2000_20.2.2.LTS\lib\</path>
         <kind>archive</kind>
         <file>rts2800_fpu32_eabi.lib</file>
         <name>strncpy.c.obj</name>
      </input_file>
      <input_file id="fl-56">
         <path>C:\ti\ccs1020\ccs\tools\compiler\ti-cgt-c2000_20.2.2.LTS\lib\</path>
         <kind>archive</kind>
         <file>rts2800_fpu32_eabi.lib</file>
         <name>_printfi.c.obj</name>
      </input_file>
      <input_file id="fl-57">
         <path>C:\ti\ccs1020\ccs\tools\compiler\ti-cgt-c2000_20.2.2.LTS\lib\</path>
         <kind>archive</kind>
         <file>rts2800_fpu32_eabi.lib</file>
         <name>fd_cmp28.asm.obj</name>
      </input_file>
      <input_file id="fl-58">
         <path>C:\ti\ccs1020\ccs\tools\compiler\ti-cgt-c2000_20.2.2.LTS\lib\</path>
         <kind>archive</kind>
         <file>rts2800_fpu32_eabi.lib</file>
         <name>fd_neg28.asm.obj</name>
      </input_file>
      <input_file id="fl-59">
         <path>C:\ti\ccs1020\ccs\tools\compiler\ti-cgt-c2000_20.2.2.LTS\lib\</path>
         <kind>archive</kind>
         <file>rts2800_fpu32_eabi.lib</file>
         <name>fd_sub28.asm.obj</name>
      </input_file>
      <input_file id="fl-5a">
         <path>C:\ti\ccs1020\ccs\tools\compiler\ti-cgt-c2000_20.2.2.LTS\lib\</path>
         <kind>archive</kind>
         <file>rts2800_fpu32_eabi.lib</file>
         <name>fd_toi28.asm.obj</name>
      </input_file>
      <input_file id="fl-5b">
         <path>C:\ti\ccs1020\ccs\tools\compiler\ti-cgt-c2000_20.2.2.LTS\lib\</path>
         <kind>archive</kind>
         <file>rts2800_fpu32_eabi.lib</file>
         <name>fd_tol28.asm.obj</name>
      </input_file>
      <input_file id="fl-5c">
         <path>C:\ti\ccs1020\ccs\tools\compiler\ti-cgt-c2000_20.2.2.LTS\lib\</path>
         <kind>archive</kind>
         <file>rts2800_fpu32_eabi.lib</file>
         <name>ll_aox28.asm.obj</name>
      </input_file>
      <input_file id="fl-5d">
         <path>C:\ti\ccs1020\ccs\tools\compiler\ti-cgt-c2000_20.2.2.LTS\lib\</path>
         <kind>archive</kind>
         <file>rts2800_fpu32_eabi.lib</file>
         <name>ll_div28.asm.obj</name>
      </input_file>
      <input_file id="fl-5e">
         <path>C:\ti\ccs1020\ccs\tools\compiler\ti-cgt-c2000_20.2.2.LTS\lib\</path>
         <kind>archive</kind>
         <file>rts2800_fpu32_eabi.lib</file>
         <name>i_tofd28.asm.obj</name>
      </input_file>
      <input_file id="fl-5f">
         <path>C:\ti\ccs1020\ccs\tools\compiler\ti-cgt-c2000_20.2.2.LTS\lib\</path>
         <kind>archive</kind>
         <file>rts2800_fpu32_eabi.lib</file>
         <name>l_tofd28.asm.obj</name>
      </input_file>
      <input_file id="fl-60">
         <path>C:\ti\ccs1020\ccs\tools\compiler\ti-cgt-c2000_20.2.2.LTS\lib\</path>
         <kind>archive</kind>
         <file>rts2800_fpu32_eabi.lib</file>
         <name>cpy_tbl.c.obj</name>
      </input_file>
      <input_file id="fl-61">
         <path>C:\ti\ccs1020\ccs\tools\compiler\ti-cgt-c2000_20.2.2.LTS\lib\</path>
         <kind>archive</kind>
         <file>rts2800_fpu32_eabi.lib</file>
         <name>startup.c.obj</name>
      </input_file>
      <input_file id="fl-62">
         <path>C:\ti\ccs1020\ccs\tools\compiler\ti-cgt-c2000_20.2.2.LTS\lib\</path>
         <kind>archive</kind>
         <file>rts2800_fpu32_eabi.lib</file>
         <name>_ltoa.c.obj</name>
      </input_file>
      <input_file id="fl-63">
         <path>C:\ti\ccs1020\ccs\tools\compiler\ti-cgt-c2000_20.2.2.LTS\lib\</path>
         <kind>archive</kind>
         <file>rts2800_fpu32_eabi.lib</file>
         <name>memccpy.c.obj</name>
      </input_file>
      <input_file id="fl-64">
         <path>C:\ti\ccs1020\ccs\tools\compiler\ti-cgt-c2000_20.2.2.LTS\lib\</path>
         <kind>archive</kind>
         <file>rts2800_fpu32_eabi.lib</file>
         <name>strchr.c.obj</name>
      </input_file>
      <input_file id="fl-65">
         <path>C:\ti\ccs1020\ccs\tools\compiler\ti-cgt-c2000_20.2.2.LTS\lib\</path>
         <kind>archive</kind>
         <file>rts2800_fpu32_eabi.lib</file>
         <name>errno.c.obj</name>
      </input_file>
      <input_file id="fl-66">
         <path>C:\ti\ccs1020\ccs\tools\compiler\ti-cgt-c2000_20.2.2.LTS\lib\</path>
         <kind>archive</kind>
         <file>rts2800_fpu32_eabi.lib</file>
         <name>s_frexp.c.obj</name>
      </input_file>
      <input_file id="fl-67">
         <path>C:\ti\ccs1020\ccs\tools\compiler\ti-cgt-c2000_20.2.2.LTS\lib\</path>
         <kind>archive</kind>
         <file>rts2800_fpu32_eabi.lib</file>
         <name>s_scalbn.c.obj</name>
      </input_file>
      <input_file id="fl-68">
         <path>C:\ti\ccs1020\ccs\tools\compiler\ti-cgt-c2000_20.2.2.LTS\lib\</path>
         <kind>archive</kind>
         <file>rts2800_fpu32_eabi.lib</file>
         <name>wcslen.c.obj</name>
      </input_file>
      <input_file id="fl-69">
         <path>C:\ti\ccs1020\ccs\tools\compiler\ti-cgt-c2000_20.2.2.LTS\lib\</path>
         <kind>archive</kind>
         <file>rts2800_fpu32_eabi.lib</file>
         <name>s_copysign.c.obj</name>
      </input_file>
   </input_file_list>
   <object_component_list>
      <object_component id="oc-6ef">
         <name>.cinit..data.load</name>
         <load_address>0x80008</load_address>
         <run_address>0x80008</run_address>
         <size>0x77</size>
      </object_component>
      <object_component id="oc-6ec">
         <name>__TI_handler_table</name>
         <load_address>0x80080</load_address>
         <run_address>0x80080</run_address>
         <size>0x6</size>
      </object_component>
      <object_component id="oc-6ee">
         <name>.cinit..bss.load</name>
         <load_address>0x80086</load_address>
         <run_address>0x80086</run_address>
         <size>0x4</size>
      </object_component>
      <object_component id="oc-6f1">
         <name>.cinit.RFFTdata1.load</name>
         <load_address>0x8008a</load_address>
         <run_address>0x8008a</run_address>
         <size>0x4</size>
      </object_component>
      <object_component id="oc-6f0">
         <name>.cinit.RFFTdata1_test.load</name>
         <load_address>0x8008e</load_address>
         <run_address>0x8008e</run_address>
         <size>0x4</size>
      </object_component>
      <object_component id="oc-6ed">
         <name>__TI_cinit_table</name>
         <load_address>0x80094</load_address>
         <run_address>0x80094</run_address>
         <size>0x10</size>
      </object_component>
      <object_component id="oc-291">
         <name>.text</name>
         <load_address>0x82000</load_address>
         <run_address>0x82000</run_address>
         <size>0x1083</size>
         <input_file_ref idref="fl-10"/>
      </object_component>
      <object_component id="oc-259">
         <name>.text</name>
         <load_address>0x83083</load_address>
         <run_address>0x83083</run_address>
         <size>0x1</size>
         <input_file_ref idref="fl-61"/>
      </object_component>
      <object_component id="oc-3a5">
         <name>.text</name>
         <load_address>0x83084</load_address>
         <run_address>0x83084</run_address>
         <size>0xcf3</size>
         <input_file_ref idref="fl-56"/>
      </object_component>
      <object_component id="oc-1fc">
         <name>.text</name>
         <load_address>0x83d77</load_address>
         <run_address>0x83d77</run_address>
         <size>0xb89</size>
         <input_file_ref idref="fl-3"/>
      </object_component>
      <object_component id="oc-385">
         <name>.text</name>
         <load_address>0x84900</load_address>
         <run_address>0x84900</run_address>
         <size>0x499</size>
         <input_file_ref idref="fl-c"/>
      </object_component>
      <object_component id="oc-536">
         <name>.text:_Fapi_setupFlashStateMachine</name>
         <load_address>0x84d99</load_address>
         <run_address>0x84d99</run_address>
         <size>0x2d2</size>
         <input_file_ref idref="fl-28"/>
      </object_component>
      <object_component id="oc-303">
         <name>.text</name>
         <load_address>0x8506b</load_address>
         <run_address>0x8506b</run_address>
         <size>0x298</size>
         <input_file_ref idref="fl-4f"/>
      </object_component>
      <object_component id="oc-3e2">
         <name>.text</name>
         <load_address>0x85303</load_address>
         <run_address>0x85303</run_address>
         <size>0x256</size>
         <input_file_ref idref="fl-6"/>
      </object_component>
      <object_component id="oc-288">
         <name>.text</name>
         <load_address>0x85559</load_address>
         <run_address>0x85559</run_address>
         <size>0x214</size>
         <input_file_ref idref="fl-d"/>
      </object_component>
      <object_component id="oc-f6">
         <name>.text:EPWM_configureSignal</name>
         <load_address>0x8576d</load_address>
         <run_address>0x8576d</run_address>
         <size>0x213</size>
         <input_file_ref idref="fl-1c"/>
      </object_component>
      <object_component id="oc-131">
         <name>.text</name>
         <load_address>0x85980</load_address>
         <run_address>0x85980</run_address>
         <size>0x1ae</size>
         <input_file_ref idref="fl-f"/>
      </object_component>
      <object_component id="oc-406">
         <name>.text:Fapi_issueProgrammingCommand</name>
         <load_address>0x85b2e</load_address>
         <run_address>0x85b2e</run_address>
         <size>0x18b</size>
         <input_file_ref idref="fl-2b"/>
      </object_component>
      <object_component id="oc-281">
         <name>.text</name>
         <load_address>0x85cb9</load_address>
         <run_address>0x85cb9</run_address>
         <size>0x127</size>
         <input_file_ref idref="fl-4"/>
      </object_component>
      <object_component id="oc-a5">
         <name>.text</name>
         <load_address>0x85de0</load_address>
         <run_address>0x85de0</run_address>
         <size>0x108</size>
         <input_file_ref idref="fl-2"/>
      </object_component>
      <object_component id="oc-49f">
         <name>.text</name>
         <load_address>0x85ee8</load_address>
         <run_address>0x85ee8</run_address>
         <size>0x107</size>
         <input_file_ref idref="fl-5d"/>
      </object_component>
      <object_component id="oc-2b5">
         <name>.text</name>
         <load_address>0x85fef</load_address>
         <run_address>0x85fef</run_address>
         <size>0xe9</size>
         <input_file_ref idref="fl-b"/>
      </object_component>
      <object_component id="oc-4d4">
         <name>.text</name>
         <load_address>0x860d8</load_address>
         <run_address>0x860d8</run_address>
         <size>0xae</size>
         <input_file_ref idref="fl-67"/>
      </object_component>
      <object_component id="oc-3b4">
         <name>.text</name>
         <load_address>0x86186</load_address>
         <run_address>0x86186</run_address>
         <size>0x9c</size>
         <input_file_ref idref="fl-3a"/>
      </object_component>
      <object_component id="oc-b1">
         <name>.text</name>
         <load_address>0x86222</load_address>
         <run_address>0x86222</run_address>
         <size>0x9a</size>
         <input_file_ref idref="fl-8"/>
      </object_component>
      <object_component id="oc-2c6">
         <name>.text</name>
         <load_address>0x862bc</load_address>
         <run_address>0x862bc</run_address>
         <size>0x8b</size>
         <input_file_ref idref="fl-41"/>
      </object_component>
      <object_component id="oc-e5">
         <name>.text</name>
         <load_address>0x86347</load_address>
         <run_address>0x86347</run_address>
         <size>0x88</size>
         <input_file_ref idref="fl-3c"/>
      </object_component>
      <object_component id="oc-2c1">
         <name>.text</name>
         <load_address>0x863cf</load_address>
         <run_address>0x863cf</run_address>
         <size>0x83</size>
         <input_file_ref idref="fl-3b"/>
      </object_component>
      <object_component id="oc-55e">
         <name>.text:_Fapi_checkRegionForValue</name>
         <load_address>0x86452</load_address>
         <run_address>0x86452</run_address>
         <size>0x81</size>
         <input_file_ref idref="fl-26"/>
      </object_component>
      <object_component id="oc-553">
         <name>.text:_Fapi_loopRegionForValue</name>
         <load_address>0x864d3</load_address>
         <run_address>0x864d3</run_address>
         <size>0x80</size>
         <input_file_ref idref="fl-26"/>
      </object_component>
      <object_component id="oc-5ee">
         <name>.text:Fapi_setupEepromSectorEnable</name>
         <load_address>0x86553</load_address>
         <run_address>0x86553</run_address>
         <size>0x77</size>
         <input_file_ref idref="fl-2c"/>
      </object_component>
      <object_component id="oc-372">
         <name>.text:SPI_setConfig</name>
         <load_address>0x865ca</load_address>
         <run_address>0x865ca</run_address>
         <size>0x5c</size>
         <input_file_ref idref="fl-22"/>
      </object_component>
      <object_component id="oc-4ce">
         <name>.text</name>
         <load_address>0x86626</load_address>
         <run_address>0x86626</run_address>
         <size>0x5a</size>
         <input_file_ref idref="fl-66"/>
      </object_component>
      <object_component id="oc-354">
         <name>.text:GPIO_setPadConfig</name>
         <load_address>0x86680</load_address>
         <run_address>0x86680</run_address>
         <size>0x52</size>
         <input_file_ref idref="fl-1e"/>
      </object_component>
      <object_component id="oc-29a">
         <name>.text</name>
         <load_address>0x866d2</load_address>
         <run_address>0x866d2</run_address>
         <size>0x49</size>
         <input_file_ref idref="fl-9"/>
      </object_component>
      <object_component id="oc-13e">
         <name>.text:EPWM_isBaseValid</name>
         <load_address>0x8671b</load_address>
         <run_address>0x8671b</run_address>
         <size>0x47</size>
         <input_file_ref idref="fl-1c"/>
      </object_component>
      <object_component id="oc-366">
         <name>.text:SCI_clearInterruptStatus</name>
         <load_address>0x86762</load_address>
         <run_address>0x86762</run_address>
         <size>0x46</size>
         <input_file_ref idref="fl-21"/>
      </object_component>
      <object_component id="oc-53e">
         <name>.text:_Fapi_issueFsmCommand</name>
         <load_address>0x867a8</load_address>
         <run_address>0x867a8</run_address>
         <size>0x45</size>
         <input_file_ref idref="fl-28"/>
      </object_component>
      <object_component id="oc-17b">
         <name>.text:EPWM_setActionQualifierAction</name>
         <load_address>0x867ed</load_address>
         <run_address>0x867ed</run_address>
         <size>0x43</size>
         <input_file_ref idref="fl-1c"/>
      </object_component>
      <object_component id="oc-3e8">
         <name>.text:Fapi_initializeAPI</name>
         <load_address>0x86830</load_address>
         <run_address>0x86830</run_address>
         <size>0x41</size>
         <input_file_ref idref="fl-29"/>
      </object_component>
      <object_component id="oc-16f">
         <name>.text:EPWM_setCounterCompareShadowLoadMode</name>
         <load_address>0x86871</load_address>
         <run_address>0x86871</run_address>
         <size>0x3f</size>
         <input_file_ref idref="fl-1c"/>
      </object_component>
      <object_component id="oc-36c">
         <name>.text:SCI_setConfig</name>
         <load_address>0x868b0</load_address>
         <run_address>0x868b0</run_address>
         <size>0x3e</size>
         <input_file_ref idref="fl-21"/>
      </object_component>
      <object_component id="oc-275">
         <name>.text:Interrupt_initModule</name>
         <load_address>0x868ee</load_address>
         <run_address>0x868ee</run_address>
         <size>0x3d</size>
         <input_file_ref idref="fl-1f"/>
      </object_component>
      <object_component id="oc-35a">
         <name>.text:GPIO_setMasterCore</name>
         <load_address>0x8692b</load_address>
         <run_address>0x8692b</run_address>
         <size>0x38</size>
         <input_file_ref idref="fl-1e"/>
      </object_component>
      <object_component id="oc-360">
         <name>.text:GPIO_setQualificationMode</name>
         <load_address>0x86963</load_address>
         <run_address>0x86963</run_address>
         <size>0x38</size>
         <input_file_ref idref="fl-1e"/>
      </object_component>
      <object_component id="oc-348">
         <name>.text:GPIO_setPinConfig</name>
         <load_address>0x8699b</load_address>
         <run_address>0x8699b</run_address>
         <size>0x37</size>
         <input_file_ref idref="fl-1e"/>
      </object_component>
      <object_component id="oc-400">
         <name>.text:Fapi_doBlankCheck</name>
         <load_address>0x869d2</load_address>
         <run_address>0x869d2</run_address>
         <size>0x34</size>
         <input_file_ref idref="fl-25"/>
      </object_component>
      <object_component id="oc-df">
         <name>.text:Interrupt_enable</name>
         <load_address>0x86a06</load_address>
         <run_address>0x86a06</run_address>
         <size>0x34</size>
         <input_file_ref idref="fl-1f"/>
      </object_component>
      <object_component id="oc-b0">
         <name>.text:retain</name>
         <load_address>0x86a3a</load_address>
         <run_address>0x86a3a</run_address>
         <size>0x33</size>
         <input_file_ref idref="fl-8"/>
      </object_component>
      <object_component id="oc-2a6">
         <name>.text</name>
         <load_address>0x86a6d</load_address>
         <run_address>0x86a6d</run_address>
         <size>0x32</size>
         <input_file_ref idref="fl-38"/>
      </object_component>
      <object_component id="oc-34e">
         <name>.text:GPIO_setDirectionMode</name>
         <load_address>0x86a9f</load_address>
         <run_address>0x86a9f</run_address>
         <size>0x31</size>
         <input_file_ref idref="fl-1e"/>
      </object_component>
      <object_component id="oc-8c">
         <name>.text:decompress:lzss</name>
         <load_address>0x86ad0</load_address>
         <run_address>0x86ad0</run_address>
         <size>0x31</size>
         <input_file_ref idref="fl-47"/>
      </object_component>
      <object_component id="oc-2e2">
         <name>.text</name>
         <load_address>0x86b01</load_address>
         <run_address>0x86b01</run_address>
         <size>0x31</size>
         <input_file_ref idref="fl-4b"/>
      </object_component>
      <object_component id="oc-4b9">
         <name>.text</name>
         <load_address>0x86b32</load_address>
         <run_address>0x86b32</run_address>
         <size>0x30</size>
         <input_file_ref idref="fl-62"/>
      </object_component>
      <object_component id="oc-5f4">
         <name>.text:Fapi_setupBankSectorEnable</name>
         <load_address>0x86b62</load_address>
         <run_address>0x86b62</run_address>
         <size>0x2f</size>
         <input_file_ref idref="fl-2c"/>
      </object_component>
      <object_component id="oc-637">
         <name>.text:Fapi_calculateFletcherChecksum</name>
         <load_address>0x86b91</load_address>
         <run_address>0x86b91</run_address>
         <size>0x2c</size>
         <input_file_ref idref="fl-2a"/>
      </object_component>
      <object_component id="oc-1cc">
         <name>.text:__TI_auto_init_nobinit_nopinit</name>
         <load_address>0x86bbd</load_address>
         <run_address>0x86bbd</run_address>
         <size>0x2b</size>
         <input_file_ref idref="fl-44"/>
      </object_component>
      <object_component id="oc-5d7">
         <name>.text:_Fapi_divideUnsignedLong</name>
         <load_address>0x86be8</load_address>
         <run_address>0x86be8</run_address>
         <size>0x2a</size>
         <input_file_ref idref="fl-2a"/>
      </object_component>
      <object_component id="oc-4aa">
         <name>.text</name>
         <load_address>0x86c12</load_address>
         <run_address>0x86c12</run_address>
         <size>0x2a</size>
         <input_file_ref idref="fl-57"/>
      </object_component>
      <object_component id="oc-3b9">
         <name>.text</name>
         <load_address>0x86c3c</load_address>
         <run_address>0x86c3c</run_address>
         <size>0x2a</size>
         <input_file_ref idref="fl-3e"/>
      </object_component>
      <object_component id="oc-3ee">
         <name>.text:Fapi_setActiveFlashBank</name>
         <load_address>0x86c66</load_address>
         <run_address>0x86c66</run_address>
         <size>0x29</size>
         <input_file_ref idref="fl-28"/>
      </object_component>
      <object_component id="oc-19e">
         <name>.text</name>
         <load_address>0x86c8f</load_address>
         <run_address>0x86c8f</run_address>
         <size>0x29</size>
         <input_file_ref idref="fl-48"/>
      </object_component>
      <object_component id="oc-219">
         <name>.text:Flash_setBankPowerUpDelay</name>
         <load_address>0x86cb8</load_address>
         <run_address>0x86cb8</run_address>
         <size>0x28</size>
         <input_file_ref idref="fl-1d"/>
      </object_component>
      <object_component id="oc-2d6">
         <name>.text</name>
         <load_address>0x86ce0</load_address>
         <run_address>0x86ce0</run_address>
         <size>0x28</size>
         <input_file_ref idref="fl-4d"/>
      </object_component>
      <object_component id="oc-26f">
         <name>.text:MemCfg_setGSRAMMasterSel</name>
         <load_address>0x86d08</load_address>
         <run_address>0x86d08</run_address>
         <size>0x27</size>
         <input_file_ref idref="fl-20"/>
      </object_component>
      <object_component id="oc-544">
         <name>.text:_Fapi_setupSectorsForWrite</name>
         <load_address>0x86d2f</load_address>
         <run_address>0x86d2f</run_address>
         <size>0x25</size>
         <input_file_ref idref="fl-28"/>
      </object_component>
      <object_component id="oc-5a7">
         <name>.text</name>
         <load_address>0x86d54</load_address>
         <run_address>0x86d54</run_address>
         <size>0x25</size>
         <input_file_ref idref="fl-69"/>
      </object_component>
      <object_component id="oc-175">
         <name>.text:EPWM_setCounterCompareValue</name>
         <load_address>0x86d79</load_address>
         <run_address>0x86d79</run_address>
         <size>0x24</size>
         <input_file_ref idref="fl-1c"/>
      </object_component>
      <object_component id="oc-a4">
         <name>.text:retain</name>
         <load_address>0x86d9d</load_address>
         <run_address>0x86d9d</run_address>
         <size>0x24</size>
         <input_file_ref idref="fl-2"/>
      </object_component>
      <object_component id="oc-2cb">
         <name>.text</name>
         <load_address>0x86dc1</load_address>
         <run_address>0x86dc1</run_address>
         <size>0x23</size>
         <input_file_ref idref="fl-40"/>
      </object_component>
      <object_component id="oc-600">
         <name>.text:Fapi_isAddressEcc</name>
         <load_address>0x86de4</load_address>
         <run_address>0x86de4</run_address>
         <size>0x22</size>
         <input_file_ref idref="fl-28"/>
      </object_component>
      <object_component id="oc-3f4">
         <name>.text:Fapi_issueAsyncCommandWithAddress</name>
         <load_address>0x86e06</load_address>
         <run_address>0x86e06</run_address>
         <size>0x21</size>
         <input_file_ref idref="fl-24"/>
      </object_component>
      <object_component id="oc-4c9">
         <name>.text</name>
         <load_address>0x86e27</load_address>
         <run_address>0x86e27</run_address>
         <size>0x21</size>
         <input_file_ref idref="fl-5a"/>
      </object_component>
      <object_component id="oc-27b">
         <name>.text:Interrupt_initVectorTable</name>
         <load_address>0x86e48</load_address>
         <run_address>0x86e48</run_address>
         <size>0x20</size>
         <input_file_ref idref="fl-1f"/>
      </object_component>
      <object_component id="oc-163">
         <name>.text:EPWM_setPhaseShift</name>
         <load_address>0x86e68</load_address>
         <run_address>0x86e68</run_address>
         <size>0x1f</size>
         <input_file_ref idref="fl-1c"/>
      </object_component>
      <object_component id="oc-44b">
         <name>.text:SCI_isBaseValid</name>
         <load_address>0x86e87</load_address>
         <run_address>0x86e87</run_address>
         <size>0x1f</size>
         <input_file_ref idref="fl-21"/>
      </object_component>
      <object_component id="oc-4b4">
         <name>.text</name>
         <load_address>0x86ea6</load_address>
         <run_address>0x86ea6</run_address>
         <size>0x1f</size>
         <input_file_ref idref="fl-5b"/>
      </object_component>
      <object_component id="oc-49a">
         <name>.text</name>
         <load_address>0x86ec5</load_address>
         <run_address>0x86ec5</run_address>
         <size>0x1e</size>
         <input_file_ref idref="fl-3d"/>
      </object_component>
      <object_component id="oc-14b">
         <name>.text:EPWM_setClockPrescaler</name>
         <load_address>0x86ee3</load_address>
         <run_address>0x86ee3</run_address>
         <size>0x1d</size>
         <input_file_ref idref="fl-1c"/>
      </object_component>
      <object_component id="oc-4da">
         <name>.text</name>
         <load_address>0x86f00</load_address>
         <run_address>0x86f00</run_address>
         <size>0x1d</size>
         <input_file_ref idref="fl-5e"/>
      </object_component>
      <object_component id="oc-c2">
         <name>.text</name>
         <load_address>0x86f1d</load_address>
         <run_address>0x86f1d</run_address>
         <size>0x1d</size>
         <input_file_ref idref="fl-42"/>
      </object_component>
      <object_component id="oc-2bb">
         <name>.text</name>
         <load_address>0x86f3a</load_address>
         <run_address>0x86f3a</run_address>
         <size>0x1c</size>
         <input_file_ref idref="fl-3f"/>
      </object_component>
      <object_component id="oc-4bf">
         <name>.text</name>
         <load_address>0x86f56</load_address>
         <run_address>0x86f56</run_address>
         <size>0x1c</size>
         <input_file_ref idref="fl-5f"/>
      </object_component>
      <object_component id="oc-12a">
         <name>.text:CPUTimer_isBaseValid</name>
         <load_address>0x86f72</load_address>
         <run_address>0x86f72</run_address>
         <size>0x1a</size>
         <input_file_ref idref="fl-1b"/>
      </object_component>
      <object_component id="oc-467">
         <name>.text:SPI_isBaseValid</name>
         <load_address>0x86f8c</load_address>
         <run_address>0x86f8c</run_address>
         <size>0x1a</size>
         <input_file_ref idref="fl-22"/>
      </object_component>
      <object_component id="oc-45a">
         <name>.text:SCI_disableModule</name>
         <load_address>0x86fa6</load_address>
         <run_address>0x86fa6</run_address>
         <size>0x19</size>
         <input_file_ref idref="fl-21"/>
      </object_component>
      <object_component id="oc-452">
         <name>.text:SCI_performSoftwareReset</name>
         <load_address>0x86fbf</load_address>
         <run_address>0x86fbf</run_address>
         <size>0x19</size>
         <input_file_ref idref="fl-21"/>
      </object_component>
      <object_component id="oc-4a4">
         <name>.text</name>
         <load_address>0x86fd8</load_address>
         <run_address>0x86fd8</run_address>
         <size>0x18</size>
         <input_file_ref idref="fl-5c"/>
      </object_component>
      <object_component id="oc-113">
         <name>.text</name>
         <load_address>0x86ff0</load_address>
         <run_address>0x86ff0</run_address>
         <size>0x17</size>
         <input_file_ref idref="fl-39"/>
      </object_component>
      <object_component id="oc-151">
         <name>.text:EPWM_setTimeBaseCounterMode</name>
         <load_address>0x87007</load_address>
         <run_address>0x87007</run_address>
         <size>0x15</size>
         <input_file_ref idref="fl-1c"/>
      </object_component>
      <object_component id="oc-157">
         <name>.text:EPWM_setTimeBasePeriod</name>
         <load_address>0x8701c</load_address>
         <run_address>0x8701c</run_address>
         <size>0x15</size>
         <input_file_ref idref="fl-1c"/>
      </object_component>
      <object_component id="oc-2fd">
         <name>.text</name>
         <load_address>0x87031</load_address>
         <run_address>0x87031</run_address>
         <size>0x15</size>
         <input_file_ref idref="fl-55"/>
      </object_component>
      <object_component id="oc-460">
         <name>.text:SCI_enableModule</name>
         <load_address>0x87046</load_address>
         <run_address>0x87046</run_address>
         <size>0x14</size>
         <input_file_ref idref="fl-21"/>
      </object_component>
      <object_component id="oc-ea">
         <name>.text:CPUTimer_setEmulationMode</name>
         <load_address>0x8705a</load_address>
         <run_address>0x8705a</run_address>
         <size>0x13</size>
         <input_file_ref idref="fl-1b"/>
      </object_component>
      <object_component id="oc-169">
         <name>.text:EPWM_setTimeBaseCounter</name>
         <load_address>0x8706d</load_address>
         <run_address>0x8706d</run_address>
         <size>0x13</size>
         <input_file_ref idref="fl-1c"/>
      </object_component>
      <object_component id="oc-54d">
         <name>.text:Fapi_flushPipeline</name>
         <load_address>0x87080</load_address>
         <run_address>0x87080</run_address>
         <size>0x13</size>
         <input_file_ref idref="fl-26"/>
      </object_component>
      <object_component id="oc-38b">
         <name>.text</name>
         <load_address>0x87093</load_address>
         <run_address>0x87093</run_address>
         <size>0x13</size>
         <input_file_ref idref="fl-4e"/>
      </object_component>
      <object_component id="oc-15d">
         <name>.text:EPWM_disablePhaseShiftLoad</name>
         <load_address>0x870a6</load_address>
         <run_address>0x870a6</run_address>
         <size>0x12</size>
         <input_file_ref idref="fl-1c"/>
      </object_component>
      <object_component id="oc-20c">
         <name>.text:Flash_isCtrlBaseValid</name>
         <load_address>0x870b8</load_address>
         <run_address>0x870b8</run_address>
         <size>0x10</size>
         <input_file_ref idref="fl-1d"/>
      </object_component>
      <object_component id="oc-213">
         <name>.text:Flash_isECCBaseValid</name>
         <load_address>0x870c8</load_address>
         <run_address>0x870c8</run_address>
         <size>0x10</size>
         <input_file_ref idref="fl-1d"/>
      </object_component>
      <object_component id="oc-4e5">
         <name>.text</name>
         <load_address>0x870d8</load_address>
         <run_address>0x870d8</run_address>
         <size>0x10</size>
         <input_file_ref idref="fl-63"/>
      </object_component>
      <object_component id="oc-412">
         <name>.text:Fapi_doVerify</name>
         <load_address>0x870e8</load_address>
         <run_address>0x870e8</run_address>
         <size>0xf</size>
         <input_file_ref idref="fl-27"/>
      </object_component>
      <object_component id="oc-440">
         <name>.text:GPIO_isPinValid</name>
         <load_address>0x870f7</load_address>
         <run_address>0x870f7</run_address>
         <size>0xe</size>
         <input_file_ref idref="fl-1e"/>
      </object_component>
      <object_component id="oc-335">
         <name>.text:Interrupt_defaultHandler</name>
         <load_address>0x87105</load_address>
         <run_address>0x87105</run_address>
         <size>0xe</size>
         <input_file_ref idref="fl-1f"/>
      </object_component>
      <object_component id="oc-4c4">
         <name>.text</name>
         <load_address>0x87113</load_address>
         <run_address>0x87113</run_address>
         <size>0xe</size>
         <input_file_ref idref="fl-59"/>
      </object_component>
      <object_component id="oc-11b">
         <name>.text:Interrupt_disableMaster</name>
         <load_address>0x87121</load_address>
         <run_address>0x87121</run_address>
         <size>0xd</size>
         <input_file_ref idref="fl-1f"/>
      </object_component>
      <object_component id="oc-121">
         <name>.text:Interrupt_enableMaster</name>
         <load_address>0x8712e</load_address>
         <run_address>0x8712e</run_address>
         <size>0xd</size>
         <input_file_ref idref="fl-1f"/>
      </object_component>
      <object_component id="oc-5e3">
         <name>.text:_Fapi_scaleCycleValues</name>
         <load_address>0x8713b</load_address>
         <run_address>0x8713b</run_address>
         <size>0xd</size>
         <input_file_ref idref="fl-2a"/>
      </object_component>
      <object_component id="oc-145">
         <name>.text:SysCtl_setEPWMClockDivider</name>
         <load_address>0x87148</load_address>
         <run_address>0x87148</run_address>
         <size>0xc</size>
         <input_file_ref idref="fl-1c"/>
      </object_component>
      <object_component id="oc-3d6">
         <name>.text</name>
         <load_address>0x87154</load_address>
         <run_address>0x87154</run_address>
         <size>0xc</size>
         <input_file_ref idref="fl-a"/>
      </object_component>
      <object_component id="oc-198">
         <name>.text</name>
         <load_address>0x87160</load_address>
         <run_address>0x87160</run_address>
         <size>0xc</size>
         <input_file_ref idref="fl-4a"/>
      </object_component>
      <object_component id="oc-4df">
         <name>.text</name>
         <load_address>0x8716c</load_address>
         <run_address>0x8716c</run_address>
         <size>0xc</size>
         <input_file_ref idref="fl-64"/>
      </object_component>
      <object_component id="oc-3fa">
         <name>.text:Fapi_checkFsmForReady</name>
         <load_address>0x87178</load_address>
         <run_address>0x87178</run_address>
         <size>0xb</size>
         <input_file_ref idref="fl-28"/>
      </object_component>
      <object_component id="oc-5dd">
         <name>.text:_Fapi_calculateOtpChecksum</name>
         <load_address>0x87183</load_address>
         <run_address>0x87183</run_address>
         <size>0xb</size>
         <input_file_ref idref="fl-2a"/>
      </object_component>
      <object_component id="oc-4eb">
         <name>.text</name>
         <load_address>0x8718e</load_address>
         <run_address>0x8718e</run_address>
         <size>0xb</size>
         <input_file_ref idref="fl-68"/>
      </object_component>
      <object_component id="oc-2ee">
         <name>.text</name>
         <load_address>0x87199</load_address>
         <run_address>0x87199</run_address>
         <size>0xa</size>
         <input_file_ref idref="fl-52"/>
      </object_component>
      <object_component id="oc-310">
         <name>.text</name>
         <load_address>0x871a3</load_address>
         <run_address>0x871a3</run_address>
         <size>0x9</size>
         <input_file_ref idref="fl-49"/>
      </object_component>
      <object_component id="oc-4af">
         <name>.text</name>
         <load_address>0x871ac</load_address>
         <run_address>0x871ac</run_address>
         <size>0x9</size>
         <input_file_ref idref="fl-58"/>
      </object_component>
      <object_component id="oc-2d0">
         <name>.text</name>
         <load_address>0x871b5</load_address>
         <run_address>0x871b5</run_address>
         <size>0x9</size>
         <input_file_ref idref="fl-51"/>
      </object_component>
      <object_component id="oc-d6">
         <name>.text</name>
         <load_address>0x871be</load_address>
         <run_address>0x871be</run_address>
         <size>0x8</size>
         <input_file_ref idref="fl-e"/>
      </object_component>
      <object_component id="oc-92">
         <name>.text:decompress:none</name>
         <load_address>0x871c6</load_address>
         <run_address>0x871c6</run_address>
         <size>0x8</size>
         <input_file_ref idref="fl-46"/>
      </object_component>
      <object_component id="oc-2ac">
         <name>.text</name>
         <load_address>0x871ce</load_address>
         <run_address>0x871ce</run_address>
         <size>0x8</size>
         <input_file_ref idref="fl-54"/>
      </object_component>
      <object_component id="oc-40c">
         <name>.text:Fapi_getFsmStatus</name>
         <load_address>0x871d6</load_address>
         <run_address>0x871d6</run_address>
         <size>0x7</size>
         <input_file_ref idref="fl-28"/>
      </object_component>
      <object_component id="oc-10c">
         <name>.text</name>
         <load_address>0x871dd</load_address>
         <run_address>0x871dd</run_address>
         <size>0x7</size>
         <input_file_ref idref="fl-50"/>
      </object_component>
      <object_component id="oc-d0">
         <name>.text:decompress:ZI</name>
         <load_address>0x871e4</load_address>
         <run_address>0x871e4</run_address>
         <size>0x6</size>
         <input_file_ref idref="fl-45"/>
      </object_component>
      <object_component id="oc-2dc">
         <name>.text</name>
         <load_address>0x871ea</load_address>
         <run_address>0x871ea</run_address>
         <size>0x5</size>
         <input_file_ref idref="fl-53"/>
      </object_component>
      <object_component id="oc-606">
         <name>.text:Fapi_serviceWatchdogTimer</name>
         <load_address>0x871ef</load_address>
         <run_address>0x871ef</run_address>
         <size>0x2</size>
         <input_file_ref idref="fl-2c"/>
      </object_component>
      <object_component id="oc-341">
         <name>.text:Interrupt_illegalOperationHandler</name>
         <load_address>0x871f1</load_address>
         <run_address>0x871f1</run_address>
         <size>0x2</size>
         <input_file_ref idref="fl-1f"/>
      </object_component>
      <object_component id="oc-33b">
         <name>.text:Interrupt_nmiHandler</name>
         <load_address>0x871f3</load_address>
         <run_address>0x871f3</run_address>
         <size>0x2</size>
         <input_file_ref idref="fl-1f"/>
      </object_component>
      <object_component id="oc-191">
         <name>.text</name>
         <load_address>0x871f5</load_address>
         <run_address>0x871f5</run_address>
         <size>0x2</size>
         <input_file_ref idref="fl-43"/>
      </object_component>
      <object_component id="oc-99">
         <name>codestart</name>
         <load_address>0x80000</load_address>
         <run_address>0x80000</run_address>
         <size>0x2</size>
         <input_file_ref idref="fl-e"/>
      </object_component>
      <object_component id="oc-bc">
         <name>.stack</name>
         <uninitialized>true</uninitialized>
         <run_address>0x400</run_address>
         <size>0x0</size>
         <input_file_ref idref="fl-39"/>
      </object_component>
      <object_component id="oc-6f2">
         <name>.stack</name>
         <uninitialized>true</uninitialized>
         <run_address>0x400</run_address>
         <size>0x0</size>
      </object_component>
      <object_component id="oc-dc">
         <name>.bss</name>
         <uninitialized>true</uninitialized>
         <run_address>0xadde</run_address>
         <size>0x2</size>
         <input_file_ref idref="fl-2"/>
      </object_component>
      <object_component id="oc-28e">
         <name>.bss</name>
         <uninitialized>true</uninitialized>
         <run_address>0xa800</run_address>
         <size>0x458</size>
         <input_file_ref idref="fl-3"/>
      </object_component>
      <object_component id="oc-2fa">
         <name>.bss:g_cTmpBuf</name>
         <uninitialized>true</uninitialized>
         <run_address>0xad98</run_address>
         <size>0x28</size>
         <input_file_ref idref="fl-3"/>
      </object_component>
      <object_component id="oc-297">
         <name>.bss:g_cCmdBuf</name>
         <uninitialized>true</uninitialized>
         <run_address>0xad58</run_address>
         <size>0x40</size>
         <input_file_ref idref="fl-3"/>
      </object_component>
      <object_component id="oc-39c">
         <name>.bss:g_ppcArgv</name>
         <uninitialized>true</uninitialized>
         <run_address>0xadc0</run_address>
         <size>0x12</size>
         <input_file_ref idref="fl-9"/>
      </object_component>
      <object_component id="oc-486">
         <name>.bss</name>
         <uninitialized>true</uninitialized>
         <run_address>0xade5</run_address>
         <size>0x1</size>
         <input_file_ref idref="fl-c"/>
      </object_component>
      <object_component id="oc-47a">
         <name>.bss:CRCTable</name>
         <uninitialized>true</uninitialized>
         <run_address>0xac58</run_address>
         <size>0x100</size>
         <input_file_ref idref="fl-c"/>
      </object_component>
      <object_component id="oc-395">
         <name>.bss</name>
         <uninitialized>true</uninitialized>
         <run_address>0xade4</run_address>
         <size>0x1</size>
         <input_file_ref idref="fl-10"/>
      </object_component>
      <object_component id="oc-392">
         <name>.bss:FatFs</name>
         <uninitialized>true</uninitialized>
         <run_address>0xade0</run_address>
         <size>0x2</size>
         <input_file_ref idref="fl-10"/>
      </object_component>
      <object_component id="oc-531">
         <name>.bss</name>
         <uninitialized>true</uninitialized>
         <run_address>0xadd2</run_address>
         <size>0xc</size>
         <input_file_ref idref="fl-29"/>
      </object_component>
      <object_component id="oc-421">
         <name>.bss</name>
         <uninitialized>true</uninitialized>
         <run_address>0xade2</run_address>
         <size>0x2</size>
         <input_file_ref idref="fl-4f"/>
      </object_component>
      <object_component id="oc-2a0">
         <name>.data:g_cCwdBuf</name>
         <load_address>0xae58</load_address>
         <run_address>0xae58</run_address>
         <size>0x28</size>
         <input_file_ref idref="fl-3"/>
      </object_component>
      <object_component id="oc-2a3">
         <name>.data:g_psCmdTable</name>
         <load_address>0xade6</load_address>
         <run_address>0xade6</run_address>
         <size>0x72</size>
         <input_file_ref idref="fl-3"/>
      </object_component>
      <object_component id="oc-483">
         <name>.data</name>
         <load_address>0xae90</load_address>
         <run_address>0xae90</run_address>
         <size>0x2</size>
         <input_file_ref idref="fl-c"/>
      </object_component>
      <object_component id="oc-37b">
         <name>.data</name>
         <load_address>0xae92</load_address>
         <run_address>0xae92</run_address>
         <size>0x2</size>
         <input_file_ref idref="fl-d"/>
      </object_component>
      <object_component id="oc-1b1">
         <name>.data</name>
         <load_address>0xae80</load_address>
         <run_address>0xae80</run_address>
         <size>0x6</size>
         <input_file_ref idref="fl-f"/>
      </object_component>
      <object_component id="oc-204">
         <name>.data</name>
         <load_address>0xae86</load_address>
         <run_address>0xae86</run_address>
         <size>0x6</size>
         <input_file_ref idref="fl-48"/>
      </object_component>
      <object_component id="oc-207">
         <name>.data:_lock</name>
         <load_address>0xae8c</load_address>
         <run_address>0xae8c</run_address>
         <size>0x2</size>
         <input_file_ref idref="fl-49"/>
      </object_component>
      <object_component id="oc-424">
         <name>.data:_unlock</name>
         <load_address>0xae8e</load_address>
         <run_address>0xae8e</run_address>
         <size>0x2</size>
         <input_file_ref idref="fl-49"/>
      </object_component>
      <object_component id="oc-427">
         <name>.data</name>
         <load_address>0xae95</load_address>
         <run_address>0xae95</run_address>
         <size>0x1</size>
         <input_file_ref idref="fl-4f"/>
      </object_component>
      <object_component id="oc-4f1">
         <name>.data</name>
         <load_address>0xae94</load_address>
         <run_address>0xae94</run_address>
         <size>0x1</size>
         <input_file_ref idref="fl-65"/>
      </object_component>
      <object_component id="oc-bd">
         <name>.sysmem</name>
         <uninitialized>true</uninitialized>
         <run_address>0xf000</run_address>
         <size>0x4</size>
         <input_file_ref idref="fl-4f"/>
      </object_component>
      <object_component id="oc-6f3">
         <name>.sysmem</name>
         <uninitialized>true</uninitialized>
         <run_address>0xf000</run_address>
         <size>0x0</size>
      </object_component>
      <object_component id="oc-287">
         <name>.const:.string</name>
         <load_address>0x90000</load_address>
         <run_address>0x90000</run_address>
         <size>0x5e9</size>
         <input_file_ref idref="fl-3"/>
      </object_component>
      <object_component id="oc-3cb">
         <name>.const:.string:_ctypes_</name>
         <load_address>0x905e9</load_address>
         <run_address>0x905e9</run_address>
         <size>0x101</size>
         <input_file_ref idref="fl-4c"/>
      </object_component>
      <object_component id="oc-212">
         <name>.const:.string</name>
         <load_address>0x906ea</load_address>
         <run_address>0x906ea</run_address>
         <size>0xf0</size>
         <input_file_ref idref="fl-1d"/>
      </object_component>
      <object_component id="oc-144">
         <name>.const:.string</name>
         <load_address>0x907da</load_address>
         <run_address>0x907da</run_address>
         <size>0xef</size>
         <input_file_ref idref="fl-1c"/>
      </object_component>
      <object_component id="oc-446">
         <name>.const:.string</name>
         <load_address>0x908ca</load_address>
         <run_address>0x908ca</run_address>
         <size>0xef</size>
         <input_file_ref idref="fl-1e"/>
      </object_component>
      <object_component id="oc-451">
         <name>.const:.string</name>
         <load_address>0x909ba</load_address>
         <run_address>0x909ba</run_address>
         <size>0xec</size>
         <input_file_ref idref="fl-21"/>
      </object_component>
      <object_component id="oc-130">
         <name>.const:.string</name>
         <load_address>0x90aa6</load_address>
         <run_address>0x90aa6</run_address>
         <size>0x7b</size>
         <input_file_ref idref="fl-1b"/>
      </object_component>
      <object_component id="oc-331">
         <name>.const:.string</name>
         <load_address>0x90b22</load_address>
         <run_address>0x90b22</run_address>
         <size>0x79</size>
         <input_file_ref idref="fl-20"/>
      </object_component>
      <object_component id="oc-46d">
         <name>.const:.string</name>
         <load_address>0x90b9c</load_address>
         <run_address>0x90b9c</run_address>
         <size>0x76</size>
         <input_file_ref idref="fl-22"/>
      </object_component>
      <object_component id="oc-3b1">
         <name>.const:rounders</name>
         <load_address>0x90c12</load_address>
         <run_address>0x90c12</run_address>
         <size>0x2c</size>
         <input_file_ref idref="fl-b"/>
      </object_component>
      <object_component id="oc-499">
         <name>.const:.string</name>
         <load_address>0x90c3e</load_address>
         <run_address>0x90c3e</run_address>
         <size>0x26</size>
         <input_file_ref idref="fl-56"/>
      </object_component>
      <object_component id="oc-3c6">
         <name>.const:.string</name>
         <load_address>0x90c64</load_address>
         <run_address>0x90c64</run_address>
         <size>0x25</size>
         <input_file_ref idref="fl-4d"/>
      </object_component>
      <object_component id="oc-4a9">
         <name>.const</name>
         <load_address>0x90c8a</load_address>
         <run_address>0x90c8a</run_address>
         <size>0x1c</size>
         <input_file_ref idref="fl-56"/>
      </object_component>
      <object_component id="oc-37a">
         <name>.const:.string</name>
         <load_address>0x90ca6</load_address>
         <run_address>0x90ca6</run_address>
         <size>0x1a</size>
         <input_file_ref idref="fl-d"/>
      </object_component>
      <object_component id="oc-5a4">
         <name>.const</name>
         <load_address>0x90cc0</load_address>
         <run_address>0x90cc0</run_address>
         <size>0x1c</size>
         <input_file_ref idref="fl-67"/>
      </object_component>
      <object_component id="oc-f3">
         <name>.const</name>
         <load_address>0x90cdc</load_address>
         <run_address>0x90cdc</run_address>
         <size>0xe</size>
         <input_file_ref idref="fl-8"/>
      </object_component>
      <object_component id="oc-391">
         <name>.const:.string</name>
         <load_address>0x90cea</load_address>
         <run_address>0x90cea</run_address>
         <size>0xa</size>
         <input_file_ref idref="fl-10"/>
      </object_component>
      <object_component id="oc-2c0">
         <name>.const</name>
         <load_address>0x90cf4</load_address>
         <run_address>0x90cf4</run_address>
         <size>0x8</size>
         <input_file_ref idref="fl-3"/>
      </object_component>
      <object_component id="oc-37e">
         <name>.const</name>
         <load_address>0x90cfc</load_address>
         <run_address>0x90cfc</run_address>
         <size>0x2</size>
         <input_file_ref idref="fl-d"/>
      </object_component>
      <object_component id="oc-59f">
         <name>.const</name>
         <load_address>0x90d00</load_address>
         <run_address>0x90d00</run_address>
         <size>0x8</size>
         <input_file_ref idref="fl-66"/>
      </object_component>
      <object_component id="oc-2f4">
         <name>.TI.ramfunc</name>
         <load_address>0x90d08</load_address>
         <run_address>0x8000</run_address>
         <size>0xd3</size>
         <input_file_ref idref="fl-a"/>
      </object_component>
      <object_component id="oc-1ab">
         <name>.TI.ramfunc:Flash_initModule</name>
         <load_address>0x90ddb</load_address>
         <run_address>0x80d3</run_address>
         <size>0x43</size>
         <input_file_ref idref="fl-1d"/>
      </object_component>
      <object_component id="oc-3dc">
         <name>.TI.ramfunc</name>
         <load_address>0x90e1e</load_address>
         <run_address>0x8116</run_address>
         <size>0x37</size>
         <input_file_ref idref="fl-6"/>
      </object_component>
      <object_component id="oc-21f">
         <name>.TI.ramfunc:Flash_setBankPowerMode</name>
         <load_address>0x90e55</load_address>
         <run_address>0x814d</run_address>
         <size>0x2d</size>
         <input_file_ref idref="fl-1d"/>
      </object_component>
      <object_component id="oc-237">
         <name>.TI.ramfunc:Flash_setWaitstates</name>
         <load_address>0x90e82</load_address>
         <run_address>0x817a</run_address>
         <size>0x26</size>
         <input_file_ref idref="fl-1d"/>
      </object_component>
      <object_component id="oc-225">
         <name>.TI.ramfunc:Flash_setPumpPowerMode</name>
         <load_address>0x90ea8</load_address>
         <run_address>0x81a0</run_address>
         <size>0x1e</size>
         <input_file_ref idref="fl-1d"/>
      </object_component>
      <object_component id="oc-22b">
         <name>.TI.ramfunc:Flash_disableCache</name>
         <load_address>0x90ec6</load_address>
         <run_address>0x81be</run_address>
         <size>0x1a</size>
         <input_file_ref idref="fl-1d"/>
      </object_component>
      <object_component id="oc-231">
         <name>.TI.ramfunc:Flash_disablePrefetch</name>
         <load_address>0x90ee0</load_address>
         <run_address>0x81d8</run_address>
         <size>0x1a</size>
         <input_file_ref idref="fl-1d"/>
      </object_component>
      <object_component id="oc-23d">
         <name>.TI.ramfunc:Flash_enableCache</name>
         <load_address>0x90efa</load_address>
         <run_address>0x81f2</run_address>
         <size>0x19</size>
         <input_file_ref idref="fl-1d"/>
      </object_component>
      <object_component id="oc-243">
         <name>.TI.ramfunc:Flash_enablePrefetch</name>
         <load_address>0x90f13</load_address>
         <run_address>0x820b</run_address>
         <size>0x19</size>
         <input_file_ref idref="fl-1d"/>
      </object_component>
      <object_component id="oc-249">
         <name>.TI.ramfunc:Flash_enableECC</name>
         <load_address>0x90f2c</load_address>
         <run_address>0x8224</run_address>
         <size>0x17</size>
         <input_file_ref idref="fl-1d"/>
      </object_component>
      <object_component id="oc-26e">
         <name>.TI.ramfunc</name>
         <load_address>0x90f43</load_address>
         <run_address>0x823b</run_address>
         <size>0x4</size>
         <input_file_ref idref="fl-23"/>
      </object_component>
      <object_component id="oc-2eb">
         <name>RFFTdata1_test</name>
         <uninitialized>true</uninitialized>
         <run_address>0x13000</run_address>
         <size>0x400</size>
         <input_file_ref idref="fl-3"/>
      </object_component>
      <object_component id="oc-2e8">
         <name>RFFTdata1</name>
         <uninitialized>true</uninitialized>
         <run_address>0x14000</run_address>
         <size>0x400</size>
         <input_file_ref idref="fl-3"/>
      </object_component>
      <object_component id="oc-2b2">
         <name>GETBUFFER</name>
         <uninitialized>true</uninitialized>
         <run_address>0x3fc00</run_address>
         <size>0x278</size>
         <input_file_ref idref="fl-3"/>
      </object_component>
      <object_component id="oc-524">
         <name>ClkCfgRegsFile</name>
         <uninitialized>true</uninitialized>
         <run_address>0x5d200</run_address>
         <size>0x32</size>
         <input_file_ref idref="fl-5"/>
      </object_component>
      <object_component id="oc-527">
         <name>CpuTimer2RegsFile</name>
         <uninitialized>true</uninitialized>
         <run_address>0xc10</run_address>
         <size>0x8</size>
         <input_file_ref idref="fl-5"/>
      </object_component>
      <object_component id="oc-480">
         <name>CpuSysRegsFile</name>
         <uninitialized>true</uninitialized>
         <run_address>0x5d300</run_address>
         <size>0x82</size>
         <input_file_ref idref="fl-5"/>
      </object_component>
      <object_component id="oc-418">
         <name>DcsmCommonRegsFile</name>
         <uninitialized>true</uninitialized>
         <run_address>0x5f070</run_address>
         <size>0x6</size>
         <input_file_ref idref="fl-5"/>
      </object_component>
      <object_component id="oc-52a">
         <name>DcsmZ1RegsFile</name>
         <uninitialized>true</uninitialized>
         <run_address>0x5f000</run_address>
         <size>0x22</size>
         <input_file_ref idref="fl-5"/>
      </object_component>
      <object_component id="oc-52d">
         <name>DcsmZ2RegsFile</name>
         <uninitialized>true</uninitialized>
         <run_address>0x5f040</run_address>
         <size>0x22</size>
         <input_file_ref idref="fl-5"/>
      </object_component>
      <object_component id="oc-516">
         <name>Flash0CtrlRegsFile</name>
         <uninitialized>true</uninitialized>
         <run_address>0x5f800</run_address>
         <size>0x182</size>
         <input_file_ref idref="fl-5"/>
      </object_component>
      <object_component id="oc-519">
         <name>Flash0EccRegsFile</name>
         <uninitialized>true</uninitialized>
         <run_address>0x5fb00</run_address>
         <size>0x28</size>
         <input_file_ref idref="fl-5"/>
      </object_component>
      <object_component id="oc-51e">
         <name>FlashPumpSemaphoreRegsFile</name>
         <uninitialized>true</uninitialized>
         <run_address>0x50024</run_address>
         <size>0x2</size>
         <input_file_ref idref="fl-5"/>
      </object_component>
      <object_component id="oc-47d">
         <name>SpiaRegsFile</name>
         <uninitialized>true</uninitialized>
         <run_address>0x6100</run_address>
         <size>0x10</size>
         <input_file_ref idref="fl-5"/>
      </object_component>
      <object_component id="oc-521">
         <name>WdRegsFile</name>
         <uninitialized>true</uninitialized>
         <run_address>0x7000</run_address>
         <size>0x2b</size>
         <input_file_ref idref="fl-5"/>
      </object_component>
      <object_component id="oc-f1">
         <name>.debug_types</name>
         <load_address>0x0</load_address>
         <run_address>0x0</run_address>
         <size>0x4f1</size>
         <input_file_ref idref="fl-2"/>
      </object_component>
      <object_component id="oc-30a">
         <name>.debug_types</name>
         <load_address>0x4f1</load_address>
         <run_address>0x4f1</run_address>
         <size>0x14fd</size>
         <input_file_ref idref="fl-3"/>
      </object_component>
      <object_component id="oc-379">
         <name>.debug_types</name>
         <load_address>0x19ee</load_address>
         <run_address>0x19ee</run_address>
         <size>0x46a</size>
         <input_file_ref idref="fl-4"/>
      </object_component>
      <object_component id="oc-568">
         <name>.debug_types</name>
         <load_address>0x1e58</load_address>
         <run_address>0x1e58</run_address>
         <size>0x388d9</size>
         <input_file_ref idref="fl-5"/>
      </object_component>
      <object_component id="oc-51d">
         <name>.debug_types</name>
         <load_address>0x3a731</load_address>
         <run_address>0x3a731</run_address>
         <size>0x2f</size>
         <input_file_ref idref="fl-6"/>
      </object_component>
      <object_component id="oc-fd">
         <name>.debug_types</name>
         <load_address>0x3a760</load_address>
         <run_address>0x3a760</run_address>
         <size>0x60b</size>
         <input_file_ref idref="fl-8"/>
      </object_component>
      <object_component id="oc-3a0">
         <name>.debug_types</name>
         <load_address>0x3ad6b</load_address>
         <run_address>0x3ad6b</run_address>
         <size>0xd8</size>
         <input_file_ref idref="fl-9"/>
      </object_component>
      <object_component id="oc-41c">
         <name>.debug_types</name>
         <load_address>0x3ae43</load_address>
         <run_address>0x3ae43</run_address>
         <size>0xcc57</size>
         <input_file_ref idref="fl-a"/>
      </object_component>
      <object_component id="oc-3bf">
         <name>.debug_types</name>
         <load_address>0x47a9a</load_address>
         <run_address>0x47a9a</run_address>
         <size>0x61</size>
         <input_file_ref idref="fl-b"/>
      </object_component>
      <object_component id="oc-48a">
         <name>.debug_types</name>
         <load_address>0x47afb</load_address>
         <run_address>0x47afb</run_address>
         <size>0x32f</size>
         <input_file_ref idref="fl-c"/>
      </object_component>
      <object_component id="oc-382">
         <name>.debug_types</name>
         <load_address>0x47e2a</load_address>
         <run_address>0x47e2a</run_address>
         <size>0x139</size>
         <input_file_ref idref="fl-d"/>
      </object_component>
      <object_component id="oc-1b5">
         <name>.debug_types</name>
         <load_address>0x47f63</load_address>
         <run_address>0x47f63</run_address>
         <size>0x8cd</size>
         <input_file_ref idref="fl-f"/>
      </object_component>
      <object_component id="oc-399">
         <name>.debug_types</name>
         <load_address>0x48830</load_address>
         <run_address>0x48830</run_address>
         <size>0x146</size>
         <input_file_ref idref="fl-10"/>
      </object_component>
      <object_component id="oc-138">
         <name>.debug_types</name>
         <load_address>0x0</load_address>
         <run_address>0x0</run_address>
         <size>0x0</size>
         <input_file_ref idref="fl-1b"/>
      </object_component>
      <object_component id="oc-182">
         <name>.debug_types</name>
         <load_address>0x48976</load_address>
         <run_address>0x48976</run_address>
         <size>0x6f2</size>
         <input_file_ref idref="fl-1c"/>
      </object_component>
      <object_component id="oc-250">
         <name>.debug_types</name>
         <load_address>0x49068</load_address>
         <run_address>0x49068</run_address>
         <size>0x136</size>
         <input_file_ref idref="fl-1d"/>
      </object_component>
      <object_component id="oc-43f">
         <name>.debug_types</name>
         <load_address>0x4919e</load_address>
         <run_address>0x4919e</run_address>
         <size>0x2c4</size>
         <input_file_ref idref="fl-1e"/>
      </object_component>
      <object_component id="oc-128">
         <name>.debug_types</name>
         <load_address>0x0</load_address>
         <run_address>0x0</run_address>
         <size>0x0</size>
         <input_file_ref idref="fl-1f"/>
      </object_component>
      <object_component id="oc-333">
         <name>.debug_types</name>
         <load_address>0x49462</load_address>
         <run_address>0x49462</run_address>
         <size>0x18f</size>
         <input_file_ref idref="fl-20"/>
      </object_component>
      <object_component id="oc-459">
         <name>.debug_types</name>
         <load_address>0x495f1</load_address>
         <run_address>0x495f1</run_address>
         <size>0x3fa</size>
         <input_file_ref idref="fl-21"/>
      </object_component>
      <object_component id="oc-46f">
         <name>.debug_types</name>
         <load_address>0x0</load_address>
         <run_address>0x0</run_address>
         <size>0x0</size>
         <input_file_ref idref="fl-22"/>
      </object_component>
      <object_component id="oc-54b">
         <name>.debug_types</name>
         <load_address>0x499eb</load_address>
         <run_address>0x499eb</run_address>
         <size>0x1cdb</size>
         <input_file_ref idref="fl-24"/>
      </object_component>
      <object_component id="oc-55a">
         <name>.debug_types</name>
         <load_address>0x4b6c6</load_address>
         <run_address>0x4b6c6</run_address>
         <size>0xb6</size>
         <input_file_ref idref="fl-25"/>
      </object_component>
      <object_component id="oc-5ff">
         <name>.debug_types</name>
         <load_address>0x4b77c</load_address>
         <run_address>0x4b77c</run_address>
         <size>0x10b</size>
         <input_file_ref idref="fl-26"/>
      </object_component>
      <object_component id="oc-565">
         <name>.debug_types</name>
         <load_address>0x0</load_address>
         <run_address>0x0</run_address>
         <size>0x0</size>
         <input_file_ref idref="fl-27"/>
      </object_component>
      <object_component id="oc-53d">
         <name>.debug_types</name>
         <load_address>0x0</load_address>
         <run_address>0x0</run_address>
         <size>0x0</size>
         <input_file_ref idref="fl-28"/>
      </object_component>
      <object_component id="oc-535">
         <name>.debug_types</name>
         <load_address>0x0</load_address>
         <run_address>0x0</run_address>
         <size>0x0</size>
         <input_file_ref idref="fl-29"/>
      </object_component>
      <object_component id="oc-636">
         <name>.debug_types</name>
         <load_address>0x4b887</load_address>
         <run_address>0x4b887</run_address>
         <size>0x8e</size>
         <input_file_ref idref="fl-2a"/>
      </object_component>
      <object_component id="oc-55c">
         <name>.debug_types</name>
         <load_address>0x4b915</load_address>
         <run_address>0x4b915</run_address>
         <size>0xa1</size>
         <input_file_ref idref="fl-2b"/>
      </object_component>
      <object_component id="oc-640">
         <name>.debug_types</name>
         <load_address>0x0</load_address>
         <run_address>0x0</run_address>
         <size>0x0</size>
         <input_file_ref idref="fl-2c"/>
      </object_component>
      <object_component id="oc-3ac">
         <name>.debug_types</name>
[...]
         <name>f_stat</name>
         <value>0x82d57</value>
         <object_component_ref idref="oc-291"/>
      </symbol>
      <symbol id="sm-5f3">
         <name>f_mount</name>
         <value>0x8279d</value>
         <object_component_ref idref="oc-291"/>
      </symbol>
      <symbol id="sm-5f4">
         <name>f_readdir</name>
         <value>0x82d11</value>
         <object_component_ref idref="oc-291"/>
      </symbol>
      <symbol id="sm-60e">
         <name>CPUTimer_setEmulationMode</name>
         <value>0x8705a</value>
         <object_component_ref idref="oc-ea"/>
      </symbol>
      <symbol id="sm-695">
         <name>EPWM_configureSignal</name>
         <value>0x8576d</value>
         <object_component_ref idref="oc-f6"/>
      </symbol>
      <symbol id="sm-70f">
         <name>Flash_initModule</name>
         <value>0x80d3</value>
         <object_component_ref idref="oc-1ab"/>
      </symbol>
      <symbol id="sm-751">
         <name>GPIO_setQualificationMode</name>
         <value>0x86963</value>
         <object_component_ref idref="oc-360"/>
      </symbol>
      <symbol id="sm-752">
         <name>GPIO_setPadConfig</name>
         <value>0x86680</value>
         <object_component_ref idref="oc-354"/>
      </symbol>
      <symbol id="sm-753">
         <name>GPIO_setDirectionMode</name>
         <value>0x86a9f</value>
         <object_component_ref idref="oc-34e"/>
      </symbol>
      <symbol id="sm-754">
         <name>GPIO_setPinConfig</name>
         <value>0x8699b</value>
         <object_component_ref idref="oc-348"/>
      </symbol>
      <symbol id="sm-755">
         <name>GPIO_setMasterCore</name>
         <value>0x8692b</value>
         <object_component_ref idref="oc-35a"/>
      </symbol>
      <symbol id="sm-7a7">
         <name>Interrupt_initModule</name>
         <value>0x868ee</value>
         <object_component_ref idref="oc-275"/>
      </symbol>
      <symbol id="sm-7a8">
         <name>Interrupt_enable</name>
         <value>0x86a06</value>
         <object_component_ref idref="oc-df"/>
      </symbol>
      <symbol id="sm-7a9">
         <name>Interrupt_initVectorTable</name>
         <value>0x86e48</value>
         <object_component_ref idref="oc-27b"/>
      </symbol>
      <symbol id="sm-7bb">
         <name>MemCfg_setGSRAMMasterSel</name>
         <value>0x86d08</value>
         <object_component_ref idref="oc-26f"/>
      </symbol>
      <symbol id="sm-7ff">
         <name>SCI_clearInterruptStatus</name>
         <value>0x86762</value>
         <object_component_ref idref="oc-366"/>
      </symbol>
      <symbol id="sm-800">
         <name>SCI_setConfig</name>
         <value>0x868b0</value>
         <object_component_ref idref="oc-36c"/>
      </symbol>
      <symbol id="sm-81f">
         <name>SPI_setConfig</name>
         <value>0x865ca</value>
         <object_component_ref idref="oc-372"/>
      </symbol>
      <symbol id="sm-822">
         <name>SysCtl_delay</name>
         <value>0x823b</value>
         <object_component_ref idref="oc-26e"/>
      </symbol>
      <symbol id="sm-831">
         <name>Fapi_issueAsyncCommandWithAddress</name>
         <value>0x86e06</value>
         <object_component_ref idref="oc-3f4"/>
      </symbol>
      <symbol id="sm-83f">
         <name>Fapi_doBlankCheck</name>
         <value>0x869d2</value>
         <object_component_ref idref="oc-400"/>
      </symbol>
      <symbol id="sm-86c">
         <name>Fapi_flushPipeline</name>
         <value>0x87080</value>
         <object_component_ref idref="oc-54d"/>
      </symbol>
      <symbol id="sm-86d">
         <name>_Fapi_loopRegionForValue</name>
         <value>0x864d3</value>
         <object_component_ref idref="oc-553"/>
      </symbol>
      <symbol id="sm-86e">
         <name>_Fapi_checkRegionForValue</name>
         <value>0x86452</value>
         <object_component_ref idref="oc-55e"/>
      </symbol>
      <symbol id="sm-87b">
         <name>Fapi_doVerify</name>
         <value>0x870e8</value>
         <object_component_ref idref="oc-412"/>
      </symbol>
      <symbol id="sm-8c8">
         <name>_Fapi_issueFsmCommand</name>
         <value>0x867a8</value>
         <object_component_ref idref="oc-53e"/>
      </symbol>
      <symbol id="sm-8c9">
         <name>Fapi_setActiveFlashBank</name>
         <value>0x86c66</value>
         <object_component_ref idref="oc-3ee"/>
      </symbol>
      <symbol id="sm-8ca">
         <name>Fapi_isAddressEcc</name>
         <value>0x86de4</value>
         <object_component_ref idref="oc-600"/>
      </symbol>
      <symbol id="sm-8cb">
         <name>Fapi_checkFsmForReady</name>
         <value>0x87178</value>
         <object_component_ref idref="oc-3fa"/>
      </symbol>
      <symbol id="sm-8cc">
         <name>_Fapi_setupSectorsForWrite</name>
         <value>0x86d2f</value>
         <object_component_ref idref="oc-544"/>
      </symbol>
      <symbol id="sm-8cd">
         <name>Fapi_getFsmStatus</name>
         <value>0x871d6</value>
         <object_component_ref idref="oc-40c"/>
      </symbol>
      <symbol id="sm-8df">
         <name>Fapi_initializeAPI</name>
         <value>0x86830</value>
         <object_component_ref idref="oc-3e8"/>
      </symbol>
      <symbol id="sm-8e0">
         <name>Fapi_GlobalInit</name>
         <value>0xadd2</value>
         <object_component_ref idref="oc-531"/>
      </symbol>
      <symbol id="sm-908">
         <name>Fapi_calculateFletcherChecksum</name>
         <value>0x86b91</value>
         <object_component_ref idref="oc-637"/>
      </symbol>
      <symbol id="sm-909">
         <name>_Fapi_scaleCycleValues</name>
         <value>0x8713b</value>
         <object_component_ref idref="oc-5e3"/>
      </symbol>
      <symbol id="sm-90a">
         <name>_Fapi_calculateOtpChecksum</name>
         <value>0x87183</value>
         <object_component_ref idref="oc-5dd"/>
      </symbol>
      <symbol id="sm-90b">
         <name>_Fapi_divideUnsignedLong</name>
         <value>0x86be8</value>
         <object_component_ref idref="oc-5d7"/>
      </symbol>
      <symbol id="sm-933">
         <name>Fapi_issueProgrammingCommand</name>
         <value>0x85b2e</value>
         <object_component_ref idref="oc-406"/>
      </symbol>
      <symbol id="sm-94e">
         <name>Fapi_setupEepromSectorEnable</name>
         <value>0x86553</value>
         <object_component_ref idref="oc-5ee"/>
      </symbol>
      <symbol id="sm-94f">
         <name>Fapi_setupBankSectorEnable</name>
         <value>0x86b62</value>
         <object_component_ref idref="oc-5f4"/>
      </symbol>
      <symbol id="sm-950">
         <name>Fapi_serviceWatchdogTimer</name>
         <value>0x871ef</value>
         <object_component_ref idref="oc-606"/>
      </symbol>
      <symbol id="sm-95f">
         <name>sprintf</name>
         <value>0x86a6d</value>
         <object_component_ref idref="oc-2a6"/>
      </symbol>
      <symbol id="sm-969">
         <name>_c_int00</name>
         <value>0x86ff0</value>
         <object_component_ref idref="oc-113"/>
      </symbol>
      <symbol id="sm-96a">
         <name>__stack</name>
         <value>0x400</value>
         <object_component_ref idref="oc-bc"/>
      </symbol>
      <symbol id="sm-981">
         <name>__c28xabi_addd</name>
         <value>0x86186</value>
         <object_component_ref idref="oc-3b4"/>
      </symbol>
      <symbol id="sm-98f">
         <name>__c28xabi_mpyd</name>
         <value>0x863cf</value>
         <object_component_ref idref="oc-2c1"/>
      </symbol>
      <symbol id="sm-99c">
         <name>__c28xabi_divf</name>
         <value>0x86347</value>
         <object_component_ref idref="oc-e5"/>
      </symbol>
      <symbol id="sm-9a6">
         <name>__c28xabi_cmpll</name>
         <value>0x86ec5</value>
         <object_component_ref idref="oc-49a"/>
      </symbol>
      <symbol id="sm-9a7">
         <name>__c28xabi_cmpull</name>
         <value>0x86ed7</value>
         <object_component_ref idref="oc-49a"/>
      </symbol>
      <symbol id="sm-9af">
         <name>__c28xabi_divul</name>
         <value>0x86c59</value>
         <object_component_ref idref="oc-3b9"/>
      </symbol>
      <symbol id="sm-9b0">
         <name>__c28xabi_modul</name>
         <value>0x86c60</value>
         <object_component_ref idref="oc-3b9"/>
      </symbol>
      <symbol id="sm-9b1">
         <name>__c28xabi_modl</name>
         <value>0x86c4b</value>
         <object_component_ref idref="oc-3b9"/>
      </symbol>
      <symbol id="sm-9b2">
         <name>__c28xabi_divl</name>
         <value>0x86c3c</value>
         <object_component_ref idref="oc-3b9"/>
      </symbol>
      <symbol id="sm-9be">
         <name>__c28xabi_ftod</name>
         <value>0x86f3a</value>
         <object_component_ref idref="oc-2bb"/>
      </symbol>
      <symbol id="sm-9ca">
         <name>__c28xabi_dtof</name>
         <value>0x86dc1</value>
         <object_component_ref idref="oc-2cb"/>
      </symbol>
      <symbol id="sm-9dd">
         <name>__c28xabi_divd</name>
         <value>0x862bc</value>
         <object_component_ref idref="oc-2c6"/>
      </symbol>
      <symbol id="sm-9ef">
         <name>memcpy</name>
         <value>0x86f1d</value>
         <object_component_ref idref="oc-c2"/>
      </symbol>
      <symbol id="sm-9fc">
         <name>_system_pre_init</name>
         <value>0x871f5</value>
         <object_component_ref idref="oc-191"/>
      </symbol>
      <symbol id="sm-a0b">
         <name>__TI_auto_init_nobinit_nopinit</name>
         <value>0x86bbd</value>
         <object_component_ref idref="oc-1cc"/>
      </symbol>
      <symbol id="sm-a18">
         <name>__TI_zero_init</name>
         <value>0x871e4</value>
         <object_component_ref idref="oc-d0"/>
      </symbol>
      <symbol id="sm-a25">
         <name>__TI_decompress_none</name>
         <value>0x871c6</value>
         <object_component_ref idref="oc-92"/>
      </symbol>
      <symbol id="sm-a39">
         <name>__TI_decompress_lzss</name>
         <value>0x86ad0</value>
         <object_component_ref idref="oc-8c"/>
      </symbol>
      <symbol id="sm-a4f">
         <name>C$$EXIT</name>
         <value>0x86c8f</value>
         <object_component_ref idref="oc-19e"/>
      </symbol>
      <symbol id="sm-a50">
         <name>abort</name>
         <value>0x86c8f</value>
         <object_component_ref idref="oc-19e"/>
      </symbol>
      <symbol id="sm-a51">
         <name>exit</name>
         <value>0x86c91</value>
         <object_component_ref idref="oc-19e"/>
      </symbol>
      <symbol id="sm-a52">
         <name>__TI_dtors_ptr</name>
         <value>0xae8a</value>
         <object_component_ref idref="oc-204"/>
      </symbol>
      <symbol id="sm-a53">
         <name>__TI_cleanup_ptr</name>
         <value>0xae88</value>
         <object_component_ref idref="oc-204"/>
      </symbol>
      <symbol id="sm-a54">
         <name>__TI_enable_exit_profile_output</name>
         <value>0xae86</value>
         <object_component_ref idref="oc-204"/>
      </symbol>
      <symbol id="sm-a6b">
         <name>_nop</name>
         <value>0x871ab</value>
         <object_component_ref idref="oc-310"/>
      </symbol>
      <symbol id="sm-a6c">
         <name>_lock</name>
         <value>0xae8c</value>
         <object_component_ref idref="oc-207"/>
      </symbol>
      <symbol id="sm-a6d">
         <name>_unlock</name>
         <value>0xae8e</value>
         <object_component_ref idref="oc-424"/>
      </symbol>
      <symbol id="sm-a6e">
         <name>_register_lock</name>
         <value>0x871a7</value>
         <object_component_ref idref="oc-310"/>
      </symbol>
      <symbol id="sm-a6f">
         <name>_register_unlock</name>
         <value>0x871a3</value>
         <object_component_ref idref="oc-310"/>
      </symbol>
      <symbol id="sm-a7e">
         <name>_args_main</name>
         <value>0x87160</value>
         <object_component_ref idref="oc-198"/>
      </symbol>
      <symbol id="sm-a93">
         <name>atoi</name>
         <value>0x86b01</value>
         <object_component_ref idref="oc-2e2"/>
      </symbol>
      <symbol id="sm-a9e">
         <name>_ctypes_</name>
         <value>0x905e9</value>
         <object_component_ref idref="oc-3cb"/>
      </symbol>
      <symbol id="sm-aaf">
         <name>ltoa</name>
         <value>0x86ce0</value>
         <object_component_ref idref="oc-2d6"/>
      </symbol>
      <symbol id="sm-abe">
         <name>memcmp</name>
         <value>0x87093</value>
         <object_component_ref idref="oc-38b"/>
      </symbol>
      <symbol id="sm-b25">
         <name>_sys_memory</name>
         <value>0xf000</value>
         <object_component_ref idref="oc-bd"/>
      </symbol>
      <symbol id="sm-b26">
         <name>free</name>
         <value>0x85096</value>
         <object_component_ref idref="oc-303"/>
      </symbol>
      <symbol id="sm-b27">
         <name>__TI_heap_total_available</name>
         <value>0x852c3</value>
         <object_component_ref idref="oc-303"/>
      </symbol>
      <symbol id="sm-b28">
         <name>__TI_heap_largest_available</name>
         <value>0x852e2</value>
         <object_component_ref idref="oc-303"/>
      </symbol>
      <symbol id="sm-b29">
         <name>realloc</name>
         <value>0x85160</value>
         <object_component_ref idref="oc-303"/>
      </symbol>
      <symbol id="sm-b2a">
         <name>memalign</name>
         <value>0x85215</value>
         <object_component_ref idref="oc-303"/>
      </symbol>
      <symbol id="sm-b2b">
         <name>calloc</name>
         <value>0x851e8</value>
         <object_component_ref idref="oc-303"/>
      </symbol>
      <symbol id="sm-b2c">
         <name>malloc</name>
         <value>0x8506b</value>
         <object_component_ref idref="oc-303"/>
      </symbol>
      <symbol id="sm-b2d">
         <name>__TI_heap_check</name>
         <value>0x85301</value>
         <object_component_ref idref="oc-303"/>
      </symbol>
      <symbol id="sm-b2e">
         <name>aligned_alloc</name>
         <value>0x85215</value>
         <object_component_ref idref="oc-303"/>
      </symbol>
      <symbol id="sm-b2f">
         <name>minit</name>
         <value>0x851e4</value>
         <object_component_ref idref="oc-303"/>
      </symbol>
      <symbol id="sm-b3e">
         <name>memset</name>
         <value>0x871dd</value>
         <object_component_ref idref="oc-10c"/>
      </symbol>
      <symbol id="sm-b4e">
         <name>strcat</name>
         <value>0x871b5</value>
         <object_component_ref idref="oc-2d0"/>
      </symbol>
      <symbol id="sm-b5d">
         <name>strcmp</name>
         <value>0x87199</value>
         <object_component_ref idref="oc-2ee"/>
      </symbol>
      <symbol id="sm-b6b">
         <name>strcpy</name>
         <value>0x871ea</value>
         <object_component_ref idref="oc-2dc"/>
      </symbol>
      <symbol id="sm-b79">
         <name>strlen</name>
         <value>0x871ce</value>
         <object_component_ref idref="oc-2ac"/>
      </symbol>
      <symbol id="sm-b8a">
         <name>strncpy</name>
         <value>0x87031</value>
         <object_component_ref idref="oc-2fd"/>
      </symbol>
      <symbol id="sm-ceb">
         <name>__TI_printfi</name>
         <value>0x83be6</value>
         <object_component_ref idref="oc-3a5"/>
      </symbol>
      <symbol id="sm-cf7">
         <name>__c28xabi_cmpd</name>
         <value>0x86c12</value>
         <object_component_ref idref="oc-4aa"/>
      </symbol>
      <symbol id="sm-d00">
         <name>__c28xabi_negd</name>
         <value>0x871ac</value>
         <object_component_ref idref="oc-4af"/>
      </symbol>
      <symbol id="sm-d08">
         <name>__c28xabi_subd</name>
         <value>0x87113</value>
         <object_component_ref idref="oc-4c4"/>
      </symbol>
      <symbol id="sm-d13">
         <name>__c28xabi_dtoi</name>
         <value>0x86e27</value>
         <object_component_ref idref="oc-4c9"/>
      </symbol>
      <symbol id="sm-d1e">
         <name>__c28xabi_dtol</name>
         <value>0x86ea6</value>
         <object_component_ref idref="oc-4b4"/>
      </symbol>
      <symbol id="sm-d26">
         <name>__c28xabi_orll</name>
         <value>0x86fe0</value>
         <object_component_ref idref="oc-4a4"/>
      </symbol>
      <symbol id="sm-d27">
         <name>__c28xabi_xorll</name>
         <value>0x86fe8</value>
         <object_component_ref idref="oc-4a4"/>
      </symbol>
      <symbol id="sm-d28">
         <name>__c28xabi_andll</name>
         <value>0x86fd8</value>
         <object_component_ref idref="oc-4a4"/>
      </symbol>
      <symbol id="sm-d4f">
         <name>__c28xabi_modull</name>
         <value>0x85f8d</value>
         <object_component_ref idref="oc-49f"/>
      </symbol>
      <symbol id="sm-d50">
         <name>__c28xabi_divull</name>
         <value>0x85f5e</value>
         <object_component_ref idref="oc-49f"/>
      </symbol>
      <symbol id="sm-d51">
         <name>__c28xabi_divll</name>
         <value>0x85ee8</value>
         <object_component_ref idref="oc-49f"/>
      </symbol>
      <symbol id="sm-d52">
         <name>__c28xabi_modll</name>
         <value>0x85f24</value>
         <object_component_ref idref="oc-49f"/>
      </symbol>
      <symbol id="sm-d5e">
         <name>__c28xabi_itod</name>
         <value>0x86f00</value>
         <object_component_ref idref="oc-4da"/>
      </symbol>
      <symbol id="sm-d6a">
         <name>__c28xabi_ltod</name>
         <value>0x86f56</value>
         <object_component_ref idref="oc-4bf"/>
      </symbol>
      <symbol id="sm-d78">
         <name>_system_post_cinit</name>
         <value>0x83083</value>
         <object_component_ref idref="oc-259"/>
      </symbol>
      <symbol id="sm-d87">
         <name>__TI_ltoa</name>
         <value>0x86b32</value>
         <object_component_ref idref="oc-4b9"/>
      </symbol>
      <symbol id="sm-d97">
         <name>memccpy</name>
         <value>0x870d8</value>
         <object_component_ref idref="oc-4e5"/>
      </symbol>
      <symbol id="sm-da7">
         <name>strchr</name>
         <value>0x8716c</value>
         <object_component_ref idref="oc-4df"/>
      </symbol>
      <symbol id="sm-db2">
         <name>errno</name>
         <value>0xae94</value>
         <object_component_ref idref="oc-4f1"/>
      </symbol>
      <symbol id="sm-dc9">
         <name>frexpl</name>
         <value>0x86626</value>
         <object_component_ref idref="oc-4ce"/>
      </symbol>
      <symbol id="sm-dca">
         <name>frexp</name>
         <value>0x86626</value>
         <object_component_ref idref="oc-4ce"/>
      </symbol>
      <symbol id="sm-dec">
         <name>scalbn</name>
         <value>0x860d8</value>
         <object_component_ref idref="oc-4d4"/>
      </symbol>
      <symbol id="sm-ded">
         <name>scalbnl</name>
         <value>0x860d8</value>
         <object_component_ref idref="oc-4d4"/>
      </symbol>
      <symbol id="sm-dee">
         <name>ldexpl</name>
         <value>0x860d8</value>
         <object_component_ref idref="oc-4d4"/>
      </symbol>
      <symbol id="sm-def">
         <name>ldexp</name>
         <value>0x860d8</value>
         <object_component_ref idref="oc-4d4"/>
      </symbol>
      <symbol id="sm-dfe">
         <name>wcslen</name>
         <value>0x8718e</value>
         <object_component_ref idref="oc-4eb"/>
      </symbol>
      <symbol id="sm-e0c">
         <name>copysign</name>
         <value>0x86d54</value>
         <object_component_ref idref="oc-5a7"/>
      </symbol>
      <symbol id="sm-e0d">
         <name>copysignl</name>
         <value>0x86d54</value>
         <object_component_ref idref="oc-5a7"/>
      </symbol>
      <symbol id="sm-e0f">
         <name>__c_args__</name>
         <value>0x0</value>
      </symbol>
   </symbol_table>
   <title>Link successful</title>
</link_info>
