<?xml version="1.0" encoding="ISO-8859-1" ?>
<link_info>
   <banner>TMS320C2000 Linker PC v20.2.2.LTS</banner>
   <copyright>Copyright (c) 1996-2018 Texas Instruments Incorporated</copyright>
   <link_time>0x60aeefa1</link_time>
   <link_errors>0x0</link_errors>
   <output_file>DiagnosysUps_CPU02.out</output_file>
   <entry_point>
      <name>code_start</name>
      <address>0x80000</address>
   </entry_point>
   <input_file_list>
      <input_file id="fl-2">
         <path>.\</path>
         <kind>object</kind>
         <file>CpuTimer1_2.obj</file>
         <name>CpuTimer1_2.obj</name>
      </input_file>
      <input_file id="fl-3">
         <path>.\</path>
         <kind>object</kind>
         <file>DiagnosysUps_CPU02.obj</file>
         <name>DiagnosysUps_CPU02.obj</name>
      </input_file>
      <input_file id="fl-4">
         <path>.\syscfg\</path>
         <kind>object</kind>
         <file>board.obj</file>
         <name>board.obj</name>
      </input_file>
      <input_file id="fl-5">
         <path>.\</path>
         <kind>object</kind>
         <file>F2837xD_GlobalVariableDefs.obj</file>
         <name>F2837xD_GlobalVariableDefs.obj</name>
      </input_file>
      <input_file id="fl-6">
         <path>.\</path>
         <kind>object</kind>
         <file>F2837xD_SysCtrl.obj</file>
         <name>F2837xD_SysCtrl.obj</name>
      </input_file>
      <input_file id="fl-7">
         <path>.\</path>
         <kind>object</kind>
         <file>SerialCommandUI.obj</file>
         <name>SerialCommandUI.obj</name>
      </input_file>
      <input_file id="fl-8">
         <path>.\</path>
         <kind>object</kind>
         <file>USE_EPWM3.obj</file>
         <name>USE_EPWM3.obj</name>
      </input_file>
      <input_file id="fl-9">
         <path>.\</path>
         <kind>object</kind>
         <file>cmdline.obj</file>
         <name>cmdline.obj</name>
      </input_file>
      <input_file id="fl-a">
         <path>.\</path>
         <kind>object</kind>
         <file>cpuFlashMemory.obj</file>
         <name>cpuFlashMemory.obj</name>
      </input_file>
      <input_file id="fl-b">
         <path>.\</path>
         <kind>object</kind>
         <file>ftoa.obj</file>
         <name>ftoa.obj</name>
      </input_file>
      <input_file id="fl-c">
         <path>.\</path>
         <kind>object</kind>
         <file>mmc_f2837xd.obj</file>
         <name>mmc_f2837xd.obj</name>
      </input_file>
      <input_file id="fl-d">
         <path>.\</path>
         <kind>object</kind>
         <file>scistdio.obj</file>
         <name>scistdio.obj</name>
      </input_file>
      <input_file id="fl-e">
         <path>.\device\</path>
         <kind>object</kind>
         <file>F2837xD_CodeStartBranch.obj</file>
         <name>F2837xD_CodeStartBranch.obj</name>
      </input_file>
      <input_file id="fl-f">
         <path>.\device\</path>
         <kind>object</kind>
         <file>device.obj</file>
         <name>device.obj</name>
      </input_file>
      <input_file id="fl-10">
         <path>.\fatfs\src\</path>
         <kind>object</kind>
         <file>ff.obj</file>
         <name>ff.obj</name>
      </input_file>
      <input_file id="fl-17">
         <kind>object</kind>
         <file>&lt;internal&gt;</file>
         <name>&lt;internal&gt;</name>
      </input_file>
      <input_file id="fl-1b">
         <path>C:\ti\C2000Ware_3_04_00_00_Software\driverlib\f2837xd\driverlib\ccs\Debug\</path>
         <kind>archive</kind>
         <file>driverlib_eabi.lib</file>
         <name>cputimer.obj</name>
      </input_file>
      <input_file id="fl-1c">
         <path>C:\ti\C2000Ware_3_04_00_00_Software\driverlib\f2837xd\driverlib\ccs\Debug\</path>
         <kind>archive</kind>
         <file>driverlib_eabi.lib</file>
         <name>epwm.obj</name>
      </input_file>
      <input_file id="fl-1d">
         <path>C:\ti\C2000Ware_3_04_00_00_Software\driverlib\f2837xd\driverlib\ccs\Debug\</path>
         <kind>archive</kind>
         <file>driverlib_eabi.lib</file>
         <name>flash.obj</name>
      </input_file>
      <input_file id="fl-1e">
         <path>C:\ti\C2000Ware_3_04_00_00_Software\driverlib\f2837xd\driverlib\ccs\Debug\</path>
         <kind>archive</kind>
         <file>driverlib_eabi.lib</file>
         <name>gpio.obj</name>
      </input_file>
      <input_file id="fl-1f">
         <path>C:\ti\C2000Ware_3_04_00_00_Software\driverlib\f2837xd\driverlib\ccs\Debug\</path>
         <kind>archive</kind>
         <file>driverlib_eabi.lib</file>
         <name>interrupt.obj</name>
      </input_file>
      <input_file id="fl-20">
         <path>C:\ti\C2000Ware_3_04_00_00_Software\driverlib\f2837xd\driverlib\ccs\Debug\</path>
         <kind>archive</kind>
         <file>driverlib_eabi.lib</file>
         <name>memcfg.obj</name>
      </input_file>
      <input_file id="fl-21">
         <path>C:\ti\C2000Ware_3_04_00_00_Software\driverlib\f2837xd\driverlib\ccs\Debug\</path>
         <kind>archive</kind>
         <file>driverlib_eabi.lib</file>
         <name>sci.obj</name>
      </input_file>
      <input_file id="fl-22">
         <path>C:\ti\C2000Ware_3_04_00_00_Software\driverlib\f2837xd\driverlib\ccs\Debug\</path>
         <kind>archive</kind>
         <file>driverlib_eabi.lib</file>
         <name>spi.obj</name>
      </input_file>
      <input_file id="fl-23">
         <path>C:\ti\C2000Ware_3_04_00_00_Software\driverlib\f2837xd\driverlib\ccs\Debug\</path>
         <kind>archive</kind>
         <file>driverlib_eabi.lib</file>
         <name>sysctl.obj</name>
      </input_file>
      <input_file id="fl-24">
         <path>C:\ti\C2000Ware_3_04_00_00_Software\libraries\flash_api\f2837xd\lib\</path>
         <kind>archive</kind>
         <file>F021_API_F2837xD_FPU32_EABI.lib</file>
         <name>Async.obj</name>
      </input_file>
      <input_file id="fl-25">
         <path>C:\ti\C2000Ware_3_04_00_00_Software\libraries\flash_api\f2837xd\lib\</path>
         <kind>archive</kind>
         <file>F021_API_F2837xD_FPU32_EABI.lib</file>
         <name>BlankCheck.obj</name>
      </input_file>
      <input_file id="fl-26">
         <path>C:\ti\C2000Ware_3_04_00_00_Software\libraries\flash_api\f2837xd\lib\</path>
         <kind>archive</kind>
         <file>F021_API_F2837xD_FPU32_EABI.lib</file>
         <name>Read.obj</name>
      </input_file>
      <input_file id="fl-27">
         <path>C:\ti\C2000Ware_3_04_00_00_Software\libraries\flash_api\f2837xd\lib\</path>
         <kind>archive</kind>
         <file>F021_API_F2837xD_FPU32_EABI.lib</file>
         <name>Verify.obj</name>
      </input_file>
      <input_file id="fl-28">
         <path>C:\ti\C2000Ware_3_04_00_00_Software\libraries\flash_api\f2837xd\lib\</path>
         <kind>archive</kind>
         <file>F021_API_F2837xD_FPU32_EABI.lib</file>
         <name>FlashStateMachine.obj</name>
      </input_file>
      <input_file id="fl-29">
         <path>C:\ti\C2000Ware_3_04_00_00_Software\libraries\flash_api\f2837xd\lib\</path>
         <kind>archive</kind>
         <file>F021_API_F2837xD_FPU32_EABI.lib</file>
         <name>Init.obj</name>
      </input_file>
      <input_file id="fl-2a">
         <path>C:\ti\C2000Ware_3_04_00_00_Software\libraries\flash_api\f2837xd\lib\</path>
         <kind>archive</kind>
         <file>F021_API_F2837xD_FPU32_EABI.lib</file>
         <name>Utilities.obj</name>
      </input_file>
      <input_file id="fl-2b">
         <path>C:\ti\C2000Ware_3_04_00_00_Software\libraries\flash_api\f2837xd\lib\</path>
         <kind>archive</kind>
         <file>F021_API_F2837xD_FPU32_EABI.lib</file>
         <name>Program.obj</name>
      </input_file>
      <input_file id="fl-2c">
         <path>C:\ti\C2000Ware_3_04_00_00_Software\libraries\flash_api\f2837xd\lib\</path>
         <kind>archive</kind>
         <file>F021_API_F2837xD_FPU32_EABI.lib</file>
         <name>Fapi_UserDefinedFunctions.obj</name>
      </input_file>
      <input_file id="fl-38">
         <path>C:\ti\ccs1020\ccs\tools\compiler\ti-cgt-c2000_20.2.2.LTS\lib\</path>
         <kind>archive</kind>
         <file>rts2800_fpu32_eabi.lib</file>
         <name>sprintf.c.obj</name>
      </input_file>
      <input_file id="fl-39">
         <path>C:\ti\ccs1020\ccs\tools\compiler\ti-cgt-c2000_20.2.2.LTS\lib\</path>
         <kind>archive</kind>
         <file>rts2800_fpu32_eabi.lib</file>
         <name>boot28.asm.obj</name>
      </input_file>
      <input_file id="fl-3a">
         <path>C:\ti\ccs1020\ccs\tools\compiler\ti-cgt-c2000_20.2.2.LTS\lib\</path>
         <kind>archive</kind>
         <file>rts2800_fpu32_eabi.lib</file>
         <name>fd_add28.asm.obj</name>
      </input_file>
      <input_file id="fl-3b">
         <path>C:\ti\ccs1020\ccs\tools\compiler\ti-cgt-c2000_20.2.2.LTS\lib\</path>
         <kind>archive</kind>
         <file>rts2800_fpu32_eabi.lib</file>
         <name>fd_mpy28.asm.obj</name>
      </input_file>
      <input_file id="fl-3c">
         <path>C:\ti\ccs1020\ccs\tools\compiler\ti-cgt-c2000_20.2.2.LTS\lib\</path>
         <kind>archive</kind>
         <file>rts2800_fpu32_eabi.lib</file>
         <name>fs_div28.asm.obj</name>
      </input_file>
      <input_file id="fl-3d">
         <path>C:\ti\ccs1020\ccs\tools\compiler\ti-cgt-c2000_20.2.2.LTS\lib\</path>
         <kind>archive</kind>
         <file>rts2800_fpu32_eabi.lib</file>
         <name>ll_cmp28.asm.obj</name>
      </input_file>
      <input_file id="fl-3e">
         <path>C:\ti\ccs1020\ccs\tools\compiler\ti-cgt-c2000_20.2.2.LTS\lib\</path>
         <kind>archive</kind>
         <file>rts2800_fpu32_eabi.lib</file>
         <name>l_div28.asm.obj</name>
      </input_file>
      <input_file id="fl-3f">
         <path>C:\ti\ccs1020\ccs\tools\compiler\ti-cgt-c2000_20.2.2.LTS\lib\</path>
         <kind>archive</kind>
         <file>rts2800_fpu32_eabi.lib</file>
         <name>fs_tofdfpu32.asm.obj</name>
      </input_file>
      <input_file id="fl-40">
         <path>C:\ti\ccs1020\ccs\tools\compiler\ti-cgt-c2000_20.2.2.LTS\lib\</path>
         <kind>archive</kind>
         <file>rts2800_fpu32_eabi.lib</file>
         <name>fd_tofsfpu32.asm.obj</name>
      </input_file>
      <input_file id="fl-41">
         <path>C:\ti\ccs1020\ccs\tools\compiler\ti-cgt-c2000_20.2.2.LTS\lib\</path>
         <kind>archive</kind>
         <file>rts2800_fpu32_eabi.lib</file>
         <name>fd_div28.asm.obj</name>
      </input_file>
      <input_file id="fl-42">
         <path>C:\ti\ccs1020\ccs\tools\compiler\ti-cgt-c2000_20.2.2.LTS\lib\</path>
         <kind>archive</kind>
         <file>rts2800_fpu32_eabi.lib</file>
         <name>memcpy.c.obj</name>
      </input_file>
      <input_file id="fl-43">
         <path>C:\ti\ccs1020\ccs\tools\compiler\ti-cgt-c2000_20.2.2.LTS\lib\</path>
         <kind>archive</kind>
         <file>rts2800_fpu32_eabi.lib</file>
         <name>pre_init.c.obj</name>
      </input_file>
      <input_file id="fl-44">
         <path>C:\ti\ccs1020\ccs\tools\compiler\ti-cgt-c2000_20.2.2.LTS\lib\</path>
         <kind>archive</kind>
         <file>rts2800_fpu32_eabi.lib</file>
         <name>autoinit.c.obj</name>
      </input_file>
      <input_file id="fl-45">
         <path>C:\ti\ccs1020\ccs\tools\compiler\ti-cgt-c2000_20.2.2.LTS\lib\</path>
         <kind>archive</kind>
         <file>rts2800_fpu32_eabi.lib</file>
         <name>copy_zero_init.c.obj</name>
      </input_file>
      <input_file id="fl-46">
         <path>C:\ti\ccs1020\ccs\tools\compiler\ti-cgt-c2000_20.2.2.LTS\lib\</path>
         <kind>archive</kind>
         <file>rts2800_fpu32_eabi.lib</file>
         <name>copy_decompress_none.c.obj</name>
      </input_file>
      <input_file id="fl-47">
         <path>C:\ti\ccs1020\ccs\tools\compiler\ti-cgt-c2000_20.2.2.LTS\lib\</path>
         <kind>archive</kind>
         <file>rts2800_fpu32_eabi.lib</file>
         <name>copy_decompress_lzss.c.obj</name>
      </input_file>
      <input_file id="fl-48">
         <path>C:\ti\ccs1020\ccs\tools\compiler\ti-cgt-c2000_20.2.2.LTS\lib\</path>
         <kind>archive</kind>
         <file>rts2800_fpu32_eabi.lib</file>
         <name>exit.c.obj</name>
      </input_file>
      <input_file id="fl-49">
         <path>C:\ti\ccs1020\ccs\tools\compiler\ti-cgt-c2000_20.2.2.LTS\lib\</path>
         <kind>archive</kind>
         <file>rts2800_fpu32_eabi.lib</file>
         <name>_lock.c.obj</name>
      </input_file>
      <input_file id="fl-4a">
         <path>C:\ti\ccs1020\ccs\tools\compiler\ti-cgt-c2000_20.2.2.LTS\lib\</path>
         <kind>archive</kind>
         <file>rts2800_fpu32_eabi.lib</file>
         <name>args_main.c.obj</name>
      </input_file>
      <input_file id="fl-4b">
         <path>C:\ti\ccs1020\ccs\tools\compiler\ti-cgt-c2000_20.2.2.LTS\lib\</path>
         <kind>archive</kind>
         <file>rts2800_fpu32_eabi.lib</file>
         <name>atoi.c.obj</name>
      </input_file>
      <input_file id="fl-4c">
         <path>C:\ti\ccs1020\ccs\tools\compiler\ti-cgt-c2000_20.2.2.LTS\lib\</path>
         <kind>archive</kind>
         <file>rts2800_fpu32_eabi.lib</file>
         <name>atol.c.obj</name>
      </input_file>
      <input_file id="fl-4d">
         <path>C:\ti\ccs1020\ccs\tools\compiler\ti-cgt-c2000_20.2.2.LTS\lib\</path>
         <kind>archive</kind>
         <file>rts2800_fpu32_eabi.lib</file>
         <name>ctype.c.obj</name>
      </input_file>
      <input_file id="fl-4e">
         <path>C:\ti\ccs1020\ccs\tools\compiler\ti-cgt-c2000_20.2.2.LTS\lib\</path>
         <kind>archive</kind>
         <file>rts2800_fpu32_eabi.lib</file>
         <name>ltoa.c.obj</name>
      </input_file>
      <input_file id="fl-4f">
         <path>C:\ti\ccs1020\ccs\tools\compiler\ti-cgt-c2000_20.2.2.LTS\lib\</path>
         <kind>archive</kind>
         <file>rts2800_fpu32_eabi.lib</file>
         <name>memcmp.c.obj</name>
      </input_file>
      <input_file id="fl-50">
         <path>C:\ti\ccs1020\ccs\tools\compiler\ti-cgt-c2000_20.2.2.LTS\lib\</path>
         <kind>archive</kind>
         <file>rts2800_fpu32_eabi.lib</file>
         <name>memory.c.obj</name>
      </input_file>
      <input_file id="fl-51">
         <path>C:\ti\ccs1020\ccs\tools\compiler\ti-cgt-c2000_20.2.2.LTS\lib\</path>
         <kind>archive</kind>
         <file>rts2800_fpu32_eabi.lib</file>
         <name>memset.c.obj</name>
      </input_file>
      <input_file id="fl-52">
         <path>C:\ti\ccs1020\ccs\tools\compiler\ti-cgt-c2000_20.2.2.LTS\lib\</path>
         <kind>archive</kind>
         <file>rts2800_fpu32_eabi.lib</file>
         <name>strcat.c.obj</name>
      </input_file>
      <input_file id="fl-53">
         <path>C:\ti\ccs1020\ccs\tools\compiler\ti-cgt-c2000_20.2.2.LTS\lib\</path>
         <kind>archive</kind>
         <file>rts2800_fpu32_eabi.lib</file>
         <name>strcmp.c.obj</name>
      </input_file>
      <input_file id="fl-54">
         <path>C:\ti\ccs1020\ccs\tools\compiler\ti-cgt-c2000_20.2.2.LTS\lib\</path>
         <kind>archive</kind>
         <file>rts2800_fpu32_eabi.lib</file>
         <name>strcpy.c.obj</name>
      </input_file>
      <input_file id="fl-55">
         <path>C:\ti\ccs1020\ccs\tools\compiler\ti-cgt-c2000_20.2.2.LTS\lib\</path>
         <kind>archive</kind>
         <file>rts2800_fpu32_eabi.lib</file>
         <name>strlen.c.obj</name>
      </input_file>
      <input_file id="fl-56">
         <path>C:\ti\ccs1020\ccs\tools\compiler\ti-cgt-c2000_20.2.2.LTS\lib\</path>
         <kind>archive</kind>
         <file>rts2800_fpu32_eabi.lib</file>
         <name>strncpy.c.obj</name>
      </input_file>
      <input_file id="fl-57">
         <path>C:\ti\ccs1020\ccs\tools\compiler\ti-cgt-c2000_20.2.2.LTS\lib\</path>
         <kind>archive</kind>
         <file>rts2800_fpu32_eabi.lib</file>
         <name>_printfi.c.obj</name>
      </input_file>
      <input_file id="fl-58">
         <path>C:\ti\ccs1020\ccs\tools\compiler\ti-cgt-c2000_20.2.2.LTS\lib\</path>
         <kind>archive</kind>
         <file>rts2800_fpu32_eabi.lib</file>
         <name>fd_cmp28.asm.obj</name>
      </input_file>
      <input_file id="fl-59">
         <path>C:\ti\ccs1020\ccs\tools\compiler\ti-cgt-c2000_20.2.2.LTS\lib\</path>
         <kind>archive</kind>
         <file>rts2800_fpu32_eabi.lib</file>
         <name>fd_neg28.asm.obj</name>
      </input_file>
      <input_file id="fl-5a">
         <path>C:\ti\ccs1020\ccs\tools\compiler\ti-cgt-c2000_20.2.2.LTS\lib\</path>
         <kind>archive</kind>
         <file>rts2800_fpu32_eabi.lib</file>
         <name>fd_sub28.asm.obj</name>
      </input_file>
      <input_file id="fl-5b">
         <path>C:\ti\ccs1020\ccs\tools\compiler\ti-cgt-c2000_20.2.2.LTS\lib\</path>
         <kind>archive</kind>
         <file>rts2800_fpu32_eabi.lib</file>
         <name>fd_toi28.asm.obj</name>
      </input_file>
      <input_file id="fl-5c">
         <path>C:\ti\ccs1020\ccs\tools\compiler\ti-cgt-c2000_20.2.2.LTS\lib\</path>
         <kind>archive</kind>
         <file>rts2800_fpu32_eabi.lib</file>
         <name>fd_tol28.asm.obj</name>
      </input_file>
      <input_file id="fl-5d">
         <path>C:\ti\ccs1020\ccs\tools\compiler\ti-cgt-c2000_20.2.2.LTS\lib\</path>
         <kind>archive</kind>
         <file>rts2800_fpu32_eabi.lib</file>
         <name>ll_aox28.asm.obj</name>
      </input_file>
      <input_file id="fl-5e">
         <path>C:\ti\ccs1020\ccs\tools\compiler\ti-cgt-c2000_20.2.2.LTS\lib\</path>
         <kind>archive</kind>
         <file>rts2800_fpu32_eabi.lib</file>
         <name>ll_div28.asm.obj</name>
      </input_file>
      <input_file id="fl-5f">
         <path>C:\ti\ccs1020\ccs\tools\compiler\ti-cgt-c2000_20.2.2.LTS\lib\</path>
         <kind>archive</kind>
         <file>rts2800_fpu32_eabi.lib</file>
         <name>i_tofd28.asm.obj</name>
      </input_file>
      <input_file id="fl-60">
         <path>C:\ti\ccs1020\ccs\tools\compiler\ti-cgt-c2000_20.2.2.LTS\lib\</path>
         <kind>archive</kind>
         <file>rts2800_fpu32_eabi.lib</file>
         <name>l_tofd28.asm.obj</name>
      </input_file>
      <input_file id="fl-61">
         <path>C:\ti\ccs1020\ccs\tools\compiler\ti-cgt-c2000_20.2.2.LTS\lib\</path>
         <kind>archive</kind>
         <file>rts2800_fpu32_eabi.lib</file>
         <name>cpy_tbl.c.obj</name>
      </input_file>
      <input_file id="fl-62">
         <path>C:\ti\ccs1020\ccs\tools\compiler\ti-cgt-c2000_20.2.2.LTS\lib\</path>
         <kind>archive</kind>
         <file>rts2800_fpu32_eabi.lib</file>
         <name>startup.c.obj</name>
      </input_file>
      <input_file id="fl-63">
         <path>C:\ti\ccs1020\ccs\tools\compiler\ti-cgt-c2000_20.2.2.LTS\lib\</path>
         <kind>archive</kind>
         <file>rts2800_fpu32_eabi.lib</file>
         <name>_ltoa.c.obj</name>
      </input_file>
      <input_file id="fl-64">
         <path>C:\ti\ccs1020\ccs\tools\compiler\ti-cgt-c2000_20.2.2.LTS\lib\</path>
         <kind>archive</kind>
         <file>rts2800_fpu32_eabi.lib</file>
         <name>memccpy.c.obj</name>
      </input_file>
      <input_file id="fl-65">
         <path>C:\ti\ccs1020\ccs\tools\compiler\ti-cgt-c2000_20.2.2.LTS\lib\</path>
         <kind>archive</kind>
         <file>rts2800_fpu32_eabi.lib</file>
         <name>strchr.c.obj</name>
      </input_file>
      <input_file id="fl-66">
         <path>C:\ti\ccs1020\ccs\tools\compiler\ti-cgt-c2000_20.2.2.LTS\lib\</path>
         <kind>archive</kind>
         <file>rts2800_fpu32_eabi.lib</file>
         <name>errno.c.obj</name>
      </input_file>
      <input_file id="fl-67">
         <path>C:\ti\ccs1020\ccs\tools\compiler\ti-cgt-c2000_20.2.2.LTS\lib\</path>
         <kind>archive</kind>
         <file>rts2800_fpu32_eabi.lib</file>
         <name>s_frexp.c.obj</name>
      </input_file>
      <input_file id="fl-68">
         <path>C:\ti\ccs1020\ccs\tools\compiler\ti-cgt-c2000_20.2.2.LTS\lib\</path>
         <kind>archive</kind>
         <file>rts2800_fpu32_eabi.lib</file>
         <name>s_scalbn.c.obj</name>
      </input_file>
      <input_file id="fl-69">
         <path>C:\ti\ccs1020\ccs\tools\compiler\ti-cgt-c2000_20.2.2.LTS\lib\</path>
         <kind>archive</kind>
         <file>rts2800_fpu32_eabi.lib</file>
         <name>wcslen.c.obj</name>
      </input_file>
      <input_file id="fl-6a">
         <path>C:\ti\ccs1020\ccs\tools\compiler\ti-cgt-c2000_20.2.2.LTS\lib\</path>
         <kind>archive</kind>
         <file>rts2800_fpu32_eabi.lib</file>
         <name>s_copysign.c.obj</name>
      </input_file>
   </input_file_list>
   <object_component_list>
      <object_component id="oc-6ff">
         <name>.cinit..data.load</name>
         <load_address>0x80008</load_address>
         <run_address>0x80008</run_address>
         <size>0x7e</size>
      </object_component>
      <object_component id="oc-6fc">
         <name>__TI_handler_table</name>
         <load_address>0x80086</load_address>
         <run_address>0x80086</run_address>
         <size>0x6</size>
      </object_component>
      <object_component id="oc-6fe">
         <name>.cinit..bss.load</name>
         <load_address>0x8008c</load_address>
         <run_address>0x8008c</run_address>
         <size>0x4</size>
      </object_component>
      <object_component id="oc-702">
         <name>.cinit.PUTBUFFER.load</name>
         <load_address>0x80090</load_address>
         <run_address>0x80090</run_address>
         <size>0x4</size>
      </object_component>
      <object_component id="oc-701">
         <name>.cinit.RFFTdata1.load</name>
         <load_address>0x80094</load_address>
         <run_address>0x80094</run_address>
         <size>0x4</size>
      </object_component>
      <object_component id="oc-700">
         <name>.cinit.RFFTdata1_test.load</name>
         <load_address>0x80098</load_address>
         <run_address>0x80098</run_address>
         <size>0x4</size>
      </object_component>
      <object_component id="oc-6fd">
         <name>__TI_cinit_table</name>
         <load_address>0x8009c</load_address>
         <run_address>0x8009c</run_address>
         <size>0x14</size>
      </object_component>
      <object_component id="oc-290">
         <name>.text</name>
         <load_address>0x82000</load_address>
         <run_address>0x82000</run_address>
         <size>0x1083</size>
         <input_file_ref idref="fl-10"/>
      </object_component>
      <object_component id="oc-259">
         <name>.text</name>
         <load_address>0x83083</load_address>
         <run_address>0x83083</run_address>
         <size>0x1</size>
         <input_file_ref idref="fl-62"/>
      </object_component>
      <object_component id="oc-3ad">
         <name>.text</name>
         <load_address>0x83084</load_address>
         <run_address>0x83084</run_address>
         <size>0xcf3</size>
         <input_file_ref idref="fl-57"/>
      </object_component>
      <object_component id="oc-1fc">
         <name>.text</name>
         <load_address>0x83d77</load_address>
         <run_address>0x83d77</run_address>
         <size>0xc49</size>
         <input_file_ref idref="fl-3"/>
      </object_component>
      <object_component id="oc-38d">
         <name>.text</name>
         <load_address>0x849c0</load_address>
         <run_address>0x849c0</run_address>
         <size>0x499</size>
         <input_file_ref idref="fl-c"/>
      </object_component>
      <object_component id="oc-546">
         <name>.text:_Fapi_setupFlashStateMachine</name>
         <load_address>0x84e59</load_address>
         <run_address>0x84e59</run_address>
         <size>0x2d2</size>
         <input_file_ref idref="fl-28"/>
      </object_component>
      <object_component id="oc-30b">
         <name>.text</name>
         <load_address>0x8512b</load_address>
         <run_address>0x8512b</run_address>
         <size>0x298</size>
         <input_file_ref idref="fl-50"/>
      </object_component>
      <object_component id="oc-3ee">
         <name>.text</name>
         <load_address>0x853c3</load_address>
         <run_address>0x853c3</run_address>
         <size>0x256</size>
         <input_file_ref idref="fl-6"/>
      </object_component>
      <object_component id="oc-287">
         <name>.text</name>
         <load_address>0x85619</load_address>
         <run_address>0x85619</run_address>
         <size>0x214</size>
         <input_file_ref idref="fl-d"/>
      </object_component>
      <object_component id="oc-f6">
         <name>.text:EPWM_configureSignal</name>
         <load_address>0x8582d</load_address>
         <run_address>0x8582d</run_address>
         <size>0x213</size>
         <input_file_ref idref="fl-1c"/>
      </object_component>
      <object_component id="oc-131">
         <name>.text</name>
         <load_address>0x85a40</load_address>
         <run_address>0x85a40</run_address>
         <size>0x1ae</size>
         <input_file_ref idref="fl-f"/>
      </object_component>
      <object_component id="oc-412">
         <name>.text:Fapi_issueProgrammingCommand</name>
         <load_address>0x85bee</load_address>
         <run_address>0x85bee</run_address>
         <size>0x18b</size>
         <input_file_ref idref="fl-2b"/>
      </object_component>
      <object_component id="oc-280">
         <name>.text</name>
         <load_address>0x85d79</load_address>
         <run_address>0x85d79</run_address>
         <size>0x127</size>
         <input_file_ref idref="fl-4"/>
      </object_component>
      <object_component id="oc-a5">
         <name>.text</name>
         <load_address>0x85ea0</load_address>
         <run_address>0x85ea0</run_address>
         <size>0x108</size>
         <input_file_ref idref="fl-2"/>
      </object_component>
      <object_component id="oc-4af">
         <name>.text</name>
         <load_address>0x85fa8</load_address>
         <run_address>0x85fa8</run_address>
         <size>0x107</size>
         <input_file_ref idref="fl-5e"/>
      </object_component>
      <object_component id="oc-2b4">
         <name>.text</name>
         <load_address>0x860af</load_address>
         <run_address>0x860af</run_address>
         <size>0xe9</size>
         <input_file_ref idref="fl-b"/>
      </object_component>
      <object_component id="oc-4e4">
         <name>.text</name>
         <load_address>0x86198</load_address>
         <run_address>0x86198</run_address>
         <size>0xae</size>
         <input_file_ref idref="fl-68"/>
      </object_component>
      <object_component id="oc-3bc">
         <name>.text</name>
         <load_address>0x86246</load_address>
         <run_address>0x86246</run_address>
         <size>0x9c</size>
         <input_file_ref idref="fl-3a"/>
      </object_component>
      <object_component id="oc-b3">
         <name>.text</name>
         <load_address>0x862e2</load_address>
         <run_address>0x862e2</run_address>
         <size>0x9a</size>
         <input_file_ref idref="fl-8"/>
      </object_component>
      <object_component id="oc-2c5">
         <name>.text</name>
         <load_address>0x8637c</load_address>
         <run_address>0x8637c</run_address>
         <size>0x8b</size>
         <input_file_ref idref="fl-41"/>
      </object_component>
      <object_component id="oc-e5">
         <name>.text</name>
         <load_address>0x86407</load_address>
         <run_address>0x86407</run_address>
         <size>0x88</size>
         <input_file_ref idref="fl-3c"/>
      </object_component>
      <object_component id="oc-2c0">
         <name>.text</name>
         <load_address>0x8648f</load_address>
         <run_address>0x8648f</run_address>
         <size>0x83</size>
         <input_file_ref idref="fl-3b"/>
      </object_component>
      <object_component id="oc-56e">
         <name>.text:_Fapi_checkRegionForValue</name>
         <load_address>0x86512</load_address>
         <run_address>0x86512</run_address>
         <size>0x81</size>
         <input_file_ref idref="fl-26"/>
      </object_component>
      <object_component id="oc-563">
         <name>.text:_Fapi_loopRegionForValue</name>
         <load_address>0x86593</load_address>
         <run_address>0x86593</run_address>
         <size>0x80</size>
         <input_file_ref idref="fl-26"/>
      </object_component>
      <object_component id="oc-5fe">
         <name>.text:Fapi_setupEepromSectorEnable</name>
         <load_address>0x86613</load_address>
         <run_address>0x86613</run_address>
         <size>0x77</size>
         <input_file_ref idref="fl-2c"/>
      </object_component>
      <object_component id="oc-37a">
         <name>.text:SPI_setConfig</name>
         <load_address>0x8668a</load_address>
         <run_address>0x8668a</run_address>
         <size>0x5c</size>
         <input_file_ref idref="fl-22"/>
      </object_component>
      <object_component id="oc-4de">
         <name>.text</name>
         <load_address>0x866e6</load_address>
         <run_address>0x866e6</run_address>
         <size>0x5a</size>
         <input_file_ref idref="fl-67"/>
      </object_component>
      <object_component id="oc-35c">
         <name>.text:GPIO_setPadConfig</name>
         <load_address>0x86740</load_address>
         <run_address>0x86740</run_address>
         <size>0x52</size>
         <input_file_ref idref="fl-1e"/>
      </object_component>
      <object_component id="oc-299">
         <name>.text</name>
         <load_address>0x86792</load_address>
         <run_address>0x86792</run_address>
         <size>0x49</size>
         <input_file_ref idref="fl-9"/>
      </object_component>
      <object_component id="oc-13e">
         <name>.text:EPWM_isBaseValid</name>
         <load_address>0x867db</load_address>
         <run_address>0x867db</run_address>
         <size>0x47</size>
         <input_file_ref idref="fl-1c"/>
      </object_component>
      <object_component id="oc-36e">
         <name>.text:SCI_clearInterruptStatus</name>
         <load_address>0x86822</load_address>
         <run_address>0x86822</run_address>
         <size>0x46</size>
         <input_file_ref idref="fl-21"/>
      </object_component>
      <object_component id="oc-54e">
         <name>.text:_Fapi_issueFsmCommand</name>
         <load_address>0x86868</load_address>
         <run_address>0x86868</run_address>
         <size>0x45</size>
         <input_file_ref idref="fl-28"/>
      </object_component>
      <object_component id="oc-17b">
         <name>.text:EPWM_setActionQualifierAction</name>
         <load_address>0x868ad</load_address>
         <run_address>0x868ad</run_address>
         <size>0x43</size>
         <input_file_ref idref="fl-1c"/>
      </object_component>
      <object_component id="oc-3f4">
         <name>.text:Fapi_initializeAPI</name>
         <load_address>0x868f0</load_address>
         <run_address>0x868f0</run_address>
         <size>0x41</size>
         <input_file_ref idref="fl-29"/>
      </object_component>
      <object_component id="oc-16f">
         <name>.text:EPWM_setCounterCompareShadowLoadMode</name>
         <load_address>0x86931</load_address>
         <run_address>0x86931</run_address>
         <size>0x3f</size>
         <input_file_ref idref="fl-1c"/>
      </object_component>
      <object_component id="oc-374">
         <name>.text:SCI_setConfig</name>
         <load_address>0x86970</load_address>
         <run_address>0x86970</run_address>
         <size>0x3e</size>
         <input_file_ref idref="fl-21"/>
      </object_component>
      <object_component id="oc-274">
         <name>.text:Interrupt_initModule</name>
         <load_address>0x869ae</load_address>
         <run_address>0x869ae</run_address>
         <size>0x3d</size>
         <input_file_ref idref="fl-1f"/>
      </object_component>
      <object_component id="oc-362">
         <name>.text:GPIO_setMasterCore</name>
         <load_address>0x869eb</load_address>
         <run_address>0x869eb</run_address>
         <size>0x38</size>
         <input_file_ref idref="fl-1e"/>
      </object_component>
      <object_component id="oc-368">
         <name>.text:GPIO_setQualificationMode</name>
         <load_address>0x86a23</load_address>
         <run_address>0x86a23</run_address>
         <size>0x38</size>
         <input_file_ref idref="fl-1e"/>
      </object_component>
      <object_component id="oc-350">
         <name>.text:GPIO_setPinConfig</name>
         <load_address>0x86a5b</load_address>
         <run_address>0x86a5b</run_address>
         <size>0x37</size>
         <input_file_ref idref="fl-1e"/>
      </object_component>
      <object_component id="oc-2f3">
         <name>.text</name>
         <load_address>0x86a92</load_address>
         <run_address>0x86a92</run_address>
         <size>0x37</size>
         <input_file_ref idref="fl-4c"/>
      </object_component>
      <object_component id="oc-40c">
         <name>.text:Fapi_doBlankCheck</name>
         <load_address>0x86ac9</load_address>
         <run_address>0x86ac9</run_address>
         <size>0x34</size>
         <input_file_ref idref="fl-25"/>
      </object_component>
      <object_component id="oc-df">
         <name>.text:Interrupt_enable</name>
         <load_address>0x86afd</load_address>
         <run_address>0x86afd</run_address>
         <size>0x34</size>
         <input_file_ref idref="fl-1f"/>
      </object_component>
      <object_component id="oc-b0">
         <name>.text:retain</name>
         <load_address>0x86b31</load_address>
         <run_address>0x86b31</run_address>
         <size>0x33</size>
         <input_file_ref idref="fl-8"/>
      </object_component>
      <object_component id="oc-2a5">
         <name>.text</name>
         <load_address>0x86b64</load_address>
         <run_address>0x86b64</run_address>
         <size>0x32</size>
         <input_file_ref idref="fl-38"/>
      </object_component>
      <object_component id="oc-356">
         <name>.text:GPIO_setDirectionMode</name>
         <load_address>0x86b96</load_address>
         <run_address>0x86b96</run_address>
         <size>0x31</size>
         <input_file_ref idref="fl-1e"/>
      </object_component>
      <object_component id="oc-8c">
         <name>.text:decompress:lzss</name>
         <load_address>0x86bc7</load_address>
         <run_address>0x86bc7</run_address>
         <size>0x31</size>
         <input_file_ref idref="fl-47"/>
      </object_component>
      <object_component id="oc-2e1">
         <name>.text</name>
         <load_address>0x86bf8</load_address>
         <run_address>0x86bf8</run_address>
         <size>0x31</size>
         <input_file_ref idref="fl-4b"/>
      </object_component>
      <object_component id="oc-4c9">
         <name>.text</name>
         <load_address>0x86c29</load_address>
         <run_address>0x86c29</run_address>
         <size>0x30</size>
         <input_file_ref idref="fl-63"/>
      </object_component>
      <object_component id="oc-604">
         <name>.text:Fapi_setupBankSectorEnable</name>
         <load_address>0x86c59</load_address>
         <run_address>0x86c59</run_address>
         <size>0x2f</size>
         <input_file_ref idref="fl-2c"/>
      </object_component>
      <object_component id="oc-647">
         <name>.text:Fapi_calculateFletcherChecksum</name>
         <load_address>0x86c88</load_address>
         <run_address>0x86c88</run_address>
         <size>0x2c</size>
         <input_file_ref idref="fl-2a"/>
      </object_component>
      <object_component id="oc-1cc">
         <name>.text:__TI_auto_init_nobinit_nopinit</name>
         <load_address>0x86cb4</load_address>
         <run_address>0x86cb4</run_address>
         <size>0x2b</size>
         <input_file_ref idref="fl-44"/>
      </object_component>
      <object_component id="oc-5e7">
         <name>.text:_Fapi_divideUnsignedLong</name>
         <load_address>0x86cdf</load_address>
         <run_address>0x86cdf</run_address>
         <size>0x2a</size>
         <input_file_ref idref="fl-2a"/>
      </object_component>
      <object_component id="oc-4ba">
         <name>.text</name>
         <load_address>0x86d09</load_address>
         <run_address>0x86d09</run_address>
         <size>0x2a</size>
         <input_file_ref idref="fl-58"/>
      </object_component>
      <object_component id="oc-3c1">
         <name>.text</name>
         <load_address>0x86d33</load_address>
         <run_address>0x86d33</run_address>
         <size>0x2a</size>
         <input_file_ref idref="fl-3e"/>
      </object_component>
      <object_component id="oc-3fa">
         <name>.text:Fapi_setActiveFlashBank</name>
         <load_address>0x86d5d</load_address>
         <run_address>0x86d5d</run_address>
         <size>0x29</size>
         <input_file_ref idref="fl-28"/>
      </object_component>
      <object_component id="oc-19e">
         <name>.text</name>
         <load_address>0x86d86</load_address>
         <run_address>0x86d86</run_address>
         <size>0x29</size>
         <input_file_ref idref="fl-48"/>
      </object_component>
      <object_component id="oc-219">
         <name>.text:Flash_setBankPowerUpDelay</name>
         <load_address>0x86daf</load_address>
         <run_address>0x86daf</run_address>
         <size>0x28</size>
         <input_file_ref idref="fl-1d"/>
      </object_component>
      <object_component id="oc-2d5">
         <name>.text</name>
         <load_address>0x86dd7</load_address>
         <run_address>0x86dd7</run_address>
         <size>0x28</size>
         <input_file_ref idref="fl-4e"/>
      </object_component>
      <object_component id="oc-26e">
         <name>.text:MemCfg_setGSRAMMasterSel</name>
         <load_address>0x86dff</load_address>
         <run_address>0x86dff</run_address>
         <size>0x27</size>
         <input_file_ref idref="fl-20"/>
      </object_component>
      <object_component id="oc-554">
         <name>.text:_Fapi_setupSectorsForWrite</name>
         <load_address>0x86e26</load_address>
         <run_address>0x86e26</run_address>
         <size>0x25</size>
         <input_file_ref idref="fl-28"/>
      </object_component>
      <object_component id="oc-5b9">
         <name>.text</name>
         <load_address>0x86e4b</load_address>
         <run_address>0x86e4b</run_address>
         <size>0x25</size>
         <input_file_ref idref="fl-6a"/>
      </object_component>
      <object_component id="oc-175">
         <name>.text:EPWM_setCounterCompareValue</name>
         <load_address>0x86e70</load_address>
         <run_address>0x86e70</run_address>
         <size>0x24</size>
         <input_file_ref idref="fl-1c"/>
      </object_component>
      <object_component id="oc-a4">
         <name>.text:retain</name>
         <load_address>0x86e94</load_address>
         <run_address>0x86e94</run_address>
         <size>0x24</size>
         <input_file_ref idref="fl-2"/>
      </object_component>
      <object_component id="oc-2ca">
         <name>.text</name>
         <load_address>0x86eb8</load_address>
         <run_address>0x86eb8</run_address>
         <size>0x23</size>
         <input_file_ref idref="fl-40"/>
      </object_component>
      <object_component id="oc-610">
         <name>.text:Fapi_isAddressEcc</name>
         <load_address>0x86edb</load_address>
         <run_address>0x86edb</run_address>
         <size>0x22</size>
         <input_file_ref idref="fl-28"/>
      </object_component>
      <object_component id="oc-400">
         <name>.text:Fapi_issueAsyncCommandWithAddress</name>
         <load_address>0x86efd</load_address>
         <run_address>0x86efd</run_address>
         <size>0x21</size>
         <input_file_ref idref="fl-24"/>
      </object_component>
      <object_component id="oc-4d9">
         <name>.text</name>
         <load_address>0x86f1e</load_address>
         <run_address>0x86f1e</run_address>
         <size>0x21</size>
         <input_file_ref idref="fl-5b"/>
      </object_component>
      <object_component id="oc-27a">
         <name>.text:Interrupt_initVectorTable</name>
         <load_address>0x86f3f</load_address>
         <run_address>0x86f3f</run_address>
         <size>0x20</size>
         <input_file_ref idref="fl-1f"/>
      </object_component>
      <object_component id="oc-163">
         <name>.text:EPWM_setPhaseShift</name>
         <load_address>0x86f5f</load_address>
         <run_address>0x86f5f</run_address>
         <size>0x1f</size>
         <input_file_ref idref="fl-1c"/>
      </object_component>
      <object_component id="oc-45a">
         <name>.text:SCI_isBaseValid</name>
         <load_address>0x86f7e</load_address>
         <run_address>0x86f7e</run_address>
         <size>0x1f</size>
         <input_file_ref idref="fl-21"/>
      </object_component>
      <object_component id="oc-4c4">
         <name>.text</name>
         <load_address>0x86f9d</load_address>
         <run_address>0x86f9d</run_address>
         <size>0x1f</size>
         <input_file_ref idref="fl-5c"/>
      </object_component>
      <object_component id="oc-4aa">
         <name>.text</name>
         <load_address>0x86fbc</load_address>
         <run_address>0x86fbc</run_address>
         <size>0x1e</size>
         <input_file_ref idref="fl-3d"/>
      </object_component>
      <object_component id="oc-14b">
         <name>.text:EPWM_setClockPrescaler</name>
         <load_address>0x86fda</load_address>
         <run_address>0x86fda</run_address>
         <size>0x1d</size>
         <input_file_ref idref="fl-1c"/>
      </object_component>
      <object_component id="oc-4ea">
         <name>.text</name>
         <load_address>0x86ff7</load_address>
         <run_address>0x86ff7</run_address>
         <size>0x1d</size>
         <input_file_ref idref="fl-5f"/>
      </object_component>
      <object_component id="oc-c2">
         <name>.text</name>
         <load_address>0x87014</load_address>
         <run_address>0x87014</run_address>
         <size>0x1d</size>
         <input_file_ref idref="fl-42"/>
      </object_component>
      <object_component id="oc-2ba">
         <name>.text</name>
         <load_address>0x87031</load_address>
         <run_address>0x87031</run_address>
         <size>0x1c</size>
         <input_file_ref idref="fl-3f"/>
      </object_component>
      <object_component id="oc-4cf">
         <name>.text</name>
         <load_address>0x8704d</load_address>
         <run_address>0x8704d</run_address>
         <size>0x1c</size>
         <input_file_ref idref="fl-60"/>
      </object_component>
      <object_component id="oc-12a">
         <name>.text:CPUTimer_isBaseValid</name>
         <load_address>0x87069</load_address>
         <run_address>0x87069</run_address>
         <size>0x1a</size>
         <input_file_ref idref="fl-1b"/>
      </object_component>
      <object_component id="oc-476">
         <name>.text:SPI_isBaseValid</name>
         <load_address>0x87083</load_address>
         <run_address>0x87083</run_address>
         <size>0x1a</size>
         <input_file_ref idref="fl-22"/>
      </object_component>
      <object_component id="oc-469">
         <name>.text:SCI_disableModule</name>
         <load_address>0x8709d</load_address>
         <run_address>0x8709d</run_address>
         <size>0x19</size>
         <input_file_ref idref="fl-21"/>
      </object_component>
      <object_component id="oc-461">
         <name>.text:SCI_performSoftwareReset</name>
         <load_address>0x870b6</load_address>
         <run_address>0x870b6</run_address>
         <size>0x19</size>
         <input_file_ref idref="fl-21"/>
      </object_component>
      <object_component id="oc-4b4">
         <name>.text</name>
         <load_address>0x870cf</load_address>
         <run_address>0x870cf</run_address>
         <size>0x18</size>
         <input_file_ref idref="fl-5d"/>
      </object_component>
      <object_component id="oc-113">
         <name>.text</name>
         <load_address>0x870e7</load_address>
         <run_address>0x870e7</run_address>
         <size>0x17</size>
         <input_file_ref idref="fl-39"/>
      </object_component>
      <object_component id="oc-151">
         <name>.text:EPWM_setTimeBaseCounterMode</name>
         <load_address>0x870fe</load_address>
         <run_address>0x870fe</run_address>
         <size>0x15</size>
         <input_file_ref idref="fl-1c"/>
      </object_component>
      <object_component id="oc-157">
         <name>.text:EPWM_setTimeBasePeriod</name>
         <load_address>0x87113</load_address>
         <run_address>0x87113</run_address>
         <size>0x15</size>
         <input_file_ref idref="fl-1c"/>
      </object_component>
      <object_component id="oc-305">
         <name>.text</name>
         <load_address>0x87128</load_address>
         <run_address>0x87128</run_address>
         <size>0x15</size>
         <input_file_ref idref="fl-56"/>
      </object_component>
      <object_component id="oc-46f">
         <name>.text:SCI_enableModule</name>
         <load_address>0x8713d</load_address>
         <run_address>0x8713d</run_address>
         <size>0x14</size>
         <input_file_ref idref="fl-21"/>
      </object_component>
      <object_component id="oc-ea">
         <name>.text:CPUTimer_setEmulationMode</name>
         <load_address>0x87151</load_address>
         <run_address>0x87151</run_address>
         <size>0x13</size>
         <input_file_ref idref="fl-1b"/>
      </object_component>
      <object_component id="oc-169">
         <name>.text:EPWM_setTimeBaseCounter</name>
         <load_address>0x87164</load_address>
         <run_address>0x87164</run_address>
         <size>0x13</size>
         <input_file_ref idref="fl-1c"/>
      </object_component>
      <object_component id="oc-55d">
         <name>.text:Fapi_flushPipeline</name>
         <load_address>0x87177</load_address>
         <run_address>0x87177</run_address>
         <size>0x13</size>
         <input_file_ref idref="fl-26"/>
      </object_component>
      <object_component id="oc-393">
         <name>.text</name>
         <load_address>0x8718a</load_address>
         <run_address>0x8718a</run_address>
         <size>0x13</size>
         <input_file_ref idref="fl-4f"/>
      </object_component>
      <object_component id="oc-15d">
         <name>.text:EPWM_disablePhaseShiftLoad</name>
         <load_address>0x8719d</load_address>
         <run_address>0x8719d</run_address>
         <size>0x12</size>
         <input_file_ref idref="fl-1c"/>
      </object_component>
      <object_component id="oc-20c">
         <name>.text:Flash_isCtrlBaseValid</name>
         <load_address>0x871af</load_address>
         <run_address>0x871af</run_address>
         <size>0x10</size>
         <input_file_ref idref="fl-1d"/>
      </object_component>
      <object_component id="oc-213">
         <name>.text:Flash_isECCBaseValid</name>
         <load_address>0x871bf</load_address>
         <run_address>0x871bf</run_address>
         <size>0x10</size>
         <input_file_ref idref="fl-1d"/>
      </object_component>
      <object_component id="oc-4f5">
         <name>.text</name>
         <load_address>0x871cf</load_address>
         <run_address>0x871cf</run_address>
         <size>0x10</size>
         <input_file_ref idref="fl-64"/>
      </object_component>
      <object_component id="oc-41e">
         <name>.text:Fapi_doVerify</name>
         <load_address>0x871df</load_address>
         <run_address>0x871df</run_address>
         <size>0xf</size>
         <input_file_ref idref="fl-27"/>
      </object_component>
      <object_component id="oc-44f">
         <name>.text:GPIO_isPinValid</name>
         <load_address>0x871ee</load_address>
         <run_address>0x871ee</run_address>
         <size>0xe</size>
         <input_file_ref idref="fl-1e"/>
      </object_component>
      <object_component id="oc-33d">
         <name>.text:Interrupt_defaultHandler</name>
         <load_address>0x871fc</load_address>
         <run_address>0x871fc</run_address>
         <size>0xe</size>
         <input_file_ref idref="fl-1f"/>
      </object_component>
      <object_component id="oc-4d4">
         <name>.text</name>
         <load_address>0x8720a</load_address>
         <run_address>0x8720a</run_address>
         <size>0xe</size>
         <input_file_ref idref="fl-5a"/>
      </object_component>
      <object_component id="oc-11b">
         <name>.text:Interrupt_disableMaster</name>
         <load_address>0x87218</load_address>
         <run_address>0x87218</run_address>
         <size>0xd</size>
         <input_file_ref idref="fl-1f"/>
      </object_component>
      <object_component id="oc-121">
         <name>.text:Interrupt_enableMaster</name>
         <load_address>0x87225</load_address>
         <run_address>0x87225</run_address>
         <size>0xd</size>
         <input_file_ref idref="fl-1f"/>
      </object_component>
      <object_component id="oc-5f3">
         <name>.text:_Fapi_scaleCycleValues</name>
         <load_address>0x87232</load_address>
         <run_address>0x87232</run_address>
         <size>0xd</size>
         <input_file_ref idref="fl-2a"/>
      </object_component>
      <object_component id="oc-145">
         <name>.text:SysCtl_setEPWMClockDivider</name>
         <load_address>0x8723f</load_address>
         <run_address>0x8723f</run_address>
         <size>0xc</size>
         <input_file_ref idref="fl-1c"/>
      </object_component>
      <object_component id="oc-3e2">
         <name>.text</name>
         <load_address>0x8724b</load_address>
         <run_address>0x8724b</run_address>
         <size>0xc</size>
         <input_file_ref idref="fl-a"/>
      </object_component>
      <object_component id="oc-198">
         <name>.text</name>
         <load_address>0x87257</load_address>
         <run_address>0x87257</run_address>
         <size>0xc</size>
         <input_file_ref idref="fl-4a"/>
      </object_component>
      <object_component id="oc-4ef">
         <name>.text</name>
         <load_address>0x87263</load_address>
         <run_address>0x87263</run_address>
         <size>0xc</size>
         <input_file_ref idref="fl-65"/>
      </object_component>
      <object_component id="oc-406">
         <name>.text:Fapi_checkFsmForReady</name>
         <load_address>0x8726f</load_address>
         <run_address>0x8726f</run_address>
         <size>0xb</size>
         <input_file_ref idref="fl-28"/>
      </object_component>
      <object_component id="oc-5ed">
         <name>.text:_Fapi_calculateOtpChecksum</name>
         <load_address>0x8727a</load_address>
         <run_address>0x8727a</run_address>
         <size>0xb</size>
         <input_file_ref idref="fl-2a"/>
      </object_component>
      <object_component id="oc-4fb">
         <name>.text</name>
         <load_address>0x87285</load_address>
         <run_address>0x87285</run_address>
         <size>0xb</size>
         <input_file_ref idref="fl-69"/>
      </object_component>
      <object_component id="oc-2ed">
         <name>.text</name>
         <load_address>0x87290</load_address>
         <run_address>0x87290</run_address>
         <size>0xa</size>
         <input_file_ref idref="fl-53"/>
      </object_component>
      <object_component id="oc-318">
         <name>.text</name>
         <load_address>0x8729a</load_address>
         <run_address>0x8729a</run_address>
         <size>0x9</size>
         <input_file_ref idref="fl-49"/>
      </object_component>
      <object_component id="oc-4bf">
         <name>.text</name>
         <load_address>0x872a3</load_address>
         <run_address>0x872a3</run_address>
         <size>0x9</size>
         <input_file_ref idref="fl-59"/>
      </object_component>
      <object_component id="oc-2cf">
         <name>.text</name>
         <load_address>0x872ac</load_address>
         <run_address>0x872ac</run_address>
         <size>0x9</size>
         <input_file_ref idref="fl-52"/>
      </object_component>
      <object_component id="oc-d6">
         <name>.text</name>
         <load_address>0x872b5</load_address>
         <run_address>0x872b5</run_address>
         <size>0x8</size>
         <input_file_ref idref="fl-e"/>
      </object_component>
      <object_component id="oc-92">
         <name>.text:decompress:none</name>
         <load_address>0x872bd</load_address>
         <run_address>0x872bd</run_address>
         <size>0x8</size>
         <input_file_ref idref="fl-46"/>
      </object_component>
      <object_component id="oc-2ab">
         <name>.text</name>
         <load_address>0x872c5</load_address>
         <run_address>0x872c5</run_address>
         <size>0x8</size>
         <input_file_ref idref="fl-55"/>
      </object_component>
      <object_component id="oc-418">
         <name>.text:Fapi_getFsmStatus</name>
         <load_address>0x872cd</load_address>
         <run_address>0x872cd</run_address>
         <size>0x7</size>
         <input_file_ref idref="fl-28"/>
      </object_component>
      <object_component id="oc-10c">
         <name>.text</name>
         <load_address>0x872d4</load_address>
         <run_address>0x872d4</run_address>
         <size>0x7</size>
         <input_file_ref idref="fl-51"/>
      </object_component>
      <object_component id="oc-d0">
         <name>.text:decompress:ZI</name>
         <load_address>0x872db</load_address>
         <run_address>0x872db</run_address>
         <size>0x6</size>
         <input_file_ref idref="fl-45"/>
      </object_component>
      <object_component id="oc-2db">
         <name>.text</name>
         <load_address>0x872e1</load_address>
         <run_address>0x872e1</run_address>
         <size>0x5</size>
         <input_file_ref idref="fl-54"/>
      </object_component>
      <object_component id="oc-616">
         <name>.text:Fapi_serviceWatchdogTimer</name>
         <load_address>0x872e6</load_address>
         <run_address>0x872e6</run_address>
         <size>0x2</size>
         <input_file_ref idref="fl-2c"/>
      </object_component>
      <object_component id="oc-349">
         <name>.text:Interrupt_illegalOperationHandler</name>
         <load_address>0x872e8</load_address>
         <run_address>0x872e8</run_address>
         <size>0x2</size>
         <input_file_ref idref="fl-1f"/>
      </object_component>
      <object_component id="oc-343">
         <name>.text:Interrupt_nmiHandler</name>
         <load_address>0x872ea</load_address>
         <run_address>0x872ea</run_address>
         <size>0x2</size>
         <input_file_ref idref="fl-1f"/>
      </object_component>
      <object_component id="oc-191">
         <name>.text</name>
         <load_address>0x872ec</load_address>
         <run_address>0x872ec</run_address>
         <size>0x2</size>
         <input_file_ref idref="fl-43"/>
      </object_component>
      <object_component id="oc-99">
         <name>codestart</name>
         <load_address>0x80000</load_address>
         <run_address>0x80000</run_address>
         <size>0x2</size>
         <input_file_ref idref="fl-e"/>
      </object_component>
      <object_component id="oc-bc">
         <name>.stack</name>
         <uninitialized>true</uninitialized>
         <run_address>0x400</run_address>
         <size>0x0</size>
         <input_file_ref idref="fl-39"/>
      </object_component>
      <object_component id="oc-703">
         <name>.stack</name>
         <uninitialized>true</uninitialized>
         <run_address>0x400</run_address>
         <size>0x0</size>
      </object_component>
      <object_component id="oc-dc">
         <name>.bss</name>
         <uninitialized>true</uninitialized>
         <run_address>0xadde</run_address>
         <size>0x2</size>
         <input_file_ref idref="fl-2"/>
      </object_component>
      <object_component id="oc-28d">
         <name>.bss</name>
         <uninitialized>true</uninitialized>
         <run_address>0xa800</run_address>
         <size>0x458</size>
         <input_file_ref idref="fl-3"/>
      </object_component>
      <object_component id="oc-302">
         <name>.bss:g_cTmpBuf</name>
         <uninitialized>true</uninitialized>
         <run_address>0xad98</run_address>
         <size>0x28</size>
         <input_file_ref idref="fl-3"/>
      </object_component>
      <object_component id="oc-296">
         <name>.bss:g_cCmdBuf</name>
         <uninitialized>true</uninitialized>
         <run_address>0xad58</run_address>
         <size>0x40</size>
         <input_file_ref idref="fl-3"/>
      </object_component>
      <object_component id="oc-3a4">
         <name>.bss:g_ppcArgv</name>
         <uninitialized>true</uninitialized>
         <run_address>0xadc0</run_address>
         <size>0x12</size>
         <input_file_ref idref="fl-9"/>
      </object_component>
      <object_component id="oc-496">
         <name>.bss</name>
         <uninitialized>true</uninitialized>
         <run_address>0xade5</run_address>
         <size>0x1</size>
         <input_file_ref idref="fl-c"/>
      </object_component>
      <object_component id="oc-489">
         <name>.bss:CRCTable</name>
         <uninitialized>true</uninitialized>
         <run_address>0xac58</run_address>
         <size>0x100</size>
         <input_file_ref idref="fl-c"/>
      </object_component>
      <object_component id="oc-39d">
         <name>.bss</name>
         <uninitialized>true</uninitialized>
         <run_address>0xade4</run_address>
         <size>0x1</size>
         <input_file_ref idref="fl-10"/>
      </object_component>
      <object_component id="oc-39a">
         <name>.bss:FatFs</name>
         <uninitialized>true</uninitialized>
         <run_address>0xade0</run_address>
         <size>0x2</size>
         <input_file_ref idref="fl-10"/>
      </object_component>
      <object_component id="oc-541">
         <name>.bss</name>
         <uninitialized>true</uninitialized>
         <run_address>0xadd2</run_address>
         <size>0xc</size>
         <input_file_ref idref="fl-29"/>
      </object_component>
      <object_component id="oc-430">
         <name>.bss</name>
         <uninitialized>true</uninitialized>
         <run_address>0xade2</run_address>
         <size>0x2</size>
         <input_file_ref idref="fl-50"/>
      </object_component>
      <object_component id="oc-29f">
         <name>.data:g_cCwdBuf</name>
         <load_address>0xae5e</load_address>
         <run_address>0xae5e</run_address>
         <size>0x28</size>
         <input_file_ref idref="fl-3"/>
      </object_component>
      <object_component id="oc-2a2">
         <name>.data:g_psCmdTable</name>
         <load_address>0xade6</load_address>
         <run_address>0xade6</run_address>
         <size>0x78</size>
         <input_file_ref idref="fl-3"/>
      </object_component>
      <object_component id="oc-493">
         <name>.data</name>
         <load_address>0xae96</load_address>
         <run_address>0xae96</run_address>
         <size>0x2</size>
         <input_file_ref idref="fl-c"/>
      </object_component>
      <object_component id="oc-383">
         <name>.data</name>
         <load_address>0xae98</load_address>
         <run_address>0xae98</run_address>
         <size>0x2</size>
         <input_file_ref idref="fl-d"/>
      </object_component>
      <object_component id="oc-1b1">
         <name>.data</name>
         <load_address>0xae86</load_address>
         <run_address>0xae86</run_address>
         <size>0x6</size>
         <input_file_ref idref="fl-f"/>
      </object_component>
      <object_component id="oc-204">
         <name>.data</name>
         <load_address>0xae8c</load_address>
         <run_address>0xae8c</run_address>
         <size>0x6</size>
         <input_file_ref idref="fl-48"/>
      </object_component>
      <object_component id="oc-207">
         <name>.data:_lock</name>
         <load_address>0xae92</load_address>
         <run_address>0xae92</run_address>
         <size>0x2</size>
         <input_file_ref idref="fl-49"/>
      </object_component>
      <object_component id="oc-433">
         <name>.data:_unlock</name>
         <load_address>0xae94</load_address>
         <run_address>0xae94</run_address>
         <size>0x2</size>
         <input_file_ref idref="fl-49"/>
      </object_component>
      <object_component id="oc-436">
         <name>.data</name>
         <load_address>0xae9b</load_address>
         <run_address>0xae9b</run_address>
         <size>0x1</size>
         <input_file_ref idref="fl-50"/>
      </object_component>
      <object_component id="oc-501">
         <name>.data</name>
         <load_address>0xae9a</load_address>
         <run_address>0xae9a</run_address>
         <size>0x1</size>
         <input_file_ref idref="fl-66"/>
      </object_component>
      <object_component id="oc-bd">
         <name>.sysmem</name>
         <uninitialized>true</uninitialized>
         <run_address>0xf000</run_address>
         <size>0x4</size>
         <input_file_ref idref="fl-50"/>
      </object_component>
      <object_component id="oc-704">
         <name>.sysmem</name>
         <uninitialized>true</uninitialized>
         <run_address>0xf000</run_address>
         <size>0x0</size>
      </object_component>
      <object_component id="oc-286">
         <name>.const:.string</name>
         <load_address>0x90000</load_address>
         <run_address>0x90000</run_address>
         <size>0x6ab</size>
         <input_file_ref idref="fl-3"/>
      </object_component>
      <object_component id="oc-3d3">
         <name>.const:.string:_ctypes_</name>
         <load_address>0x906ab</load_address>
         <run_address>0x906ab</run_address>
         <size>0x101</size>
         <input_file_ref idref="fl-4d"/>
      </object_component>
      <object_component id="oc-212">
         <name>.const:.string</name>
         <load_address>0x907ac</load_address>
         <run_address>0x907ac</run_address>
         <size>0xf0</size>
         <input_file_ref idref="fl-1d"/>
      </object_component>
      <object_component id="oc-144">
         <name>.const:.string</name>
         <load_address>0x9089c</load_address>
         <run_address>0x9089c</run_address>
         <size>0xef</size>
         <input_file_ref idref="fl-1c"/>
      </object_component>
      <object_component id="oc-455">
         <name>.const:.string</name>
         <load_address>0x9098c</load_address>
         <run_address>0x9098c</run_address>
         <size>0xef</size>
         <input_file_ref idref="fl-1e"/>
      </object_component>
      <object_component id="oc-460">
         <name>.const:.string</name>
         <load_address>0x90a7c</load_address>
         <run_address>0x90a7c</run_address>
         <size>0xec</size>
         <input_file_ref idref="fl-21"/>
      </object_component>
      <object_component id="oc-130">
         <name>.const:.string</name>
         <load_address>0x90b68</load_address>
         <run_address>0x90b68</run_address>
         <size>0x7b</size>
         <input_file_ref idref="fl-1b"/>
      </object_component>
      <object_component id="oc-339">
         <name>.const:.string</name>
         <load_address>0x90be4</load_address>
         <run_address>0x90be4</run_address>
         <size>0x79</size>
         <input_file_ref idref="fl-20"/>
      </object_component>
      <object_component id="oc-47c">
         <name>.const:.string</name>
         <load_address>0x90c5e</load_address>
         <run_address>0x90c5e</run_address>
         <size>0x76</size>
         <input_file_ref idref="fl-22"/>
      </object_component>
      <object_component id="oc-3b9">
         <name>.const:rounders</name>
         <load_address>0x90cd4</load_address>
         <run_address>0x90cd4</run_address>
         <size>0x2c</size>
         <input_file_ref idref="fl-b"/>
      </object_component>
      <object_component id="oc-4a9">
         <name>.const:.string</name>
         <load_address>0x90d00</load_address>
         <run_address>0x90d00</run_address>
         <size>0x26</size>
         <input_file_ref idref="fl-57"/>
      </object_component>
      <object_component id="oc-3ce">
         <name>.const:.string</name>
         <load_address>0x90d26</load_address>
         <run_address>0x90d26</run_address>
         <size>0x25</size>
         <input_file_ref idref="fl-4e"/>
      </object_component>
      <object_component id="oc-4b9">
         <name>.const</name>
         <load_address>0x90d4c</load_address>
         <run_address>0x90d4c</run_address>
         <size>0x1c</size>
         <input_file_ref idref="fl-57"/>
      </object_component>
      <object_component id="oc-f3">
         <name>.const</name>
         <load_address>0x90d68</load_address>
         <run_address>0x90d68</run_address>
         <size>0xe</size>
         <input_file_ref idref="fl-8"/>
      </object_component>
      <object_component id="oc-399">
         <name>.const:.string</name>
         <load_address>0x90d76</load_address>
         <run_address>0x90d76</run_address>
         <size>0xa</size>
         <input_file_ref idref="fl-10"/>
      </object_component>
      <object_component id="oc-5b6">
         <name>.const</name>
         <load_address>0x90d80</load_address>
         <run_address>0x90d80</run_address>
         <size>0x1c</size>
         <input_file_ref idref="fl-68"/>
      </object_component>
      <object_component id="oc-382">
         <name>.const:.string</name>
         <load_address>0x90d9c</load_address>
         <run_address>0x90d9c</run_address>
         <size>0x1a</size>
         <input_file_ref idref="fl-d"/>
      </object_component>
      <object_component id="oc-2bf">
         <name>.const</name>
         <load_address>0x90db6</load_address>
         <run_address>0x90db6</run_address>
         <size>0x8</size>
         <input_file_ref idref="fl-3"/>
      </object_component>
      <object_component id="oc-386">
         <name>.const</name>
         <load_address>0x90dbe</load_address>
         <run_address>0x90dbe</run_address>
         <size>0x2</size>
         <input_file_ref idref="fl-d"/>
      </object_component>
      <object_component id="oc-5b1">
         <name>.const</name>
         <load_address>0x90dc0</load_address>
         <run_address>0x90dc0</run_address>
         <size>0x8</size>
         <input_file_ref idref="fl-67"/>
      </object_component>
      <object_component id="oc-2fc">
         <name>.TI.ramfunc</name>
         <load_address>0x90dc8</load_address>
         <run_address>0x8000</run_address>
         <size>0xd0</size>
         <input_file_ref idref="fl-a"/>
      </object_component>
      <object_component id="oc-1ab">
         <name>.TI.ramfunc:Flash_initModule</name>
         <load_address>0x90e98</load_address>
         <run_address>0x80d0</run_address>
         <size>0x43</size>
         <input_file_ref idref="fl-1d"/>
      </object_component>
      <object_component id="oc-3e8">
         <name>.TI.ramfunc</name>
         <load_address>0x90edb</load_address>
         <run_address>0x8113</run_address>
         <size>0x37</size>
         <input_file_ref idref="fl-6"/>
      </object_component>
      <object_component id="oc-21f">
         <name>.TI.ramfunc:Flash_setBankPowerMode</name>
         <load_address>0x90f12</load_address>
         <run_address>0x814a</run_address>
         <size>0x2d</size>
         <input_file_ref idref="fl-1d"/>
      </object_component>
      <object_component id="oc-237">
         <name>.TI.ramfunc:Flash_setWaitstates</name>
         <load_address>0x90f3f</load_address>
         <run_address>0x8177</run_address>
         <size>0x26</size>
         <input_file_ref idref="fl-1d"/>
      </object_component>
      <object_component id="oc-225">
         <name>.TI.ramfunc:Flash_setPumpPowerMode</name>
         <load_address>0x90f65</load_address>
         <run_address>0x819d</run_address>
         <size>0x1e</size>
         <input_file_ref idref="fl-1d"/>
      </object_component>
      <object_component id="oc-22b">
         <name>.TI.ramfunc:Flash_disableCache</name>
         <load_address>0x90f83</load_address>
         <run_address>0x81bb</run_address>
         <size>0x1a</size>
         <input_file_ref idref="fl-1d"/>
      </object_component>
      <object_component id="oc-231">
         <name>.TI.ramfunc:Flash_disablePrefetch</name>
         <load_address>0x90f9d</load_address>
         <run_address>0x81d5</run_address>
         <size>0x1a</size>
         <input_file_ref idref="fl-1d"/>
      </object_component>
      <object_component id="oc-23d">
         <name>.TI.ramfunc:Flash_enableCache</name>
         <load_address>0x90fb7</load_address>
         <run_address>0x81ef</run_address>
         <size>0x19</size>
         <input_file_ref idref="fl-1d"/>
      </object_component>
      <object_component id="oc-243">
         <name>.TI.ramfunc:Flash_enablePrefetch</name>
         <load_address>0x90fd0</load_address>
         <run_address>0x8208</run_address>
         <size>0x19</size>
         <input_file_ref idref="fl-1d"/>
      </object_component>
      <object_component id="oc-249">
         <name>.TI.ramfunc:Flash_enableECC</name>
         <load_address>0x90fe9</load_address>
         <run_address>0x8221</run_address>
         <size>0x17</size>
         <input_file_ref idref="fl-1d"/>
      </object_component>
      <object_component id="oc-48c">
         <name>.TI.ramfunc</name>
         <load_address>0x91000</load_address>
         <run_address>0x8238</run_address>
         <size>0x4</size>
         <input_file_ref idref="fl-23"/>
      </object_component>
      <object_component id="oc-2ea">
         <name>RFFTdata1_test</name>
         <uninitialized>true</uninitialized>
         <run_address>0x13000</run_address>
         <size>0x400</size>
         <input_file_ref idref="fl-3"/>
      </object_component>
      <object_component id="oc-2e7">
         <name>RFFTdata1</name>
         <uninitialized>true</uninitialized>
         <run_address>0x14000</run_address>
         <size>0x400</size>
         <input_file_ref idref="fl-3"/>
      </object_component>
      <object_component id="oc-2f9">
         <name>PUTBUFFER</name>
         <uninitialized>true</uninitialized>
         <run_address>0x3f800</run_address>
         <size>0x18</size>
         <input_file_ref idref="fl-3"/>
      </object_component>
      <object_component id="oc-2b1">
         <name>GETBUFFER</name>
         <uninitialized>true</uninitialized>
         <run_address>0x3fc00</run_address>
         <size>0x260</size>
         <input_file_ref idref="fl-3"/>
      </object_component>
      <object_component id="oc-534">
         <name>ClkCfgRegsFile</name>
         <uninitialized>true</uninitialized>
         <run_address>0x5d200</run_address>
         <size>0x32</size>
         <input_file_ref idref="fl-5"/>
      </object_component>
      <object_component id="oc-537">
         <name>CpuTimer2RegsFile</name>
         <uninitialized>true</uninitialized>
         <run_address>0xc10</run_address>
         <size>0x8</size>
         <input_file_ref idref="fl-5"/>
      </object_component>
      <object_component id="oc-490">
         <name>CpuSysRegsFile</name>
         <uninitialized>true</uninitialized>
         <run_address>0x5d300</run_address>
         <size>0x82</size>
         <input_file_ref idref="fl-5"/>
      </object_component>
      <object_component id="oc-424">
         <name>DcsmCommonRegsFile</name>
         <uninitialized>true</uninitialized>
         <run_address>0x5f070</run_address>
         <size>0x6</size>
         <input_file_ref idref="fl-5"/>
      </object_component>
      <object_component id="oc-53a">
         <name>DcsmZ1RegsFile</name>
         <uninitialized>true</uninitialized>
         <run_address>0x5f000</run_address>
         <size>0x22</size>
         <input_file_ref idref="fl-5"/>
      </object_component>
      <object_component id="oc-53d">
         <name>DcsmZ2RegsFile</name>
         <uninitialized>true</uninitialized>
         <run_address>0x5f040</run_address>
         <size>0x22</size>
         <input_file_ref idref="fl-5"/>
      </object_component>
      <object_component id="oc-529">
         <name>Flash0CtrlRegsFile</name>
         <uninitialized>true</uninitialized>
         <run_address>0x5f800</run_address>
         <size>0x182</size>
         <input_file_ref idref="fl-5"/>
      </object_component>
      <object_component id="oc-52c">
         <name>Flash0EccRegsFile</name>
         <uninitialized>true</uninitialized>
         <run_address>0x5fb00</run_address>
         <size>0x28</size>
         <input_file_ref idref="fl-5"/>
      </object_component>
      <object_component id="oc-427">
         <name>FlashPumpSemaphoreRegsFile</name>
         <uninitialized>true</uninitialized>
         <run_address>0x50024</run_address>
         <size>0x2</size>
         <input_file_ref idref="fl-5"/>
      </object_component>
      <object_component id="oc-48d">
         <name>SpiaRegsFile</name>
         <uninitialized>true</uninitialized>
         <run_address>0x6100</run_address>
         <size>0x10</size>
         <input_file_ref idref="fl-5"/>
      </object_component>
      <object_component id="oc-531">
         <name>WdRegsFile</name>
         <uninitialized>true</uninitialized>
         <run_address>0x7000</run_address>
         <size>0x2b</size>
         <input_file_ref idref="fl-5"/>
      </object_component>
      <object_component id="oc-f1">
         <name>.debug_types</name>
         <load_address>0x0</load_address>
         <run_address>0x0</run_address>
         <size>0x4f1</size>
         <input_file_ref idref="fl-2"/>
      </object_component>
      <object_component id="oc-312">
         <name>.debug_types</name>
         <load_address>0x4f1</load_address>
         <run_address>0x4f1</run_address>
         <size>0x14fd</size>
         <input_file_ref idref="fl-3"/>
      </object_component>
      <object_component id="oc-381">
         <name>.debug_types</name>
         <load_address>0x19ee</load_address>
         <run_address>0x19ee</run_address>
         <size>0x46a</size>
         <input_file_ref idref="fl-4"/>
      </object_component>
      <object_component id="oc-578">
         <name>.debug_types</name>
         <load_address>0x1e58</load_address>
         <run_address>0x1e58</run_address>
         <size>0x388d9</size>
         <input_file_ref idref="fl-5"/>
      </object_component>
      <object_component id="oc-530">
         <name>.debug_types</name>
         <load_address>0x3a731</load_address>
         <run_address>0x3a731</run_address>
         <size>0x2f</size>
         <input_file_ref idref="fl-6"/>
      </object_component>
      <object_component id="oc-fd">
         <name>.debug_types</name>
         <load_address>0x3a760</load_address>
         <run_address>0x3a760</run_address>
         <size>0x60b</size>
         <input_file_ref idref="fl-8"/>
      </object_component>
      <object_component id="oc-3a8">
         <name>.debug_types</name>
         <load_address>0x3ad6b</load_address>
         <run_address>0x3ad6b</run_address>
         <size>0xd8</size>
         <input_file_ref idref="fl-9"/>
      </object_component>
      <object_component id="oc-42b">
         <name>.debug_types</name>
         <load_address>0x3ae43</load_address>
         <run_address>0x3ae43</run_address>
         <size>0xcc57</size>
         <input_file_ref idref="fl-a"/>
      </object_component>
      <object_component id="oc-3c7">
         <name>.debug_types</name>
         <load_address>0x47a9a</load_address>
         <run_address>0x47a9a</run_address>
         <size>0x61</size>
         <input_file_ref idref="fl-b"/>
      </object_component>
      <object_component id="oc-49a">
         <name>.debug_types</name>
         <load_address>0x47afb</load_address>
         <run_address>0x47afb</run_address>
         <size>0x32f</size>
         <input_file_ref idref="fl-c"/>
      </object_component>
      <object_component id="oc-38a">
         <name>.debug_types</name>
         <load_address>0x47e2a</load_address>
         <run_address>0x47e2a</run_address>
         <size>0x139</size>
         <input_file_ref idref="fl-d"/>
      </object_component>
      <object_component id="oc-1b5">
         <name>.debug_types</name>
         <load_address>0x47f63</load_address>
         <run_address>0x47f63</run_address>
         <size>0x8cd</size>
         <input_file_ref idref="fl-f"/>
      </object_component>
      <object_component id="oc-3a1">
         <name>.debug_types</name>
         <load_address>0x48830</load_address>
         <run_address>0x48830</run_address>
         <size>0x146</size>
         <input_file_ref idref="fl-10"/>
      </object_component>
      <object_component id="oc-138">
         <name>.debug_types</name>
         <load_address>0x0</load_address>
         <run_address>0x0</run_address>
         <size>0x0</size>
         <input_file_ref idref="fl-1b"/>
      </object_component>
      <object_component id="oc-182">
         <name>.debug_types</name>
         <load_address>0x48976</load_address>
         <run_address>0x48976</run_address>
         <size>0x6f2</size>
         <input_file_ref idref="fl-1c"/>
      </object_component>
      <object_component id="oc-250">
         <name>.debug_types</name>
         <load_address>0x49068</load_address>
         <run_address>0x49068</run_address>
         <size>0x136</size>
         <input_file_ref idref="fl-1d"/>
      </object_component>
      <object_component id="oc-44e">
         <name>.debug_types</name>
         <load_address>0x4919e</load_address>
         <run_address>0x4919e</run_address>
         <size>0x2c4</size>
         <input_file_ref idref="fl-1e"/>
      </object_component>
      <object_component id="oc-128">
         <name>.debug_types</name>
         <load_address>0x0</load_address>
         <run_address>0x0</run_address>
         <size>0x0</size>
         <input_file_ref idref="fl-1f"/>
      </object_component>
      <object_component id="oc-33b">
         <name>.debug_types</name>
         <load_address>0x49462</load_address>
         <run_address>0x49462</run_address>
         <size>0x18f</size>
         <input_file_ref idref="fl-20"/>
      </object_component>
      <object_component id="oc-468">
         <name>.debug_types</name>
         <load_address>0x495f1</load_address>
         <run_address>0x495f1</run_address>
         <size>0x3fa</size>
         <input_file_ref idref="fl-21"/>
      </object_component>
      <object_component id="oc-47e">
         <name>.debug_types</name>
         <load_address>0x0</load_address>
         <run_address>0x0</run_address>
         <size>0x0</size>
         <input_file_ref idref="fl-22"/>
      </object_component>
      <object_component id="oc-55b">
         <name>.debug_types</name>
         <load_address>0x499eb</load_address>
         <run_address>0x499eb</run_address>
         <size>0x1cdb</size>
         <input_file_ref idref="fl-24"/>
      </object_component>
      <object_component id="oc-56a">
         <name>.debug_types</name>
         <load_address>0x4b6c6</load_address>
         <run_address>0x4b6c6</run_address>
         <size>0xb6</size>
         <input_file_ref idref="fl-25"/>
      </object_component>
      <object_component id="oc-60f">
         <name>.debug_types</name>
         <load_address>0x4b77c</load_address>
         <run_address>0x4b77c</run_address>
         <size>0x10b</size>
         <input_file_ref idref="fl-26"/>
      </object_component>
      <object_component id="oc-575">
         <name>.debug_types</name>
         <load_address>0x0</load_address>
         <run_address>0x0</run_address>
         <size>0x0</size>
         <input_file_ref idref="fl-27"/>
      </object_component>
      <object_component id="oc-54d">
         <name>.debug_types</name>
         <load_address>0x0</load_address>
         <run_address>0x0</run_address>
         <size>0x0</size>
         <input_file_ref idref="fl-28"/>
      </object_component>
      <object_component id="oc-545">
         <name>.debug_types</name>
         <load_address>0x0</load_address>
[...]
         <name>f_mount</name>
         <value>0x8279d</value>
         <object_component_ref idref="oc-290"/>
      </symbol>
      <symbol id="sm-606">
         <name>f_readdir</name>
         <value>0x82d11</value>
         <object_component_ref idref="oc-290"/>
      </symbol>
      <symbol id="sm-620">
         <name>CPUTimer_setEmulationMode</name>
         <value>0x87151</value>
         <object_component_ref idref="oc-ea"/>
      </symbol>
      <symbol id="sm-6a7">
         <name>EPWM_configureSignal</name>
         <value>0x8582d</value>
         <object_component_ref idref="oc-f6"/>
      </symbol>
      <symbol id="sm-721">
         <name>Flash_initModule</name>
         <value>0x80d0</value>
         <object_component_ref idref="oc-1ab"/>
      </symbol>
      <symbol id="sm-763">
         <name>GPIO_setQualificationMode</name>
         <value>0x86a23</value>
         <object_component_ref idref="oc-368"/>
      </symbol>
      <symbol id="sm-764">
         <name>GPIO_setPadConfig</name>
         <value>0x86740</value>
         <object_component_ref idref="oc-35c"/>
      </symbol>
      <symbol id="sm-765">
         <name>GPIO_setDirectionMode</name>
         <value>0x86b96</value>
         <object_component_ref idref="oc-356"/>
      </symbol>
      <symbol id="sm-766">
         <name>GPIO_setPinConfig</name>
         <value>0x86a5b</value>
         <object_component_ref idref="oc-350"/>
      </symbol>
      <symbol id="sm-767">
         <name>GPIO_setMasterCore</name>
         <value>0x869eb</value>
         <object_component_ref idref="oc-362"/>
      </symbol>
      <symbol id="sm-7b9">
         <name>Interrupt_initModule</name>
         <value>0x869ae</value>
         <object_component_ref idref="oc-274"/>
      </symbol>
      <symbol id="sm-7ba">
         <name>Interrupt_enable</name>
         <value>0x86afd</value>
         <object_component_ref idref="oc-df"/>
      </symbol>
      <symbol id="sm-7bb">
         <name>Interrupt_initVectorTable</name>
         <value>0x86f3f</value>
         <object_component_ref idref="oc-27a"/>
      </symbol>
      <symbol id="sm-7cd">
         <name>MemCfg_setGSRAMMasterSel</name>
         <value>0x86dff</value>
         <object_component_ref idref="oc-26e"/>
      </symbol>
      <symbol id="sm-811">
         <name>SCI_clearInterruptStatus</name>
         <value>0x86822</value>
         <object_component_ref idref="oc-36e"/>
      </symbol>
      <symbol id="sm-812">
         <name>SCI_setConfig</name>
         <value>0x86970</value>
         <object_component_ref idref="oc-374"/>
      </symbol>
      <symbol id="sm-831">
         <name>SPI_setConfig</name>
         <value>0x8668a</value>
         <object_component_ref idref="oc-37a"/>
      </symbol>
      <symbol id="sm-834">
         <name>SysCtl_delay</name>
         <value>0x8238</value>
         <object_component_ref idref="oc-48c"/>
      </symbol>
      <symbol id="sm-843">
         <name>Fapi_issueAsyncCommandWithAddress</name>
         <value>0x86efd</value>
         <object_component_ref idref="oc-400"/>
      </symbol>
      <symbol id="sm-851">
         <name>Fapi_doBlankCheck</name>
         <value>0x86ac9</value>
         <object_component_ref idref="oc-40c"/>
      </symbol>
      <symbol id="sm-87e">
         <name>Fapi_flushPipeline</name>
         <value>0x87177</value>
         <object_component_ref idref="oc-55d"/>
      </symbol>
      <symbol id="sm-87f">
         <name>_Fapi_loopRegionForValue</name>
         <value>0x86593</value>
         <object_component_ref idref="oc-563"/>
      </symbol>
      <symbol id="sm-880">
         <name>_Fapi_checkRegionForValue</name>
         <value>0x86512</value>
         <object_component_ref idref="oc-56e"/>
      </symbol>
      <symbol id="sm-88d">
         <name>Fapi_doVerify</name>
         <value>0x871df</value>
         <object_component_ref idref="oc-41e"/>
      </symbol>
      <symbol id="sm-8da">
         <name>_Fapi_issueFsmCommand</name>
         <value>0x86868</value>
         <object_component_ref idref="oc-54e"/>
      </symbol>
      <symbol id="sm-8db">
         <name>Fapi_setActiveFlashBank</name>
         <value>0x86d5d</value>
         <object_component_ref idref="oc-3fa"/>
      </symbol>
      <symbol id="sm-8dc">
         <name>Fapi_isAddressEcc</name>
         <value>0x86edb</value>
         <object_component_ref idref="oc-610"/>
      </symbol>
      <symbol id="sm-8dd">
         <name>Fapi_checkFsmForReady</name>
         <value>0x8726f</value>
         <object_component_ref idref="oc-406"/>
      </symbol>
      <symbol id="sm-8de">
         <name>_Fapi_setupSectorsForWrite</name>
         <value>0x86e26</value>
         <object_component_ref idref="oc-554"/>
      </symbol>
      <symbol id="sm-8df">
         <name>Fapi_getFsmStatus</name>
         <value>0x872cd</value>
         <object_component_ref idref="oc-418"/>
      </symbol>
      <symbol id="sm-8f1">
         <name>Fapi_initializeAPI</name>
         <value>0x868f0</value>
         <object_component_ref idref="oc-3f4"/>
      </symbol>
      <symbol id="sm-8f2">
         <name>Fapi_GlobalInit</name>
         <value>0xadd2</value>
         <object_component_ref idref="oc-541"/>
      </symbol>
      <symbol id="sm-91a">
         <name>Fapi_calculateFletcherChecksum</name>
         <value>0x86c88</value>
         <object_component_ref idref="oc-647"/>
      </symbol>
      <symbol id="sm-91b">
         <name>_Fapi_scaleCycleValues</name>
         <value>0x87232</value>
         <object_component_ref idref="oc-5f3"/>
      </symbol>
      <symbol id="sm-91c">
         <name>_Fapi_calculateOtpChecksum</name>
         <value>0x8727a</value>
         <object_component_ref idref="oc-5ed"/>
      </symbol>
      <symbol id="sm-91d">
         <name>_Fapi_divideUnsignedLong</name>
         <value>0x86cdf</value>
         <object_component_ref idref="oc-5e7"/>
      </symbol>
      <symbol id="sm-945">
         <name>Fapi_issueProgrammingCommand</name>
         <value>0x85bee</value>
         <object_component_ref idref="oc-412"/>
      </symbol>
      <symbol id="sm-960">
         <name>Fapi_setupEepromSectorEnable</name>
         <value>0x86613</value>
         <object_component_ref idref="oc-5fe"/>
      </symbol>
      <symbol id="sm-961">
         <name>Fapi_setupBankSectorEnable</name>
         <value>0x86c59</value>
         <object_component_ref idref="oc-604"/>
      </symbol>
      <symbol id="sm-962">
         <name>Fapi_serviceWatchdogTimer</name>
         <value>0x872e6</value>
         <object_component_ref idref="oc-616"/>
      </symbol>
      <symbol id="sm-971">
         <name>sprintf</name>
         <value>0x86b64</value>
         <object_component_ref idref="oc-2a5"/>
      </symbol>
      <symbol id="sm-97b">
         <name>_c_int00</name>
         <value>0x870e7</value>
         <object_component_ref idref="oc-113"/>
      </symbol>
      <symbol id="sm-97c">
         <name>__stack</name>
         <value>0x400</value>
         <object_component_ref idref="oc-bc"/>
      </symbol>
      <symbol id="sm-993">
         <name>__c28xabi_addd</name>
         <value>0x86246</value>
         <object_component_ref idref="oc-3bc"/>
      </symbol>
      <symbol id="sm-9a1">
         <name>__c28xabi_mpyd</name>
         <value>0x8648f</value>
         <object_component_ref idref="oc-2c0"/>
      </symbol>
      <symbol id="sm-9ae">
         <name>__c28xabi_divf</name>
         <value>0x86407</value>
         <object_component_ref idref="oc-e5"/>
      </symbol>
      <symbol id="sm-9b8">
         <name>__c28xabi_cmpll</name>
         <value>0x86fbc</value>
         <object_component_ref idref="oc-4aa"/>
      </symbol>
      <symbol id="sm-9b9">
         <name>__c28xabi_cmpull</name>
         <value>0x86fce</value>
         <object_component_ref idref="oc-4aa"/>
      </symbol>
      <symbol id="sm-9c1">
         <name>__c28xabi_divul</name>
         <value>0x86d50</value>
         <object_component_ref idref="oc-3c1"/>
      </symbol>
      <symbol id="sm-9c2">
         <name>__c28xabi_modul</name>
         <value>0x86d57</value>
         <object_component_ref idref="oc-3c1"/>
      </symbol>
      <symbol id="sm-9c3">
         <name>__c28xabi_modl</name>
         <value>0x86d42</value>
         <object_component_ref idref="oc-3c1"/>
      </symbol>
      <symbol id="sm-9c4">
         <name>__c28xabi_divl</name>
         <value>0x86d33</value>
         <object_component_ref idref="oc-3c1"/>
      </symbol>
      <symbol id="sm-9d0">
         <name>__c28xabi_ftod</name>
         <value>0x87031</value>
         <object_component_ref idref="oc-2ba"/>
      </symbol>
      <symbol id="sm-9dc">
         <name>__c28xabi_dtof</name>
         <value>0x86eb8</value>
         <object_component_ref idref="oc-2ca"/>
      </symbol>
      <symbol id="sm-9ef">
         <name>__c28xabi_divd</name>
         <value>0x8637c</value>
         <object_component_ref idref="oc-2c5"/>
      </symbol>
      <symbol id="sm-a01">
         <name>memcpy</name>
         <value>0x87014</value>
         <object_component_ref idref="oc-c2"/>
      </symbol>
      <symbol id="sm-a0e">
         <name>_system_pre_init</name>
         <value>0x872ec</value>
         <object_component_ref idref="oc-191"/>
      </symbol>
      <symbol id="sm-a1d">
         <name>__TI_auto_init_nobinit_nopinit</name>
         <value>0x86cb4</value>
         <object_component_ref idref="oc-1cc"/>
      </symbol>
      <symbol id="sm-a2a">
         <name>__TI_zero_init</name>
         <value>0x872db</value>
         <object_component_ref idref="oc-d0"/>
      </symbol>
      <symbol id="sm-a37">
         <name>__TI_decompress_none</name>
         <value>0x872bd</value>
         <object_component_ref idref="oc-92"/>
      </symbol>
      <symbol id="sm-a4b">
         <name>__TI_decompress_lzss</name>
         <value>0x86bc7</value>
         <object_component_ref idref="oc-8c"/>
      </symbol>
      <symbol id="sm-a61">
         <name>C$$EXIT</name>
         <value>0x86d86</value>
         <object_component_ref idref="oc-19e"/>
      </symbol>
      <symbol id="sm-a62">
         <name>abort</name>
         <value>0x86d86</value>
         <object_component_ref idref="oc-19e"/>
      </symbol>
      <symbol id="sm-a63">
         <name>exit</name>
         <value>0x86d88</value>
         <object_component_ref idref="oc-19e"/>
      </symbol>
      <symbol id="sm-a64">
         <name>__TI_dtors_ptr</name>
         <value>0xae90</value>
         <object_component_ref idref="oc-204"/>
      </symbol>
      <symbol id="sm-a65">
         <name>__TI_cleanup_ptr</name>
         <value>0xae8e</value>
         <object_component_ref idref="oc-204"/>
      </symbol>
      <symbol id="sm-a66">
         <name>__TI_enable_exit_profile_output</name>
         <value>0xae8c</value>
         <object_component_ref idref="oc-204"/>
      </symbol>
      <symbol id="sm-a7d">
         <name>_nop</name>
         <value>0x872a2</value>
         <object_component_ref idref="oc-318"/>
      </symbol>
      <symbol id="sm-a7e">
         <name>_lock</name>
         <value>0xae92</value>
         <object_component_ref idref="oc-207"/>
      </symbol>
      <symbol id="sm-a7f">
         <name>_unlock</name>
         <value>0xae94</value>
         <object_component_ref idref="oc-433"/>
      </symbol>
      <symbol id="sm-a80">
         <name>_register_lock</name>
         <value>0x8729e</value>
         <object_component_ref idref="oc-318"/>
      </symbol>
      <symbol id="sm-a81">
         <name>_register_unlock</name>
         <value>0x8729a</value>
         <object_component_ref idref="oc-318"/>
      </symbol>
      <symbol id="sm-a90">
         <name>_args_main</name>
         <value>0x87257</value>
         <object_component_ref idref="oc-198"/>
      </symbol>
      <symbol id="sm-aa5">
         <name>atoi</name>
         <value>0x86bf8</value>
         <object_component_ref idref="oc-2e1"/>
      </symbol>
      <symbol id="sm-aba">
         <name>atol</name>
         <value>0x86a92</value>
         <object_component_ref idref="oc-2f3"/>
      </symbol>
      <symbol id="sm-ac5">
         <name>_ctypes_</name>
         <value>0x906ab</value>
         <object_component_ref idref="oc-3d3"/>
      </symbol>
      <symbol id="sm-ad6">
         <name>ltoa</name>
         <value>0x86dd7</value>
         <object_component_ref idref="oc-2d5"/>
      </symbol>
      <symbol id="sm-ae5">
         <name>memcmp</name>
         <value>0x8718a</value>
         <object_component_ref idref="oc-393"/>
      </symbol>
      <symbol id="sm-b4c">
         <name>_sys_memory</name>
         <value>0xf000</value>
         <object_component_ref idref="oc-bd"/>
      </symbol>
      <symbol id="sm-b4d">
         <name>free</name>
         <value>0x85156</value>
         <object_component_ref idref="oc-30b"/>
      </symbol>
      <symbol id="sm-b4e">
         <name>__TI_heap_total_available</name>
         <value>0x85383</value>
         <object_component_ref idref="oc-30b"/>
      </symbol>
      <symbol id="sm-b4f">
         <name>__TI_heap_largest_available</name>
         <value>0x853a2</value>
         <object_component_ref idref="oc-30b"/>
      </symbol>
      <symbol id="sm-b50">
         <name>realloc</name>
         <value>0x85220</value>
         <object_component_ref idref="oc-30b"/>
      </symbol>
      <symbol id="sm-b51">
         <name>memalign</name>
         <value>0x852d5</value>
         <object_component_ref idref="oc-30b"/>
      </symbol>
      <symbol id="sm-b52">
         <name>calloc</name>
         <value>0x852a8</value>
         <object_component_ref idref="oc-30b"/>
      </symbol>
      <symbol id="sm-b53">
         <name>malloc</name>
         <value>0x8512b</value>
         <object_component_ref idref="oc-30b"/>
      </symbol>
      <symbol id="sm-b54">
         <name>__TI_heap_check</name>
         <value>0x853c1</value>
         <object_component_ref idref="oc-30b"/>
      </symbol>
      <symbol id="sm-b55">
         <name>aligned_alloc</name>
         <value>0x852d5</value>
         <object_component_ref idref="oc-30b"/>
      </symbol>
      <symbol id="sm-b56">
         <name>minit</name>
         <value>0x852a4</value>
         <object_component_ref idref="oc-30b"/>
      </symbol>
      <symbol id="sm-b65">
         <name>memset</name>
         <value>0x872d4</value>
         <object_component_ref idref="oc-10c"/>
      </symbol>
      <symbol id="sm-b75">
         <name>strcat</name>
         <value>0x872ac</value>
         <object_component_ref idref="oc-2cf"/>
      </symbol>
      <symbol id="sm-b84">
         <name>strcmp</name>
         <value>0x87290</value>
         <object_component_ref idref="oc-2ed"/>
      </symbol>
      <symbol id="sm-b92">
         <name>strcpy</name>
         <value>0x872e1</value>
         <object_component_ref idref="oc-2db"/>
      </symbol>
      <symbol id="sm-ba0">
         <name>strlen</name>
         <value>0x872c5</value>
         <object_component_ref idref="oc-2ab"/>
      </symbol>
      <symbol id="sm-bb1">
         <name>strncpy</name>
         <value>0x87128</value>
         <object_component_ref idref="oc-305"/>
      </symbol>
      <symbol id="sm-d12">
         <name>__TI_printfi</name>
         <value>0x83be6</value>
         <object_component_ref idref="oc-3ad"/>
      </symbol>
      <symbol id="sm-d1e">
         <name>__c28xabi_cmpd</name>
         <value>0x86d09</value>
         <object_component_ref idref="oc-4ba"/>
      </symbol>
      <symbol id="sm-d27">
         <name>__c28xabi_negd</name>
         <value>0x872a3</value>
         <object_component_ref idref="oc-4bf"/>
      </symbol>
      <symbol id="sm-d2f">
         <name>__c28xabi_subd</name>
         <value>0x8720a</value>
         <object_component_ref idref="oc-4d4"/>
      </symbol>
      <symbol id="sm-d3a">
         <name>__c28xabi_dtoi</name>
         <value>0x86f1e</value>
         <object_component_ref idref="oc-4d9"/>
      </symbol>
      <symbol id="sm-d45">
         <name>__c28xabi_dtol</name>
         <value>0x86f9d</value>
         <object_component_ref idref="oc-4c4"/>
      </symbol>
      <symbol id="sm-d4d">
         <name>__c28xabi_orll</name>
         <value>0x870d7</value>
         <object_component_ref idref="oc-4b4"/>
      </symbol>
      <symbol id="sm-d4e">
         <name>__c28xabi_xorll</name>
         <value>0x870df</value>
         <object_component_ref idref="oc-4b4"/>
      </symbol>
      <symbol id="sm-d4f">
         <name>__c28xabi_andll</name>
         <value>0x870cf</value>
         <object_component_ref idref="oc-4b4"/>
      </symbol>
      <symbol id="sm-d76">
         <name>__c28xabi_modull</name>
         <value>0x8604d</value>
         <object_component_ref idref="oc-4af"/>
      </symbol>
      <symbol id="sm-d77">
         <name>__c28xabi_divull</name>
         <value>0x8601e</value>
         <object_component_ref idref="oc-4af"/>
      </symbol>
      <symbol id="sm-d78">
         <name>__c28xabi_divll</name>
         <value>0x85fa8</value>
         <object_component_ref idref="oc-4af"/>
      </symbol>
      <symbol id="sm-d79">
         <name>__c28xabi_modll</name>
         <value>0x85fe4</value>
         <object_component_ref idref="oc-4af"/>
      </symbol>
      <symbol id="sm-d85">
         <name>__c28xabi_itod</name>
         <value>0x86ff7</value>
         <object_component_ref idref="oc-4ea"/>
      </symbol>
      <symbol id="sm-d91">
         <name>__c28xabi_ltod</name>
         <value>0x8704d</value>
         <object_component_ref idref="oc-4cf"/>
      </symbol>
      <symbol id="sm-d9f">
         <name>_system_post_cinit</name>
         <value>0x83083</value>
         <object_component_ref idref="oc-259"/>
      </symbol>
      <symbol id="sm-dae">
         <name>__TI_ltoa</name>
         <value>0x86c29</value>
         <object_component_ref idref="oc-4c9"/>
      </symbol>
      <symbol id="sm-dbe">
         <name>memccpy</name>
         <value>0x871cf</value>
         <object_component_ref idref="oc-4f5"/>
      </symbol>
      <symbol id="sm-dce">
         <name>strchr</name>
         <value>0x87263</value>
         <object_component_ref idref="oc-4ef"/>
      </symbol>
      <symbol id="sm-dd9">
         <name>errno</name>
         <value>0xae9a</value>
         <object_component_ref idref="oc-501"/>
      </symbol>
      <symbol id="sm-df0">
         <name>frexpl</name>
         <value>0x866e6</value>
         <object_component_ref idref="oc-4de"/>
      </symbol>
      <symbol id="sm-df1">
         <name>frexp</name>
         <value>0x866e6</value>
         <object_component_ref idref="oc-4de"/>
      </symbol>
      <symbol id="sm-e13">
         <name>scalbn</name>
         <value>0x86198</value>
         <object_component_ref idref="oc-4e4"/>
      </symbol>
      <symbol id="sm-e14">
         <name>scalbnl</name>
         <value>0x86198</value>
         <object_component_ref idref="oc-4e4"/>
      </symbol>
      <symbol id="sm-e15">
         <name>ldexpl</name>
         <value>0x86198</value>
         <object_component_ref idref="oc-4e4"/>
      </symbol>
      <symbol id="sm-e16">
         <name>ldexp</name>
         <value>0x86198</value>
         <object_component_ref idref="oc-4e4"/>
      </symbol>
      <symbol id="sm-e25">
         <name>wcslen</name>
         <value>0x87285</value>
         <object_component_ref idref="oc-4fb"/>
      </symbol>
      <symbol id="sm-e33">
         <name>copysign</name>
         <value>0x86e4b</value>
         <object_component_ref idref="oc-5b9"/>
      </symbol>
      <symbol id="sm-e34">
         <name>copysignl</name>
         <value>0x86e4b</value>
         <object_component_ref idref="oc-5b9"/>
      </symbol>
      <symbol id="sm-e36">
         <name>__c_args__</name>
         <value>0x0</value>
      </symbol>
   </symbol_table>
   <title>Link successful</title>
</link_info>
